2026-03-11 00:15:56,731 engagement.poller ERROR ENGAGEMENT_DISPATCH is not set to 'true'. Set ENGAGEMENT_DISPATCH=true in the launchd plist to enable polling.
2026-03-11 00:16:06,917 engagement.poller ERROR ENGAGEMENT_DISPATCH is not set to 'true'. Set ENGAGEMENT_DISPATCH=true in the launchd plist to enable polling.
2026-03-11 00:16:17,101 engagement.poller ERROR ENGAGEMENT_DISPATCH is not set to 'true'. Set ENGAGEMENT_DISPATCH=true in the launchd plist to enable polling.
2026-03-11 00:16:27,327 engagement.poller ERROR ENGAGEMENT_DISPATCH is not set to 'true'. Set ENGAGEMENT_DISPATCH=true in the launchd plist to enable polling.
2026-03-11 00:16:37,554 engagement.poller ERROR ENGAGEMENT_DISPATCH is not set to 'true'. Set ENGAGEMENT_DISPATCH=true in the launchd plist to enable polling.
2026-03-11 00:16:47,752 engagement.poller ERROR ENGAGEMENT_DISPATCH is not set to 'true'. Set ENGAGEMENT_DISPATCH=true in the launchd plist to enable polling.
2026-03-11 00:16:58,149 engagement.poller ERROR ENGAGEMENT_DISPATCH is not set to 'true'. Set ENGAGEMENT_DISPATCH=true in the launchd plist to enable polling.
2026-03-11 00:17:08,334 engagement.poller ERROR ENGAGEMENT_DISPATCH is not set to 'true'. Set ENGAGEMENT_DISPATCH=true in the launchd plist to enable polling.
2026-03-11 00:17:18,578 engagement.poller ERROR ENGAGEMENT_DISPATCH is not set to 'true'. Set ENGAGEMENT_DISPATCH=true in the launchd plist to enable polling.
2026-03-11 00:17:28,782 engagement.poller ERROR ENGAGEMENT_DISPATCH is not set to 'true'. Set ENGAGEMENT_DISPATCH=true in the launchd plist to enable polling.
Traceback (most recent call last):
  File "/Users/anarchistsid/GenLab/genlab-core/scripts/run_engagement_poller.py", line 149, in <module>
    main()
    ~~~~^^
  File "/Users/anarchistsid/GenLab/genlab-core/scripts/run_engagement_poller.py", line 133, in main
    _check_gate()
    ^^^^^^^^^^^
NameError: name '_check_gate' is not defined
Traceback (most recent call last):
  File "/Users/anarchistsid/GenLab/genlab-core/scripts/run_engagement_poller.py", line 164, in <module>
    main()
    ~~~~^^
  File "/Users/anarchistsid/GenLab/genlab-core/scripts/run_engagement_poller.py", line 148, in main
    _check_gate()
    ^^^^^^^^^^^
NameError: name '_check_gate' is not defined
2026-03-11 00:17:59,419 engagement.poller INFO Engagement poller starting — mode=OBSERVE niche=ai_news platform=twitter
2026-03-11 00:17:59,425 engagement.poller INFO Starting X/Twitter poller for niche=ai_news user=632788275 interval=900s
2026-03-11 00:18:00,136 genlab_core.engagement.poller WARNING [POLLER] X/Twitter poll failed for ai_news: 401 Unauthorized
Unauthorized
2026-03-11 00:21:57,020 engagement.poller INFO Engagement poller starting — mode=OBSERVE niche=ai_news platform=twitter
2026-03-11 00:21:57,026 engagement.poller INFO Starting X/Twitter poller for niche=ai_news user=632788275 interval=900s
2026-03-11 00:21:57,689 genlab_core.engagement.poller WARNING [POLLER] X/Twitter poll failed for ai_news: 401 Unauthorized
Unauthorized
2026-03-11 00:36:58,184 genlab_core.engagement.poller WARNING [POLLER] X/Twitter poll failed for ai_news: 401 Unauthorized
Unauthorized
2026-03-11 00:51:58,904 genlab_core.engagement.poller WARNING [POLLER] X/Twitter poll failed for ai_news: 401 Unauthorized
Unauthorized
2026-03-11 01:06:59,436 genlab_core.engagement.poller WARNING [POLLER] X/Twitter poll failed for ai_news: 401 Unauthorized
Unauthorized
2026-03-11 01:22:00,089 genlab_core.engagement.poller WARNING [POLLER] X/Twitter poll failed for ai_news: 401 Unauthorized
Unauthorized
2026-03-11 01:37:00,722 genlab_core.engagement.poller WARNING [POLLER] X/Twitter poll failed for ai_news: 401 Unauthorized
Unauthorized
2026-03-11 01:52:01,378 genlab_core.engagement.poller WARNING [POLLER] X/Twitter poll failed for ai_news: 401 Unauthorized
Unauthorized
2026-03-11 02:07:01,826 genlab_core.engagement.poller WARNING [POLLER] X/Twitter poll failed for ai_news: 401 Unauthorized
Unauthorized
2026-03-11 02:22:02,404 genlab_core.engagement.poller WARNING [POLLER] X/Twitter poll failed for ai_news: 401 Unauthorized
Unauthorized
2026-03-11 02:37:03,066 genlab_core.engagement.poller WARNING [POLLER] X/Twitter poll failed for ai_news: 401 Unauthorized
Unauthorized
2026-03-11 02:52:03,539 genlab_core.engagement.poller WARNING [POLLER] X/Twitter poll failed for ai_news: 401 Unauthorized
Unauthorized
2026-03-11 03:07:04,048 genlab_core.engagement.poller WARNING [POLLER] X/Twitter poll failed for ai_news: 401 Unauthorized
Unauthorized
2026-03-11 03:22:04,561 genlab_core.engagement.poller WARNING [POLLER] X/Twitter poll failed for ai_news: 401 Unauthorized
Unauthorized
2026-03-11 03:37:05,025 genlab_core.engagement.poller WARNING [POLLER] X/Twitter poll failed for ai_news: 401 Unauthorized
Unauthorized
2026-03-11 03:52:05,541 genlab_core.engagement.poller WARNING [POLLER] X/Twitter poll failed for ai_news: 401 Unauthorized
Unauthorized
2026-03-11 04:07:06,103 genlab_core.engagement.poller WARNING [POLLER] X/Twitter poll failed for ai_news: 401 Unauthorized
Unauthorized
2026-03-11 04:22:06,567 genlab_core.engagement.poller WARNING [POLLER] X/Twitter poll failed for ai_news: 401 Unauthorized
Unauthorized
2026-03-11 04:37:07,050 genlab_core.engagement.poller WARNING [POLLER] X/Twitter poll failed for ai_news: 401 Unauthorized
Unauthorized
2026-03-11 06:42:51,313 genlab_core.engagement.poller WARNING [POLLER] X/Twitter poll failed for ai_news: 401 Unauthorized
Unauthorized
2026-03-11 06:57:52,198 genlab_core.engagement.poller WARNING [POLLER] X/Twitter poll failed for ai_news: 401 Unauthorized
Unauthorized
2026-03-11 07:12:52,866 genlab_core.engagement.poller WARNING [POLLER] X/Twitter poll failed for ai_news: 401 Unauthorized
Unauthorized
2026-03-11 07:27:53,461 genlab_core.engagement.poller WARNING [POLLER] X/Twitter poll failed for ai_news: 401 Unauthorized
Unauthorized
2026-03-11 07:42:54,043 genlab_core.engagement.poller WARNING [POLLER] X/Twitter poll failed for ai_news: 401 Unauthorized
Unauthorized
2026-03-11 07:57:54,634 genlab_core.engagement.poller WARNING [POLLER] X/Twitter poll failed for ai_news: 401 Unauthorized
Unauthorized
2026-03-11 08:12:55,139 genlab_core.engagement.poller WARNING [POLLER] X/Twitter poll failed for ai_news: 401 Unauthorized
Unauthorized
2026-03-11 08:27:55,541 genlab_core.engagement.poller WARNING [POLLER] X/Twitter poll failed for ai_news: 401 Unauthorized
Unauthorized
2026-03-11 08:42:55,974 genlab_core.engagement.poller WARNING [POLLER] X/Twitter poll failed for ai_news: 401 Unauthorized
Unauthorized
2026-03-11 08:57:56,341 genlab_core.engagement.poller WARNING [POLLER] X/Twitter poll failed for ai_news: 401 Unauthorized
Unauthorized
2026-03-11 09:12:56,822 genlab_core.engagement.poller WARNING [POLLER] X/Twitter poll failed for ai_news: 401 Unauthorized
Unauthorized
2026-03-11 09:27:57,327 genlab_core.engagement.poller WARNING [POLLER] X/Twitter poll failed for ai_news: 401 Unauthorized
Unauthorized
2026-03-11 09:42:57,873 genlab_core.engagement.poller WARNING [POLLER] X/Twitter poll failed for ai_news: 401 Unauthorized
Unauthorized
2026-03-11 09:57:58,282 genlab_core.engagement.poller WARNING [POLLER] X/Twitter poll failed for ai_news: 401 Unauthorized
Unauthorized
2026-03-11 10:12:58,781 genlab_core.engagement.poller WARNING [POLLER] X/Twitter poll failed for ai_news: 401 Unauthorized
Unauthorized
2026-03-11 10:27:59,226 genlab_core.engagement.poller WARNING [POLLER] X/Twitter poll failed for ai_news: 401 Unauthorized
Unauthorized
2026-03-11 10:42:59,638 genlab_core.engagement.poller WARNING [POLLER] X/Twitter poll failed for ai_news: 401 Unauthorized
Unauthorized
2026-03-11 10:58:00,109 genlab_core.engagement.poller WARNING [POLLER] X/Twitter poll failed for ai_news: 401 Unauthorized
Unauthorized
2026-03-11 11:13:00,639 genlab_core.engagement.poller WARNING [POLLER] X/Twitter poll failed for ai_news: 401 Unauthorized
Unauthorized
2026-03-11 11:28:01,239 genlab_core.engagement.poller WARNING [POLLER] X/Twitter poll failed for ai_news: 401 Unauthorized
Unauthorized
2026-03-11 11:43:01,831 genlab_core.engagement.poller WARNING [POLLER] X/Twitter poll failed for ai_news: 401 Unauthorized
Unauthorized
2026-03-11 11:58:02,371 genlab_core.engagement.poller WARNING [POLLER] X/Twitter poll failed for ai_news: 401 Unauthorized
Unauthorized
2026-03-11 12:13:02,898 genlab_core.engagement.poller WARNING [POLLER] X/Twitter poll failed for ai_news: 401 Unauthorized
Unauthorized
2026-03-11 12:28:03,717 genlab_core.engagement.poller WARNING [POLLER] X/Twitter poll failed for ai_news: 401 Unauthorized
Unauthorized
2026-03-11 12:43:04,359 genlab_core.engagement.poller WARNING [POLLER] X/Twitter poll failed for ai_news: 401 Unauthorized
Unauthorized
2026-03-11 12:58:05,117 genlab_core.engagement.poller WARNING [POLLER] X/Twitter poll failed for ai_news: 401 Unauthorized
Unauthorized
2026-03-11 13:13:05,705 genlab_core.engagement.poller WARNING [POLLER] X/Twitter poll failed for ai_news: 401 Unauthorized
Unauthorized
2026-03-11 13:28:06,335 genlab_core.engagement.poller WARNING [POLLER] X/Twitter poll failed for ai_news: 401 Unauthorized
Unauthorized
2026-03-11 13:43:06,828 genlab_core.engagement.poller WARNING [POLLER] X/Twitter poll failed for ai_news: 401 Unauthorized
Unauthorized
2026-03-11 13:58:07,578 genlab_core.engagement.poller WARNING [POLLER] X/Twitter poll failed for ai_news: 401 Unauthorized
Unauthorized
2026-03-11 14:13:08,171 genlab_core.engagement.poller WARNING [POLLER] X/Twitter poll failed for ai_news: 401 Unauthorized
Unauthorized
2026-03-11 14:28:08,626 genlab_core.engagement.poller WARNING [POLLER] X/Twitter poll failed for ai_news: 401 Unauthorized
Unauthorized
2026-03-11 14:43:09,021 genlab_core.engagement.poller WARNING [POLLER] X/Twitter poll failed for ai_news: 401 Unauthorized
Unauthorized
2026-03-11 14:58:09,544 genlab_core.engagement.poller WARNING [POLLER] X/Twitter poll failed for ai_news: 401 Unauthorized
Unauthorized
2026-03-11 15:13:10,400 genlab_core.engagement.poller WARNING [POLLER] X/Twitter poll failed for ai_news: 401 Unauthorized
Unauthorized
2026-03-11 15:28:10,926 genlab_core.engagement.poller WARNING [POLLER] X/Twitter poll failed for ai_news: 401 Unauthorized
Unauthorized
2026-03-11 15:43:11,537 genlab_core.engagement.poller WARNING [POLLER] X/Twitter poll failed for ai_news: 401 Unauthorized
Unauthorized
2026-03-11 15:58:12,296 genlab_core.engagement.poller WARNING [POLLER] X/Twitter poll failed for ai_news: 401 Unauthorized
Unauthorized
2026-03-11 16:13:12,711 genlab_core.engagement.poller WARNING [POLLER] X/Twitter poll failed for ai_news: 401 Unauthorized
Unauthorized
2026-03-11 16:28:13,137 genlab_core.engagement.poller WARNING [POLLER] X/Twitter poll failed for ai_news: 401 Unauthorized
Unauthorized
2026-03-11 16:43:13,917 genlab_core.engagement.poller WARNING [POLLER] X/Twitter poll failed for ai_news: 401 Unauthorized
Unauthorized
2026-03-11 16:58:14,395 genlab_core.engagement.poller WARNING [POLLER] X/Twitter poll failed for ai_news: 401 Unauthorized
Unauthorized
2026-03-11 17:13:14,796 genlab_core.engagement.poller WARNING [POLLER] X/Twitter poll failed for ai_news: 401 Unauthorized
Unauthorized
2026-03-11 17:28:15,308 genlab_core.engagement.poller WARNING [POLLER] X/Twitter poll failed for ai_news: 401 Unauthorized
Unauthorized
2026-03-11 17:43:15,703 genlab_core.engagement.poller WARNING [POLLER] X/Twitter poll failed for ai_news: 401 Unauthorized
Unauthorized
2026-03-11 17:58:16,246 genlab_core.engagement.poller WARNING [POLLER] X/Twitter poll failed for ai_news: 401 Unauthorized
Unauthorized
2026-03-11 18:13:16,778 genlab_core.engagement.poller WARNING [POLLER] X/Twitter poll failed for ai_news: 401 Unauthorized
Unauthorized
2026-03-11 18:28:17,348 genlab_core.engagement.poller WARNING [POLLER] X/Twitter poll failed for ai_news: 401 Unauthorized
Unauthorized
2026-03-11 18:43:17,811 genlab_core.engagement.poller WARNING [POLLER] X/Twitter poll failed for ai_news: 401 Unauthorized
Unauthorized
2026-03-11 18:58:18,344 genlab_core.engagement.poller WARNING [POLLER] X/Twitter poll failed for ai_news: 401 Unauthorized
Unauthorized
2026-03-11 19:13:18,872 genlab_core.engagement.poller WARNING [POLLER] X/Twitter poll failed for ai_news: 401 Unauthorized
Unauthorized
2026-03-11 19:28:19,333 genlab_core.engagement.poller WARNING [POLLER] X/Twitter poll failed for ai_news: 401 Unauthorized
Unauthorized
2026-03-11 19:43:19,849 genlab_core.engagement.poller WARNING [POLLER] X/Twitter poll failed for ai_news: 401 Unauthorized
Unauthorized
2026-03-11 19:58:20,341 genlab_core.engagement.poller WARNING [POLLER] X/Twitter poll failed for ai_news: 401 Unauthorized
Unauthorized
2026-03-11 20:13:21,256 genlab_core.engagement.poller WARNING [POLLER] X/Twitter poll failed for ai_news: 401 Unauthorized
Unauthorized
2026-03-11 20:28:21,792 genlab_core.engagement.poller WARNING [POLLER] X/Twitter poll failed for ai_news: 401 Unauthorized
Unauthorized
2026-03-11 20:43:58,139 engagement.poller INFO Engagement poller starting — mode=OBSERVE niche=ai_news platform=twitter
2026-03-11 20:43:58,194 engagement.poller INFO Starting X/Twitter poller for niche=ai_news user=632788275 interval=900s
2026-03-11 20:43:59,989 genlab_core.engagement.poller WARNING [POLLER] X/Twitter poll failed for ai_news: 401 Unauthorized
Unauthorized
2026-03-11 20:59:00,598 genlab_core.engagement.poller WARNING [POLLER] X/Twitter poll failed for ai_news: 401 Unauthorized
Unauthorized
2026-03-11 21:14:01,103 genlab_core.engagement.poller WARNING [POLLER] X/Twitter poll failed for ai_news: 401 Unauthorized
Unauthorized
2026-03-11 21:29:01,686 genlab_core.engagement.poller WARNING [POLLER] X/Twitter poll failed for ai_news: 401 Unauthorized
Unauthorized
2026-03-11 21:51:55,072 genlab_core.engagement.poller WARNING [POLLER] X/Twitter poll failed for ai_news: 401 Unauthorized
Unauthorized
2026-03-11 22:06:55,646 genlab_core.engagement.poller WARNING [POLLER] X/Twitter poll failed for ai_news: 401 Unauthorized
Unauthorized
2026-03-11 22:21:56,084 genlab_core.engagement.poller WARNING [POLLER] X/Twitter poll failed for ai_news: 401 Unauthorized
Unauthorized
2026-03-11 22:36:56,594 genlab_core.engagement.poller WARNING [POLLER] X/Twitter poll failed for ai_news: 401 Unauthorized
Unauthorized
2026-03-11 22:51:57,527 genlab_core.engagement.poller WARNING [POLLER] X/Twitter poll failed for ai_news: 401 Unauthorized
Unauthorized
2026-03-11 23:06:58,331 genlab_core.engagement.poller WARNING [POLLER] X/Twitter poll failed for ai_news: 401 Unauthorized
Unauthorized
2026-03-11 23:21:58,775 genlab_core.engagement.poller WARNING [POLLER] X/Twitter poll failed for ai_news: 401 Unauthorized
Unauthorized
2026-03-11 23:36:59,299 genlab_core.engagement.poller WARNING [POLLER] X/Twitter poll failed for ai_news: 401 Unauthorized
Unauthorized
2026-03-11 23:51:59,708 genlab_core.engagement.poller WARNING [POLLER] X/Twitter poll failed for ai_news: 401 Unauthorized
Unauthorized
2026-03-12 00:07:00,510 genlab_core.engagement.poller WARNING [POLLER] X/Twitter poll failed for ai_news: 401 Unauthorized
Unauthorized
2026-03-12 00:22:01,245 genlab_core.engagement.poller WARNING [POLLER] X/Twitter poll failed for ai_news: 401 Unauthorized
Unauthorized
2026-03-12 00:37:01,927 genlab_core.engagement.poller WARNING [POLLER] X/Twitter poll failed for ai_news: 401 Unauthorized
Unauthorized
2026-03-12 00:52:02,335 genlab_core.engagement.poller WARNING [POLLER] X/Twitter poll failed for ai_news: 401 Unauthorized
Unauthorized
2026-03-12 01:07:02,853 genlab_core.engagement.poller WARNING [POLLER] X/Twitter poll failed for ai_news: 401 Unauthorized
Unauthorized
2026-03-12 01:22:03,324 genlab_core.engagement.poller WARNING [POLLER] X/Twitter poll failed for ai_news: 401 Unauthorized
Unauthorized
2026-03-12 01:37:04,041 genlab_core.engagement.poller WARNING [POLLER] X/Twitter poll failed for ai_news: 401 Unauthorized
Unauthorized
2026-03-12 01:52:04,592 genlab_core.engagement.poller WARNING [POLLER] X/Twitter poll failed for ai_news: 401 Unauthorized
Unauthorized
2026-03-12 02:07:05,104 genlab_core.engagement.poller WARNING [POLLER] X/Twitter poll failed for ai_news: 401 Unauthorized
Unauthorized
2026-03-12 02:22:05,611 genlab_core.engagement.poller WARNING [POLLER] X/Twitter poll failed for ai_news: 401 Unauthorized
Unauthorized
2026-03-12 02:37:06,081 genlab_core.engagement.poller WARNING [POLLER] X/Twitter poll failed for ai_news: 401 Unauthorized
Unauthorized
2026-03-12 02:52:06,459 genlab_core.engagement.poller WARNING [POLLER] X/Twitter poll failed for ai_news: 401 Unauthorized
Unauthorized
2026-03-12 03:07:06,895 genlab_core.engagement.poller WARNING [POLLER] X/Twitter poll failed for ai_news: 401 Unauthorized
Unauthorized
2026-03-12 03:22:07,429 genlab_core.engagement.poller WARNING [POLLER] X/Twitter poll failed for ai_news: 401 Unauthorized
Unauthorized
2026-03-12 03:37:08,031 genlab_core.engagement.poller WARNING [POLLER] X/Twitter poll failed for ai_news: 401 Unauthorized
Unauthorized
2026-03-12 03:52:08,559 genlab_core.engagement.poller WARNING [POLLER] X/Twitter poll failed for ai_news: 401 Unauthorized
Unauthorized
2026-03-12 04:07:09,076 genlab_core.engagement.poller WARNING [POLLER] X/Twitter poll failed for ai_news: 401 Unauthorized
Unauthorized
2026-03-12 04:22:09,559 genlab_core.engagement.poller WARNING [POLLER] X/Twitter poll failed for ai_news: 401 Unauthorized
Unauthorized
2026-03-12 04:37:10,209 genlab_core.engagement.poller WARNING [POLLER] X/Twitter poll failed for ai_news: 401 Unauthorized
Unauthorized
2026-03-12 04:52:10,557 genlab_core.engagement.poller WARNING [POLLER] X/Twitter poll failed for ai_news: 401 Unauthorized
Unauthorized
2026-03-12 05:07:11,109 genlab_core.engagement.poller WARNING [POLLER] X/Twitter poll failed for ai_news: 401 Unauthorized
Unauthorized
2026-03-12 05:22:13,795 genlab_core.engagement.poller WARNING [POLLER] X/Twitter poll failed for ai_news: 401 Unauthorized
Unauthorized
2026-03-12 05:37:14,131 genlab_core.engagement.poller WARNING [POLLER] X/Twitter poll failed for ai_news: 401 Unauthorized
Unauthorized
2026-03-12 05:52:14,505 genlab_core.engagement.poller WARNING [POLLER] X/Twitter poll failed for ai_news: 401 Unauthorized
Unauthorized
2026-03-12 06:07:14,890 genlab_core.engagement.poller WARNING [POLLER] X/Twitter poll failed for ai_news: 401 Unauthorized
Unauthorized
2026-03-12 06:39:01,068 genlab_core.engagement.poller WARNING [POLLER] X/Twitter poll failed for ai_news: 401 Unauthorized
Unauthorized
2026-03-12 09:25:51,677 genlab_core.engagement.poller WARNING [POLLER] X/Twitter poll failed for ai_news: 401 Unauthorized
Unauthorized
2026-03-12 10:31:39,097 genlab_core.engagement.poller WARNING [POLLER] X/Twitter poll failed for ai_news: 401 Unauthorized
Unauthorized
2026-03-12 10:46:39,540 genlab_core.engagement.poller WARNING [POLLER] X/Twitter poll failed for ai_news: 401 Unauthorized
Unauthorized
2026-03-12 11:01:39,933 genlab_core.engagement.poller WARNING [POLLER] X/Twitter poll failed for ai_news: 401 Unauthorized
Unauthorized
2026-03-12 11:16:40,706 genlab_core.engagement.poller WARNING [POLLER] X/Twitter poll failed for ai_news: 401 Unauthorized
Unauthorized
2026-03-12 11:31:41,260 genlab_core.engagement.poller WARNING [POLLER] X/Twitter poll failed for ai_news: 401 Unauthorized
Unauthorized
2026-03-12 11:46:41,653 genlab_core.engagement.poller WARNING [POLLER] X/Twitter poll failed for ai_news: 401 Unauthorized
Unauthorized
2026-03-12 12:01:42,193 genlab_core.engagement.poller WARNING [POLLER] X/Twitter poll failed for ai_news: 401 Unauthorized
Unauthorized
2026-03-12 12:16:42,670 genlab_core.engagement.poller WARNING [POLLER] X/Twitter poll failed for ai_news: 401 Unauthorized
Unauthorized
2026-03-12 12:31:43,062 genlab_core.engagement.poller WARNING [POLLER] X/Twitter poll failed for ai_news: 401 Unauthorized
Unauthorized
2026-03-12 12:46:46,287 genlab_core.engagement.poller WARNING [POLLER] X/Twitter poll failed for ai_news: 401 Unauthorized
Unauthorized
2026-03-12 13:01:46,844 genlab_core.engagement.poller WARNING [POLLER] X/Twitter poll failed for ai_news: 401 Unauthorized
Unauthorized
2026-03-12 13:16:47,368 genlab_core.engagement.poller WARNING [POLLER] X/Twitter poll failed for ai_news: 401 Unauthorized
Unauthorized
2026-03-12 13:31:47,837 genlab_core.engagement.poller WARNING [POLLER] X/Twitter poll failed for ai_news: 401 Unauthorized
Unauthorized
2026-03-12 13:46:48,382 genlab_core.engagement.poller WARNING [POLLER] X/Twitter poll failed for ai_news: 401 Unauthorized
Unauthorized
2026-03-12 14:01:48,842 genlab_core.engagement.poller WARNING [POLLER] X/Twitter poll failed for ai_news: 401 Unauthorized
Unauthorized
2026-03-12 14:16:49,499 genlab_core.engagement.poller WARNING [POLLER] X/Twitter poll failed for ai_news: 401 Unauthorized
Unauthorized
2026-03-12 14:31:49,914 genlab_core.engagement.poller WARNING [POLLER] X/Twitter poll failed for ai_news: 401 Unauthorized
Unauthorized
2026-03-12 16:26:18,448 genlab_core.engagement.poller WARNING [POLLER] X/Twitter poll failed for ai_news: 401 Unauthorized
Unauthorized
2026-03-12 17:12:43,427 genlab_core.engagement.poller WARNING [POLLER] X/Twitter poll failed for ai_news: 401 Unauthorized
Unauthorized
2026-03-12 17:47:49,245 genlab_core.engagement.poller WARNING [POLLER] X/Twitter poll failed for ai_news: 401 Unauthorized
Unauthorized
2026-03-12 18:02:49,780 genlab_core.engagement.poller WARNING [POLLER] X/Twitter poll failed for ai_news: 401 Unauthorized
Unauthorized
2026-03-12 18:17:50,274 genlab_core.engagement.poller WARNING [POLLER] X/Twitter poll failed for ai_news: 401 Unauthorized
Unauthorized
2026-03-12 18:32:50,859 genlab_core.engagement.poller WARNING [POLLER] X/Twitter poll failed for ai_news: 401 Unauthorized
Unauthorized
2026-03-12 18:57:01,890 genlab_core.engagement.poller WARNING [POLLER] X/Twitter poll failed for ai_news: 401 Unauthorized
Unauthorized
2026-03-12 19:30:50,532 genlab_core.engagement.poller WARNING [POLLER] X/Twitter poll failed for ai_news: 401 Unauthorized
Unauthorized
2026-03-12 19:45:50,981 genlab_core.engagement.poller WARNING [POLLER] X/Twitter poll failed for ai_news: 401 Unauthorized
Unauthorized
2026-03-12 20:00:51,472 genlab_core.engagement.poller WARNING [POLLER] X/Twitter poll failed for ai_news: 401 Unauthorized
Unauthorized
2026-03-12 20:15:51,926 genlab_core.engagement.poller WARNING [POLLER] X/Twitter poll failed for ai_news: 401 Unauthorized
Unauthorized
2026-03-12 20:30:53,090 genlab_core.engagement.poller WARNING [POLLER] X/Twitter poll failed for ai_news: 401 Unauthorized
Unauthorized
2026-03-12 20:45:54,208 genlab_core.engagement.poller WARNING [POLLER] X/Twitter poll failed for ai_news: 401 Unauthorized
Unauthorized
2026-03-12 21:00:54,687 genlab_core.engagement.poller WARNING [POLLER] X/Twitter poll failed for ai_news: 401 Unauthorized
Unauthorized
2026-03-12 21:15:55,301 genlab_core.engagement.poller WARNING [POLLER] X/Twitter poll failed for ai_news: 401 Unauthorized
Unauthorized
2026-03-12 21:30:55,716 genlab_core.engagement.poller WARNING [POLLER] X/Twitter poll failed for ai_news: 401 Unauthorized
Unauthorized
2026-03-12 21:45:56,129 genlab_core.engagement.poller WARNING [POLLER] X/Twitter poll failed for ai_news: 401 Unauthorized
Unauthorized
2026-03-12 22:00:56,754 genlab_core.engagement.poller WARNING [POLLER] X/Twitter poll failed for ai_news: 401 Unauthorized
Unauthorized
2026-03-12 22:15:57,297 genlab_core.engagement.poller WARNING [POLLER] X/Twitter poll failed for ai_news: 401 Unauthorized
Unauthorized
2026-03-12 22:30:57,922 genlab_core.engagement.poller WARNING [POLLER] X/Twitter poll failed for ai_news: 401 Unauthorized
Unauthorized
2026-03-12 22:45:58,509 genlab_core.engagement.poller WARNING [POLLER] X/Twitter poll failed for ai_news: 401 Unauthorized
Unauthorized
2026-03-12 23:00:59,120 genlab_core.engagement.poller WARNING [POLLER] X/Twitter poll failed for ai_news: 401 Unauthorized
Unauthorized
2026-03-12 23:15:59,710 genlab_core.engagement.poller WARNING [POLLER] X/Twitter poll failed for ai_news: 401 Unauthorized
Unauthorized
2026-03-12 23:31:00,085 genlab_core.engagement.poller WARNING [POLLER] X/Twitter poll failed for ai_news: 401 Unauthorized
Unauthorized
2026-03-12 23:46:01,409 genlab_core.engagement.poller WARNING [POLLER] X/Twitter poll failed for ai_news: 401 Unauthorized
Unauthorized
2026-03-13 00:01:02,692 genlab_core.engagement.poller WARNING [POLLER] X/Twitter poll failed for ai_news: 401 Unauthorized
Unauthorized
2026-03-13 00:16:03,950 genlab_core.engagement.poller WARNING [POLLER] X/Twitter poll failed for ai_news: 401 Unauthorized
Unauthorized
2026-03-13 00:31:04,395 genlab_core.engagement.poller WARNING [POLLER] X/Twitter poll failed for ai_news: 401 Unauthorized
Unauthorized
2026-03-13 00:46:04,982 genlab_core.engagement.poller WARNING [POLLER] X/Twitter poll failed for ai_news: 401 Unauthorized
Unauthorized
2026-03-13 01:01:05,501 genlab_core.engagement.poller WARNING [POLLER] X/Twitter poll failed for ai_news: 401 Unauthorized
Unauthorized
2026-03-13 01:16:06,018 genlab_core.engagement.poller WARNING [POLLER] X/Twitter poll failed for ai_news: 401 Unauthorized
Unauthorized
2026-03-13 01:31:06,390 genlab_core.engagement.poller WARNING [POLLER] X/Twitter poll failed for ai_news: 401 Unauthorized
Unauthorized
2026-03-13 01:46:06,924 genlab_core.engagement.poller WARNING [POLLER] X/Twitter poll failed for ai_news: 401 Unauthorized
Unauthorized
2026-03-13 02:01:07,464 genlab_core.engagement.poller WARNING [POLLER] X/Twitter poll failed for ai_news: 401 Unauthorized
Unauthorized
2026-03-13 02:16:08,039 genlab_core.engagement.poller WARNING [POLLER] X/Twitter poll failed for ai_news: 401 Unauthorized
Unauthorized
2026-03-13 02:31:08,570 genlab_core.engagement.poller WARNING [POLLER] X/Twitter poll failed for ai_news: 401 Unauthorized
Unauthorized
2026-03-13 02:46:09,158 genlab_core.engagement.poller WARNING [POLLER] X/Twitter poll failed for ai_news: 401 Unauthorized
Unauthorized
2026-03-13 03:01:09,735 genlab_core.engagement.poller WARNING [POLLER] X/Twitter poll failed for ai_news: 401 Unauthorized
Unauthorized
2026-03-13 03:16:10,288 genlab_core.engagement.poller WARNING [POLLER] X/Twitter poll failed for ai_news: 401 Unauthorized
Unauthorized
2026-03-13 03:31:10,671 genlab_core.engagement.poller WARNING [POLLER] X/Twitter poll failed for ai_news: 401 Unauthorized
Unauthorized
2026-03-13 03:46:11,195 genlab_core.engagement.poller WARNING [POLLER] X/Twitter poll failed for ai_news: 401 Unauthorized
Unauthorized
2026-03-13 04:01:11,759 genlab_core.engagement.poller WARNING [POLLER] X/Twitter poll failed for ai_news: 401 Unauthorized
Unauthorized
2026-03-13 04:16:12,199 genlab_core.engagement.poller WARNING [POLLER] X/Twitter poll failed for ai_news: 401 Unauthorized
Unauthorized
2026-03-13 04:31:12,794 genlab_core.engagement.poller WARNING [POLLER] X/Twitter poll failed for ai_news: 401 Unauthorized
Unauthorized
2026-03-13 04:46:13,324 genlab_core.engagement.poller WARNING [POLLER] X/Twitter poll failed for ai_news: 401 Unauthorized
Unauthorized
2026-03-13 05:01:13,847 genlab_core.engagement.poller WARNING [POLLER] X/Twitter poll failed for ai_news: 401 Unauthorized
Unauthorized
2026-03-13 05:16:14,594 genlab_core.engagement.poller WARNING [POLLER] X/Twitter poll failed for ai_news: 401 Unauthorized
Unauthorized
2026-03-13 05:31:15,014 genlab_core.engagement.poller WARNING [POLLER] X/Twitter poll failed for ai_news: 401 Unauthorized
Unauthorized
2026-03-13 05:46:15,396 genlab_core.engagement.poller WARNING [POLLER] X/Twitter poll failed for ai_news: 401 Unauthorized
Unauthorized
2026-03-13 06:01:15,760 genlab_core.engagement.poller WARNING [POLLER] X/Twitter poll failed for ai_news: 401 Unauthorized
Unauthorized
2026-03-13 06:16:16,252 genlab_core.engagement.poller WARNING [POLLER] X/Twitter poll failed for ai_news: 401 Unauthorized
Unauthorized
2026-03-13 06:31:16,858 genlab_core.engagement.poller WARNING [POLLER] X/Twitter poll failed for ai_news: 401 Unauthorized
Unauthorized
2026-03-13 06:46:17,339 genlab_core.engagement.poller WARNING [POLLER] X/Twitter poll failed for ai_news: 401 Unauthorized
Unauthorized
2026-03-13 07:01:17,792 genlab_core.engagement.poller WARNING [POLLER] X/Twitter poll failed for ai_news: 401 Unauthorized
Unauthorized
2026-03-13 07:16:18,385 genlab_core.engagement.poller WARNING [POLLER] X/Twitter poll failed for ai_news: 401 Unauthorized
Unauthorized
2026-03-13 07:31:18,782 genlab_core.engagement.poller WARNING [POLLER] X/Twitter poll failed for ai_news: 401 Unauthorized
Unauthorized
2026-03-13 07:54:24,814 genlab_core.engagement.poller WARNING [POLLER] X/Twitter poll failed for ai_news: 401 Unauthorized
Unauthorized
2026-03-13 12:00:05,757 genlab_core.engagement.poller WARNING [POLLER] X/Twitter poll failed for ai_news: 401 Unauthorized
Unauthorized
2026-03-13 12:15:06,129 genlab_core.engagement.poller WARNING [POLLER] X/Twitter poll failed for ai_news: 401 Unauthorized
Unauthorized
2026-03-13 12:30:06,706 genlab_core.engagement.poller WARNING [POLLER] X/Twitter poll failed for ai_news: 401 Unauthorized
Unauthorized
2026-03-13 12:45:07,118 genlab_core.engagement.poller WARNING [POLLER] X/Twitter poll failed for ai_news: 401 Unauthorized
Unauthorized
2026-03-13 13:00:07,551 genlab_core.engagement.poller WARNING [POLLER] X/Twitter poll failed for ai_news: 401 Unauthorized
Unauthorized
2026-03-13 13:15:08,344 genlab_core.engagement.poller WARNING [POLLER] X/Twitter poll failed for ai_news: 401 Unauthorized
Unauthorized
2026-03-13 13:30:08,746 genlab_core.engagement.poller WARNING [POLLER] X/Twitter poll failed for ai_news: 401 Unauthorized
Unauthorized
2026-03-13 13:45:09,129 genlab_core.engagement.poller WARNING [POLLER] X/Twitter poll failed for ai_news: 401 Unauthorized
Unauthorized
2026-03-13 14:00:09,563 genlab_core.engagement.poller WARNING [POLLER] X/Twitter poll failed for ai_news: 401 Unauthorized
Unauthorized
2026-03-13 14:15:10,042 genlab_core.engagement.poller WARNING [POLLER] X/Twitter poll failed for ai_news: 401 Unauthorized
Unauthorized
2026-03-13 14:30:10,536 genlab_core.engagement.poller WARNING [POLLER] X/Twitter poll failed for ai_news: 401 Unauthorized
Unauthorized
2026-03-13 14:45:11,042 genlab_core.engagement.poller WARNING [POLLER] X/Twitter poll failed for ai_news: 401 Unauthorized
Unauthorized
2026-03-13 15:00:11,465 genlab_core.engagement.poller WARNING [POLLER] X/Twitter poll failed for ai_news: 401 Unauthorized
Unauthorized
2026-03-13 15:15:12,062 genlab_core.engagement.poller WARNING [POLLER] X/Twitter poll failed for ai_news: 401 Unauthorized
Unauthorized
2026-03-13 15:30:12,486 genlab_core.engagement.poller WARNING [POLLER] X/Twitter poll failed for ai_news: 401 Unauthorized
Unauthorized
2026-03-13 15:45:12,841 genlab_core.engagement.poller WARNING [POLLER] X/Twitter poll failed for ai_news: 401 Unauthorized
Unauthorized
2026-03-13 16:00:13,363 genlab_core.engagement.poller WARNING [POLLER] X/Twitter poll failed for ai_news: 401 Unauthorized
Unauthorized
2026-03-13 16:15:13,789 genlab_core.engagement.poller WARNING [POLLER] X/Twitter poll failed for ai_news: 401 Unauthorized
Unauthorized
2026-03-13 16:30:14,150 genlab_core.engagement.poller WARNING [POLLER] X/Twitter poll failed for ai_news: 401 Unauthorized
Unauthorized
2026-03-13 16:45:14,536 genlab_core.engagement.poller WARNING [POLLER] X/Twitter poll failed for ai_news: 401 Unauthorized
Unauthorized
2026-03-13 17:00:15,133 genlab_core.engagement.poller WARNING [POLLER] X/Twitter poll failed for ai_news: 401 Unauthorized
Unauthorized
2026-03-13 17:15:15,526 genlab_core.engagement.poller WARNING [POLLER] X/Twitter poll failed for ai_news: 401 Unauthorized
Unauthorized
2026-03-13 17:30:16,046 genlab_core.engagement.poller WARNING [POLLER] X/Twitter poll failed for ai_news: 401 Unauthorized
Unauthorized
2026-03-13 17:45:16,442 genlab_core.engagement.poller WARNING [POLLER] X/Twitter poll failed for ai_news: 401 Unauthorized
Unauthorized
2026-03-13 18:00:16,853 genlab_core.engagement.poller WARNING [POLLER] X/Twitter poll failed for ai_news: 401 Unauthorized
Unauthorized
2026-03-13 18:15:17,298 genlab_core.engagement.poller WARNING [POLLER] X/Twitter poll failed for ai_news: 401 Unauthorized
Unauthorized
2026-03-13 18:30:17,846 genlab_core.engagement.poller WARNING [POLLER] X/Twitter poll failed for ai_news: 401 Unauthorized
Unauthorized
2026-03-13 18:45:18,387 genlab_core.engagement.poller WARNING [POLLER] X/Twitter poll failed for ai_news: 401 Unauthorized
Unauthorized
2026-03-13 19:00:18,907 genlab_core.engagement.poller WARNING [POLLER] X/Twitter poll failed for ai_news: 401 Unauthorized
Unauthorized
2026-03-13 19:15:20,079 genlab_core.engagement.poller WARNING [POLLER] X/Twitter poll failed for ai_news: 401 Unauthorized
Unauthorized
2026-03-13 19:30:21,297 genlab_core.engagement.poller WARNING [POLLER] X/Twitter poll failed for ai_news: 401 Unauthorized
Unauthorized
2026-03-13 19:45:22,497 genlab_core.engagement.poller WARNING [POLLER] X/Twitter poll failed for ai_news: 401 Unauthorized
Unauthorized
2026-03-13 20:00:22,974 genlab_core.engagement.poller WARNING [POLLER] X/Twitter poll failed for ai_news: 401 Unauthorized
Unauthorized
2026-03-13 20:15:23,344 genlab_core.engagement.poller WARNING [POLLER] X/Twitter poll failed for ai_news: 401 Unauthorized
Unauthorized
2026-03-13 20:30:23,766 genlab_core.engagement.poller WARNING [POLLER] X/Twitter poll failed for ai_news: 401 Unauthorized
Unauthorized
2026-03-13 20:45:24,205 genlab_core.engagement.poller WARNING [POLLER] X/Twitter poll failed for ai_news: 401 Unauthorized
Unauthorized
2026-03-13 21:00:24,591 genlab_core.engagement.poller WARNING [POLLER] X/Twitter poll failed for ai_news: 401 Unauthorized
Unauthorized
2026-03-13 21:15:25,005 genlab_core.engagement.poller WARNING [POLLER] X/Twitter poll failed for ai_news: 401 Unauthorized
Unauthorized
2026-03-13 21:30:25,543 genlab_core.engagement.poller WARNING [POLLER] X/Twitter poll failed for ai_news: 401 Unauthorized
Unauthorized
2026-03-13 21:45:26,105 genlab_core.engagement.poller WARNING [POLLER] X/Twitter poll failed for ai_news: 401 Unauthorized
Unauthorized
2026-03-13 22:00:26,845 genlab_core.engagement.poller WARNING [POLLER] X/Twitter poll failed for ai_news: 401 Unauthorized
Unauthorized
2026-03-13 22:15:27,278 genlab_core.engagement.poller WARNING [POLLER] X/Twitter poll failed for ai_news: 401 Unauthorized
Unauthorized
2026-03-13 22:30:27,820 genlab_core.engagement.poller WARNING [POLLER] X/Twitter poll failed for ai_news: 401 Unauthorized
Unauthorized
2026-03-13 22:45:28,332 genlab_core.engagement.poller WARNING [POLLER] X/Twitter poll failed for ai_news: 401 Unauthorized
Unauthorized
2026-03-13 23:00:28,847 genlab_core.engagement.poller WARNING [POLLER] X/Twitter poll failed for ai_news: 401 Unauthorized
Unauthorized
2026-03-13 23:15:29,310 genlab_core.engagement.poller WARNING [POLLER] X/Twitter poll failed for ai_news: 401 Unauthorized
Unauthorized
2026-03-13 23:30:29,794 genlab_core.engagement.poller WARNING [POLLER] X/Twitter poll failed for ai_news: 401 Unauthorized
Unauthorized
2026-03-13 23:45:30,283 genlab_core.engagement.poller WARNING [POLLER] X/Twitter poll failed for ai_news: 401 Unauthorized
Unauthorized
2026-03-14 00:00:30,809 genlab_core.engagement.poller WARNING [POLLER] X/Twitter poll failed for ai_news: 401 Unauthorized
Unauthorized
2026-03-14 00:15:31,266 genlab_core.engagement.poller WARNING [POLLER] X/Twitter poll failed for ai_news: 401 Unauthorized
Unauthorized
2026-03-14 00:30:31,726 genlab_core.engagement.poller WARNING [POLLER] X/Twitter poll failed for ai_news: 401 Unauthorized
Unauthorized
2026-03-14 00:45:32,207 genlab_core.engagement.poller WARNING [POLLER] X/Twitter poll failed for ai_news: 401 Unauthorized
Unauthorized
2026-03-14 01:00:32,745 genlab_core.engagement.poller WARNING [POLLER] X/Twitter poll failed for ai_news: 401 Unauthorized
Unauthorized
2026-03-14 01:15:33,285 genlab_core.engagement.poller WARNING [POLLER] X/Twitter poll failed for ai_news: 401 Unauthorized
Unauthorized
2026-03-14 01:30:51,430 genlab_core.engagement.poller WARNING [POLLER] X/Twitter poll failed for ai_news: HTTPSConnectionPool(host='api.twitter.com', port=443): Read timed out. (read timeout=None)
2026-03-14 01:45:51,797 genlab_core.engagement.poller WARNING [POLLER] X/Twitter poll failed for ai_news: 401 Unauthorized
Unauthorized
2026-03-14 02:00:52,196 genlab_core.engagement.poller WARNING [POLLER] X/Twitter poll failed for ai_news: 401 Unauthorized
Unauthorized
2026-03-14 02:15:52,706 genlab_core.engagement.poller WARNING [POLLER] X/Twitter poll failed for ai_news: 401 Unauthorized
Unauthorized
2026-03-14 02:30:53,101 genlab_core.engagement.poller WARNING [POLLER] X/Twitter poll failed for ai_news: 401 Unauthorized
Unauthorized
2026-03-14 02:45:53,444 genlab_core.engagement.poller WARNING [POLLER] X/Twitter poll failed for ai_news: 401 Unauthorized
Unauthorized
2026-03-14 03:00:53,924 genlab_core.engagement.poller WARNING [POLLER] X/Twitter poll failed for ai_news: 401 Unauthorized
Unauthorized
2026-03-14 03:15:54,277 genlab_core.engagement.poller WARNING [POLLER] X/Twitter poll failed for ai_news: 401 Unauthorized
Unauthorized
2026-03-14 03:30:54,617 genlab_core.engagement.poller WARNING [POLLER] X/Twitter poll failed for ai_news: 401 Unauthorized
Unauthorized
2026-03-14 03:45:55,041 genlab_core.engagement.poller WARNING [POLLER] X/Twitter poll failed for ai_news: 401 Unauthorized
Unauthorized
2026-03-14 04:00:55,555 genlab_core.engagement.poller WARNING [POLLER] X/Twitter poll failed for ai_news: 401 Unauthorized
Unauthorized
2026-03-14 04:15:55,875 genlab_core.engagement.poller WARNING [POLLER] X/Twitter poll failed for ai_news: 401 Unauthorized
Unauthorized
2026-03-14 04:30:56,231 genlab_core.engagement.poller WARNING [POLLER] X/Twitter poll failed for ai_news: 401 Unauthorized
Unauthorized
2026-03-14 04:45:56,653 genlab_core.engagement.poller WARNING [POLLER] X/Twitter poll failed for ai_news: 401 Unauthorized
Unauthorized
2026-03-14 05:00:57,209 genlab_core.engagement.poller WARNING [POLLER] X/Twitter poll failed for ai_news: 401 Unauthorized
Unauthorized
2026-03-14 05:15:57,634 genlab_core.engagement.poller WARNING [POLLER] X/Twitter poll failed for ai_news: 401 Unauthorized
Unauthorized
2026-03-14 05:30:58,086 genlab_core.engagement.poller WARNING [POLLER] X/Twitter poll failed for ai_news: 401 Unauthorized
Unauthorized
2026-03-14 05:45:58,461 genlab_core.engagement.poller WARNING [POLLER] X/Twitter poll failed for ai_news: 401 Unauthorized
Unauthorized
2026-03-14 06:00:58,938 genlab_core.engagement.poller WARNING [POLLER] X/Twitter poll failed for ai_news: 401 Unauthorized
Unauthorized
2026-03-14 06:12:40,587 engagement.poller INFO Engagement poller starting — mode=OBSERVE niche=ai_creators platform=twitter
2026-03-14 06:12:40,593 engagement.poller INFO Starting X/Twitter poller for niche=ai_creators user=632788275 interval=900s
2026-03-14 06:12:40,593 genlab_core.engagement.poller WARNING [POLLER] X/Twitter credentials not set — skipping poll
2026-03-14 06:27:40,600 genlab_core.engagement.poller WARNING [POLLER] X/Twitter credentials not set — skipping poll
2026-03-14 06:42:40,611 genlab_core.engagement.poller WARNING [POLLER] X/Twitter credentials not set — skipping poll
2026-03-14 06:57:40,623 genlab_core.engagement.poller WARNING [POLLER] X/Twitter credentials not set — skipping poll
2026-03-14 07:12:40,632 genlab_core.engagement.poller WARNING [POLLER] X/Twitter credentials not set — skipping poll
2026-03-14 07:27:40,644 genlab_core.engagement.poller WARNING [POLLER] X/Twitter credentials not set — skipping poll
2026-03-14 07:42:40,653 genlab_core.engagement.poller WARNING [POLLER] X/Twitter credentials not set — skipping poll
2026-03-16 13:47:16,115 engagement.poller INFO Engagement poller starting — mode=DISPATCH niche=ai_creators platform=twitter
2026-03-16 13:47:16,144 engagement.poller INFO Starting X/Twitter poller for niche=ai_creators user=632788275 interval=900s
2026-03-16 13:47:16,144 genlab_core.engagement.poller WARNING [POLLER] X/Twitter credentials not set — skipping poll
2026-03-16 14:02:16,145 genlab_core.engagement.poller WARNING [POLLER] X/Twitter credentials not set — skipping poll
2026-03-16 14:17:16,161 genlab_core.engagement.poller WARNING [POLLER] X/Twitter credentials not set — skipping poll
2026-03-16 14:32:16,175 genlab_core.engagement.poller WARNING [POLLER] X/Twitter credentials not set — skipping poll
2026-03-16 14:47:16,187 genlab_core.engagement.poller WARNING [POLLER] X/Twitter credentials not set — skipping poll
2026-03-16 15:02:16,198 genlab_core.engagement.poller WARNING [POLLER] X/Twitter credentials not set — skipping poll
2026-03-16 15:17:16,207 genlab_core.engagement.poller WARNING [POLLER] X/Twitter credentials not set — skipping poll
2026-03-16 15:32:16,219 genlab_core.engagement.poller WARNING [POLLER] X/Twitter credentials not set — skipping poll
