[     843ms] [WARNING] <meta name="apple-mobile-web-app-capable" content="yes"> is deprecated. Please include <meta name="mobile-web-app-capable" content="yes"> @ http://localhost:5174/:0
[     845ms] [ERROR] WebSocket connection to 'ws://localhost:5174/socket.io/?EIO=4&transport=websocket' failed: Error during WebSocket handshake: Unexpected response code: 400 @ http://localhost:5174/node_modules/.vite/deps/socket__io-client.js?v=af17d221:1523
[    1451ms] [ERROR] WebSocket connection to 'ws://localhost:5174/socket.io/?EIO=4&transport=websocket' failed: Error during WebSocket handshake: Unexpected response code: 400 @ http://localhost:5174/node_modules/.vite/deps/socket__io-client.js?v=af17d221:1523
[    3576ms] [ERROR] WebSocket connection to 'ws://localhost:5174/socket.io/?EIO=4&transport=websocket' failed: Error during WebSocket handshake: Unexpected response code: 400 @ http://localhost:5174/node_modules/.vite/deps/socket__io-client.js?v=af17d221:1523
[    8657ms] [ERROR] WebSocket connection to 'ws://localhost:5174/socket.io/?EIO=4&transport=websocket' failed: Error during WebSocket handshake: Unexpected response code: 400 @ http://localhost:5174/node_modules/.vite/deps/socket__io-client.js?v=af17d221:1523
[   14251ms] [ERROR] WebSocket connection to 'ws://localhost:5174/socket.io/?EIO=4&transport=websocket' failed: Error during WebSocket handshake: Unexpected response code: 400 @ http://localhost:5174/node_modules/.vite/deps/socket__io-client.js?v=af17d221:1523
[   33019ms] [ERROR] WebSocket connection to 'ws://localhost:5174/socket.io/?EIO=4&transport=websocket' failed: Error during WebSocket handshake: Unexpected response code: 400 @ http://localhost:5174/node_modules/.vite/deps/socket__io-client.js?v=af17d221:1523
[   63051ms] [ERROR] WebSocket connection to 'ws://localhost:5174/socket.io/?EIO=4&transport=websocket' failed: Error during WebSocket handshake: Unexpected response code: 400 @ http://localhost:5174/node_modules/.vite/deps/socket__io-client.js?v=af17d221:1523
[   93091ms] [ERROR] WebSocket connection to 'ws://localhost:5174/socket.io/?EIO=4&transport=websocket' failed: Error during WebSocket handshake: Unexpected response code: 400 @ http://localhost:5174/node_modules/.vite/deps/socket__io-client.js?v=af17d221:1523
[  123161ms] [ERROR] WebSocket connection to 'ws://localhost:5174/socket.io/?EIO=4&transport=websocket' failed: Error during WebSocket handshake: Unexpected response code: 400 @ http://localhost:5174/node_modules/.vite/deps/socket__io-client.js?v=af17d221:1523
[  153208ms] [ERROR] WebSocket connection to 'ws://localhost:5174/socket.io/?EIO=4&transport=websocket' failed: Error during WebSocket handshake: Unexpected response code: 400 @ http://localhost:5174/node_modules/.vite/deps/socket__io-client.js?v=af17d221:1523
[  183251ms] [ERROR] WebSocket connection to 'ws://localhost:5174/socket.io/?EIO=4&transport=websocket' failed: Error during WebSocket handshake: Unexpected response code: 400 @ http://localhost:5174/node_modules/.vite/deps/socket__io-client.js?v=af17d221:1523
[  213299ms] [ERROR] WebSocket connection to 'ws://localhost:5174/socket.io/?EIO=4&transport=websocket' failed: Error during WebSocket handshake: Unexpected response code: 400 @ http://localhost:5174/node_modules/.vite/deps/socket__io-client.js?v=af17d221:1523
[  243346ms] [ERROR] WebSocket connection to 'ws://localhost:5174/socket.io/?EIO=4&transport=websocket' failed: Error during WebSocket handshake: Unexpected response code: 400 @ http://localhost:5174/node_modules/.vite/deps/socket__io-client.js?v=af17d221:1523
[  273389ms] [ERROR] WebSocket connection to 'ws://localhost:5174/socket.io/?EIO=4&transport=websocket' failed: Error during WebSocket handshake: Unexpected response code: 400 @ http://localhost:5174/node_modules/.vite/deps/socket__io-client.js?v=af17d221:1523
[  303426ms] [ERROR] WebSocket connection to 'ws://localhost:5174/socket.io/?EIO=4&transport=websocket' failed: Error during WebSocket handshake: Unexpected response code: 400 @ http://localhost:5174/node_modules/.vite/deps/socket__io-client.js?v=af17d221:1523
[  333447ms] [ERROR] WebSocket connection to 'ws://localhost:5174/socket.io/?EIO=4&transport=websocket' failed: Error during WebSocket handshake: Unexpected response code: 400 @ http://localhost:5174/node_modules/.vite/deps/socket__io-client.js?v=af17d221:1523
[  363486ms] [ERROR] WebSocket connection to 'ws://localhost:5174/socket.io/?EIO=4&transport=websocket' failed: Error during WebSocket handshake: Unexpected response code: 400 @ http://localhost:5174/node_modules/.vite/deps/socket__io-client.js?v=af17d221:1523
[  393524ms] [ERROR] WebSocket connection to 'ws://localhost:5174/socket.io/?EIO=4&transport=websocket' failed: Error during WebSocket handshake: Unexpected response code: 400 @ http://localhost:5174/node_modules/.vite/deps/socket__io-client.js?v=af17d221:1523
[  423634ms] [ERROR] WebSocket connection to 'ws://localhost:5174/socket.io/?EIO=4&transport=websocket' failed: Error during WebSocket handshake: Unexpected response code: 400 @ http://localhost:5174/node_modules/.vite/deps/socket__io-client.js?v=af17d221:1523
[  453671ms] [ERROR] WebSocket connection to 'ws://localhost:5174/socket.io/?EIO=4&transport=websocket' failed: Error during WebSocket handshake: Unexpected response code: 400 @ http://localhost:5174/node_modules/.vite/deps/socket__io-client.js?v=af17d221:1523
[  483725ms] [ERROR] WebSocket connection to 'ws://localhost:5174/socket.io/?EIO=4&transport=websocket' failed: Error during WebSocket handshake: Unexpected response code: 400 @ http://localhost:5174/node_modules/.vite/deps/socket__io-client.js?v=af17d221:1523
