[    1277ms] [ERROR] Loading the script 'https://static.cloudflareinsights.com/beacon.min.js/v8c78df7c7c0f484497ecbca7046644da1771523124516' violates the following Content Security Policy directive: "script-src 'self'". Note that 'script-src-elem' was not explicitly set, so 'script-src' is used as a fallback. The action has been blocked. @ https://review.aspirehub.ai/login:0
[   29785ms] [ERROR] Loading the stylesheet 'https://fonts.googleapis.com/css2?family=Geist:wght@300;400;500;600;700&family=Geist+Mono:wght@400;500&display=swap' violates the following Content Security Policy directive: "style-src 'self' 'unsafe-inline'". Note that 'style-src-elem' was not explicitly set, so 'style-src' is used as a fallback. The action has been blocked. @ https://review.aspirehub.ai/:10
[   29785ms] [ERROR] Loading the script 'https://static.cloudflareinsights.com/beacon.min.js/v8c78df7c7c0f484497ecbca7046644da1771523124516' violates the following Content Security Policy directive: "script-src 'self'". Note that 'script-src-elem' was not explicitly set, so 'script-src' is used as a fallback. The action has been blocked. @ https://review.aspirehub.ai/:0
[   44862ms] [ERROR] Manifest: Line: 1, column: 1, Syntax error. @ https://review.aspirehub.ai/manifest.json:0
[   48281ms] [ERROR] Failed to load resource: the server responded with a status of 400 () @ https://review.aspirehub.ai/socket.io/?EIO=4&transport=polling&t=25h88mxb&sid=gwr0y2Eg0nnQ--qKAAAs:0
[   48283ms] [WARNING] WebSocket connection to 'wss://review.aspirehub.ai/socket.io/?EIO=4&transport=websocket&sid=gwr0y2Eg0nnQ--qKAAAs' failed: WebSocket is closed before the connection is established. @ https://review.aspirehub.ai/assets/index-DswmfBIW.js:10
[   48286ms] [ERROR] Failed to load resource: the server responded with a status of 400 () @ https://review.aspirehub.ai/socket.io/?EIO=4&transport=polling&t=25h8af71&sid=gwr0y2Eg0nnQ--qKAAAs:0
[   48889ms] [ERROR] Failed to load resource: the server responded with a status of 400 () @ https://review.aspirehub.ai/socket.io/?EIO=4&transport=polling&t=25hpjrl2&sid=gwr0y2Eg0nnQ--qKAAAs:0
[   49519ms] [ERROR] Manifest: Line: 1, column: 1, Syntax error. @ https://review.aspirehub.ai/manifest.json:0
[   49519ms] [WARNING] <meta name="apple-mobile-web-app-capable" content="yes"> is deprecated. Please include <meta name="mobile-web-app-capable" content="yes"> @ https://review.aspirehub.ai/:0
[   50864ms] [ERROR] WebSocket connection to 'wss://review.aspirehub.ai/socket.io/?EIO=4&transport=websocket&sid=5MJBGzidcEubWcPHAAAn' failed: Error during WebSocket handshake: Unexpected response code: 400 @ https://review.aspirehub.ai/assets/index-DswmfBIW.js:10
[   75299ms] [ERROR] Failed to load resource: the server responded with a status of 400 () @ https://review.aspirehub.ai/socket.io/?EIO=4&transport=polling&t=26233i9z&sid=5MJBGzidcEubWcPHAAAn:0
[   75906ms] [ERROR] Failed to load resource: the server responded with a status of 400 () @ https://review.aspirehub.ai/socket.io/?EIO=4&transport=polling&t=262k26qy&sid=5MJBGzidcEubWcPHAAAn:0
[   78560ms] [ERROR] Failed to load resource: the server responded with a status of 400 () @ https://review.aspirehub.ai/socket.io/?EIO=4&transport=polling&t=264loqr5&sid=7g7w12AO8QX7NZXnAAAt:0
[   78561ms] [WARNING] WebSocket connection to 'wss://review.aspirehub.ai/socket.io/?EIO=4&transport=websocket&sid=7g7w12AO8QX7NZXnAAAt' failed: WebSocket is closed before the connection is established. @ https://review.aspirehub.ai/assets/index-DswmfBIW.js:10
[   79167ms] [ERROR] Failed to load resource: the server responded with a status of 400 () @ https://review.aspirehub.ai/socket.io/?EIO=4&transport=polling&t=2652mrhy&sid=7g7w12AO8QX7NZXnAAAt:0
[   80456ms] [ERROR] Failed to load resource: the server responded with a status of 400 () @ https://review.aspirehub.ai/socket.io/?EIO=4&transport=polling&t=2662dn6m&sid=1Dd6m1EzaZ8pYC7oAAAp:0
[   80457ms] [WARNING] WebSocket connection to 'wss://review.aspirehub.ai/socket.io/?EIO=4&transport=websocket&sid=1Dd6m1EzaZ8pYC7oAAAp' failed: WebSocket is closed before the connection is established. @ https://review.aspirehub.ai/assets/index-DswmfBIW.js:10
[   82423ms] [ERROR] Failed to load resource: the server responded with a status of 400 () @ https://review.aspirehub.ai/socket.io/?EIO=4&transport=polling&t=267l40so&sid=rLnAb_7qNdhYXOzNAAAr:0
[   82425ms] [WARNING] WebSocket connection to 'wss://review.aspirehub.ai/socket.io/?EIO=4&transport=websocket&sid=rLnAb_7qNdhYXOzNAAAr' failed: WebSocket is closed before the connection is established. @ https://review.aspirehub.ai/assets/index-DswmfBIW.js:10
[   83032ms] [ERROR] Failed to load resource: the server responded with a status of 400 () @ https://review.aspirehub.ai/socket.io/?EIO=4&transport=polling&t=2681yjm1&sid=rLnAb_7qNdhYXOzNAAAr:0
[   85660ms] [ERROR] WebSocket connection to 'wss://review.aspirehub.ai/socket.io/?EIO=4&transport=websocket&sid=j1H3nU_tgjSk_PssAAAv' failed: Error during WebSocket handshake: Unexpected response code: 400 @ https://review.aspirehub.ai/assets/index-DswmfBIW.js:10
