[    7546ms] [WARNING] The resource https://i.ytimg.com/generate_204 was preloaded using link preload but not used within a few seconds from the window's load event. Please make sure it has an appropriate `as` value and it is preloaded intentionally. @ https://www.youtube.com/channel/UC3GCipF_BTgjaxu-iSuBZ-g:0
[    7726ms] [ERROR] requestStorageAccessFor: Permission denied. @ https://www.youtube.com/channel/UC3GCipF_BTgjaxu-iSuBZ-g:0
[    7728ms] [ERROR] requestStorageAccessFor: Permission denied. @ https://www.youtube.com/channel/UC3GCipF_BTgjaxu-iSuBZ-g:0
[    7728ms] [ERROR] requestStorageAccessFor: Permission denied. @ https://www.youtube.com/channel/UC3GCipF_BTgjaxu-iSuBZ-g:0
[   16312ms] [WARNING] The resource https://i.ytimg.com/generate_204 was preloaded using link preload but not used within a few seconds from the window's load event. Please make sure it has an appropriate `as` value and it is preloaded intentionally. @ https://www.youtube.com/channel/UC3GCipF_BTgjaxu-iSuBZ-g:0
[   24355ms] [WARNING] The resource https://i.ytimg.com/generate_204 was preloaded using link preload but not used within a few seconds from the window's load event. Please make sure it has an appropriate `as` value and it is preloaded intentionally. @ https://www.youtube.com/channel/UC3GCipF_BTgjaxu-iSuBZ-g:0
[   37162ms] [WARNING] The resource https://i.ytimg.com/generate_204 was preloaded using link preload but not used within a few seconds from the window's load event. Please make sure it has an appropriate `as` value and it is preloaded intentionally. @ https://www.youtube.com/channel/UC3GCipF_BTgjaxu-iSuBZ-g:0
[   60606ms] [WARNING] The resource https://i.ytimg.com/generate_204 was preloaded using link preload but not used within a few seconds from the window's load event. Please make sure it has an appropriate `as` value and it is preloaded intentionally. @ https://www.youtube.com/shorts/6fYNz-oLJLs:0
[   64560ms] [WARNING] The resource https://i.ytimg.com/generate_204 was preloaded using link preload but not used within a few seconds from the window's load event. Please make sure it has an appropriate `as` value and it is preloaded intentionally. @ https://www.youtube.com/shorts/6fYNz-oLJLs:0
[   87705ms] [WARNING] The resource https://i.ytimg.com/generate_204 was preloaded using link preload but not used within a few seconds from the window's load event. Please make sure it has an appropriate `as` value and it is preloaded intentionally. @ https://www.youtube.com/@theblackboxbrief:0
[   90756ms] [WARNING] The resource https://i.ytimg.com/generate_204 was preloaded using link preload but not used within a few seconds from the window's load event. Please make sure it has an appropriate `as` value and it is preloaded intentionally. @ https://www.youtube.com/@theblackboxbrief:0
[  100781ms] [WARNING] The resource https://i.ytimg.com/generate_204 was preloaded using link preload but not used within a few seconds from the window's load event. Please make sure it has an appropriate `as` value and it is preloaded intentionally. @ https://www.youtube.com/@theblackboxbrief:0
[  113268ms] [WARNING] The resource https://i.ytimg.com/generate_204 was preloaded using link preload but not used within a few seconds from the window's load event. Please make sure it has an appropriate `as` value and it is preloaded intentionally. @ https://www.youtube.com/@theblackboxbrief:0
[  125971ms] [WARNING] The resource https://i.ytimg.com/generate_204 was preloaded using link preload but not used within a few seconds from the window's load event. Please make sure it has an appropriate `as` value and it is preloaded intentionally. @ https://www.youtube.com/@theblackboxbrief:0
[  178531ms] [WARNING] The resource https://i.ytimg.com/generate_204 was preloaded using link preload but not used within a few seconds from the window's load event. Please make sure it has an appropriate `as` value and it is preloaded intentionally. @ https://www.youtube.com/@theblackboxbrief:0
[  197731ms] [WARNING] The resource https://i.ytimg.com/generate_204 was preloaded using link preload but not used within a few seconds from the window's load event. Please make sure it has an appropriate `as` value and it is preloaded intentionally. @ https://www.youtube.com/@theblackboxbrief:0
[  232671ms] [WARNING] The resource https://i.ytimg.com/generate_204 was preloaded using link preload but not used within a few seconds from the window's load event. Please make sure it has an appropriate `as` value and it is preloaded intentionally. @ https://www.youtube.com/@theblackboxbrief:0
[  239310ms] [ERROR] requestStorageAccessFor: Permission denied. @ https://www.youtube.com/account:0
[  239311ms] [ERROR] requestStorageAccessFor: Permission denied. @ https://www.youtube.com/account:0
[  239311ms] [ERROR] requestStorageAccessFor: Permission denied. @ https://www.youtube.com/account:0
[  242836ms] [WARNING] The resource https://i.ytimg.com/generate_204 was preloaded using link preload but not used within a few seconds from the window's load event. Please make sure it has an appropriate `as` value and it is preloaded intentionally. @ https://www.youtube.com/account:0
[  276504ms] [WARNING] The resource https://i.ytimg.com/generate_204 was preloaded using link preload but not used within a few seconds from the window's load event. Please make sure it has an appropriate `as` value and it is preloaded intentionally. @ https://www.youtube.com/account:0
