[     648ms] [ERROR] Loading the stylesheet 'https://fonts.googleapis.com/css2?family=Geist:wght@300;400;500;600;700&family=Geist+Mono:wght@400;500&display=swap' violates the following Content Security Policy directive: "style-src 'self' 'unsafe-inline'". Note that 'style-src-elem' was not explicitly set, so 'style-src' is used as a fallback. The action has been blocked. @ https://review.aspirehub.ai/channel-health:10
[     649ms] [ERROR] Loading the script 'https://static.cloudflareinsights.com/beacon.min.js/v8c78df7c7c0f484497ecbca7046644da1771523124516' violates the following Content Security Policy directive: "script-src 'self'". Note that 'script-src-elem' was not explicitly set, so 'script-src' is used as a fallback. The action has been blocked. @ https://review.aspirehub.ai/channel-health:0
[    2825ms] [ERROR] Manifest: Line: 1, column: 1, Syntax error. @ https://review.aspirehub.ai/manifest.json:0
[    2826ms] [WARNING] <meta name="apple-mobile-web-app-capable" content="yes"> is deprecated. Please include <meta name="mobile-web-app-capable" content="yes"> @ https://review.aspirehub.ai/channel-health:0
[    3468ms] [ERROR] Failed to load resource: the server responded with a status of 400 () @ https://review.aspirehub.ai/socket.io/?EIO=4&transport=polling&t=2hfrq9du&sid=_MPVJBuml2myGjFAAAA_:0
[    3469ms] [WARNING] WebSocket connection to 'wss://review.aspirehub.ai/socket.io/?EIO=4&transport=websocket&sid=_MPVJBuml2myGjFAAAA_' failed: WebSocket is closed before the connection is established. @ https://review.aspirehub.ai/assets/index-DswmfBIW.js:10
[    4089ms] [ERROR] Failed to load resource: the server responded with a status of 400 () @ https://review.aspirehub.ai/socket.io/?EIO=4&transport=polling&t=2hg8v498&sid=_MPVJBuml2myGjFAAAA_:0
[    5589ms] [ERROR] Failed to load resource: the server responded with a status of 400 () @ https://review.aspirehub.ai/socket.io/?EIO=4&transport=polling&t=2hherlwa&sid=1XTFN1-lJAnJGZhfAABK:0
[    5590ms] [WARNING] WebSocket connection to 'wss://review.aspirehub.ai/socket.io/?EIO=4&transport=websocket&sid=1XTFN1-lJAnJGZhfAABK' failed: WebSocket is closed before the connection is established. @ https://review.aspirehub.ai/assets/index-DswmfBIW.js:10
[    6200ms] [ERROR] Failed to load resource: the server responded with a status of 400 () @ https://review.aspirehub.ai/socket.io/?EIO=4&transport=polling&t=2hhvsg5q&sid=1XTFN1-lJAnJGZhfAABK:0
[    7983ms] [ERROR] Failed to load resource: the server responded with a status of 400 () @ https://review.aspirehub.ai/socket.io/?EIO=4&transport=polling&t=2hj9giv2&sid=VpIgMDgHC6_wF_PgAABB:0
[    7984ms] [WARNING] WebSocket connection to 'wss://review.aspirehub.ai/socket.io/?EIO=4&transport=websocket&sid=VpIgMDgHC6_wF_PgAABB' failed: WebSocket is closed before the connection is established. @ https://review.aspirehub.ai/assets/index-DswmfBIW.js:10
[    9874ms] [ERROR] Failed to load resource: the server responded with a status of 400 () @ https://review.aspirehub.ai/socket.io/?EIO=4&transport=polling&t=2hkpwbmp&sid=qt5QIbxhQ1k57khRAABD:0
[    9875ms] [WARNING] WebSocket connection to 'wss://review.aspirehub.ai/socket.io/?EIO=4&transport=websocket&sid=qt5QIbxhQ1k57khRAABD' failed: WebSocket is closed before the connection is established. @ https://review.aspirehub.ai/assets/index-DswmfBIW.js:10
[   10502ms] [ERROR] Failed to load resource: the server responded with a status of 400 () @ https://review.aspirehub.ai/socket.io/?EIO=4&transport=polling&t=2hl6tzi6&sid=qt5QIbxhQ1k57khRAABD:0
[   12101ms] [ERROR] Failed to load resource: the server responded with a status of 400 () @ https://review.aspirehub.ai/socket.io/?EIO=4&transport=polling&t=2hmegaxt&sid=gvSNrih_vCQJDxZ0AABM:0
[   12102ms] [WARNING] WebSocket connection to 'wss://review.aspirehub.ai/socket.io/?EIO=4&transport=websocket&sid=gvSNrih_vCQJDxZ0AABM' failed: WebSocket is closed before the connection is established. @ https://review.aspirehub.ai/assets/index-DswmfBIW.js:10
[   12762ms] [ERROR] Failed to load resource: the server responded with a status of 400 () @ https://review.aspirehub.ai/socket.io/?EIO=4&transport=polling&t=2hmwowkr&sid=gvSNrih_vCQJDxZ0AABM:0
[  648830ms] [ERROR] Loading the stylesheet 'https://fonts.googleapis.com/css2?family=Geist:wght@300;400;500;600;700&family=Geist+Mono:wght@400;500&display=swap' violates the following Content Security Policy directive: "style-src 'self' 'unsafe-inline'". Note that 'style-src-elem' was not explicitly set, so 'style-src' is used as a fallback. The action has been blocked. @ https://review.aspirehub.ai/analytics:10
[  648830ms] [ERROR] Loading the script 'https://static.cloudflareinsights.com/beacon.min.js/v8c78df7c7c0f484497ecbca7046644da1771523124516' violates the following Content Security Policy directive: "script-src 'self'". Note that 'script-src-elem' was not explicitly set, so 'script-src' is used as a fallback. The action has been blocked. @ https://review.aspirehub.ai/analytics:0
[  666120ms] [ERROR] Manifest: Line: 1, column: 1, Syntax error. @ https://review.aspirehub.ai/manifest.json:0
[  672049ms] [ERROR] Failed to load resource: the server responded with a status of 400 () @ https://review.aspirehub.ai/socket.io/?EIO=4&transport=polling&t=2vrl1duq&sid=62cHST4XRo8kpsfMAABQ:0
[  672053ms] [WARNING] WebSocket connection to 'wss://review.aspirehub.ai/socket.io/?EIO=4&transport=websocket&sid=62cHST4XRo8kpsfMAABQ' failed: WebSocket is closed before the connection is established. @ https://review.aspirehub.ai/assets/index-BYo0zCxv.js:10
[  672659ms] [ERROR] Failed to load resource: the server responded with a status of 400 () @ https://review.aspirehub.ai/socket.io/?EIO=4&transport=polling&t=2vs4n327&sid=62cHST4XRo8kpsfMAABQ:0
[  673439ms] [ERROR] Manifest: Line: 1, column: 1, Syntax error. @ https://review.aspirehub.ai/manifest.json:0
[  673440ms] [WARNING] <meta name="apple-mobile-web-app-capable" content="yes"> is deprecated. Please include <meta name="mobile-web-app-capable" content="yes"> @ https://review.aspirehub.ai/analytics:0
[  674457ms] [ERROR] Failed to load resource: the server responded with a status of 400 () @ https://review.aspirehub.ai/socket.io/?EIO=4&transport=polling&t=2vtfn2em&sid=WmNMXalFw1eYcG3VAABE:0
[  674458ms] [WARNING] WebSocket connection to 'wss://review.aspirehub.ai/socket.io/?EIO=4&transport=websocket&sid=WmNMXalFw1eYcG3VAABE' failed: WebSocket is closed before the connection is established. @ https://review.aspirehub.ai/assets/index-BYo0zCxv.js:10
[  675188ms] [ERROR] Failed to load resource: the server responded with a status of 400 () @ https://review.aspirehub.ai/socket.io/?EIO=4&transport=polling&t=2vtzgdnp&sid=WmNMXalFw1eYcG3VAABE:0
[  676900ms] [ERROR] Failed to load resource: the server responded with a status of 400 () @ https://review.aspirehub.ai/socket.io/?EIO=4&transport=polling&t=2vvcz0fv&sid=6CGcCJIbkyYJzhXOAABR:0
[  676901ms] [WARNING] WebSocket connection to 'wss://review.aspirehub.ai/socket.io/?EIO=4&transport=websocket&sid=6CGcCJIbkyYJzhXOAABR' failed: WebSocket is closed before the connection is established. @ https://review.aspirehub.ai/assets/index-BYo0zCxv.js:10
[  677590ms] [ERROR] Failed to load resource: the server responded with a status of 400 () @ https://review.aspirehub.ai/socket.io/?EIO=4&transport=polling&t=2vvvbrwl&sid=6CGcCJIbkyYJzhXOAABR:0
[  678861ms] [ERROR] Failed to load resource: the server responded with a status of 400 () @ https://review.aspirehub.ai/socket.io/?EIO=4&transport=polling&t=2vwv88j1&sid=NZ3wVAFKKduk16ahAABF:0
[  678862ms] [WARNING] WebSocket connection to 'wss://review.aspirehub.ai/socket.io/?EIO=4&transport=websocket&sid=NZ3wVAFKKduk16ahAABF' failed: WebSocket is closed before the connection is established. @ https://review.aspirehub.ai/assets/index-BYo0zCxv.js:10
[  679467ms] [ERROR] Failed to load resource: the server responded with a status of 400 () @ https://review.aspirehub.ai/socket.io/?EIO=4&transport=polling&t=2vxds1or&sid=NZ3wVAFKKduk16ahAABF:0
[  680739ms] [ERROR] Failed to load resource: the server responded with a status of 400 () @ https://review.aspirehub.ai/socket.io/?EIO=4&transport=polling&t=2vyc74aq&sid=0GnVzCFL2ubMrIfdAABS:0
[  680740ms] [WARNING] WebSocket connection to 'wss://review.aspirehub.ai/socket.io/?EIO=4&transport=websocket&sid=0GnVzCFL2ubMrIfdAABS' failed: WebSocket is closed before the connection is established. @ https://review.aspirehub.ai/assets/index-BYo0zCxv.js:10
[  681350ms] [ERROR] Failed to load resource: the server responded with a status of 400 () @ https://review.aspirehub.ai/socket.io/?EIO=4&transport=polling&t=2vytyxuk&sid=0GnVzCFL2ubMrIfdAABS:0
[  683139ms] [ERROR] Failed to load resource: the server responded with a status of 400 () @ https://review.aspirehub.ai/socket.io/?EIO=4&transport=polling&t=2w07pzhf&sid=P_XEkO_K9K6LO42rAABG:0
[  683140ms] [WARNING] WebSocket connection to 'wss://review.aspirehub.ai/socket.io/?EIO=4&transport=websocket&sid=P_XEkO_K9K6LO42rAABG' failed: WebSocket is closed before the connection is established. @ https://review.aspirehub.ai/assets/index-BYo0zCxv.js:10
