[    5798ms] [ERROR] ErrorUtils caught an error:

Converting to a string will drop content data. Hash="undefined" Translation="Log In-App Purchases Automatically (Recommended) {log-in-tooltip}" Content="Context not logged." (type=object,Object)

Subsequent non-fatal errors won't be logged; see https://fburl.com/debugjs. {column: 17870, clientTime: 1773200937, extra: Object, guardList: Array(4), hash: ip2dw2} @ https://static.xx.fbcdn.net/rsrc.php/v4/yK/r/zU7w-bxkBNJ.js:76
[   28805ms] [ERROR] ErrorUtils caught an error:

Tried to get element with id of "devappSaveBanner" but it is not present on the page

Subsequent non-fatal errors won't be logged; see https://fburl.com/debugjs. {column: 149, clientTime: 1773200960, extra: Object, guardList: Array(4), hash: ukhiod} @ https://static.xx.fbcdn.net/rsrc.php/v4/yK/r/zU7w-bxkBNJ.js:76
[   29257ms] [ERROR] Broken trigger flowlet chain! @ https://static.xx.fbcdn.net/rsrc.php/v4/yK/r/zU7w-bxkBNJ.js:270
[   30625ms] [ERROR] ErrorUtils caught an error:

Could not find element "u_i2iin9_1l_G0" [Caught in: Module "__elem_45d73b5d_i2iin9_0_SI"]

Subsequent non-fatal errors won't be logged; see https://fburl.com/debugjs. {column: 180, clientTime: 1773200962, extra: Object, guardList: Array(8), hash: xfn4ex} @ https://static.xx.fbcdn.net/rsrc.php/v4/yK/r/zU7w-bxkBNJ.js:76
[   30626ms] [ERROR] ErrorUtils caught an error:

Could not find element "u_i2iin9_n_ZM" [Caught in: Module "__elem_835c633a_i2iin9_0_/O"]

Subsequent non-fatal errors won't be logged; see https://fburl.com/debugjs. {column: 180, clientTime: 1773200962, extra: Object, guardList: Array(8), hash: xfn4ex} @ https://static.xx.fbcdn.net/rsrc.php/v4/yK/r/zU7w-bxkBNJ.js:76
[   30627ms] [ERROR] ErrorUtils caught an error:

Could not find element "u_i2iin9_o_w7" [Caught in: Module "__elem_fc9f538f_i2iin9_0_a2"]

Subsequent non-fatal errors won't be logged; see https://fburl.com/debugjs. {column: 180, clientTime: 1773200962, extra: Object, guardList: Array(8), hash: zkm3yb} @ https://static.xx.fbcdn.net/rsrc.php/v4/yK/r/zU7w-bxkBNJ.js:76
[   30628ms] [ERROR] ErrorUtils caught an error:

Could not find element "u_i2iin9_p_Kk" [Caught in: Module "__elem_fc9f538f_i2iin9_1_KW"]

Subsequent non-fatal errors won't be logged; see https://fburl.com/debugjs. {column: 180, clientTime: 1773200962, extra: Object, guardList: Array(8), hash: zkm3yb} @ https://static.xx.fbcdn.net/rsrc.php/v4/yK/r/zU7w-bxkBNJ.js:76
[   30629ms] [ERROR] ErrorUtils caught an error:

Could not find element "u_i2iin9_q_2/" [Caught in: Module "__elem_fc9f538f_i2iin9_2_pQ"]

Subsequent non-fatal errors won't be logged; see https://fburl.com/debugjs. {column: 180, clientTime: 1773200962, extra: Object, guardList: Array(8), hash: zkm3yb} @ https://static.xx.fbcdn.net/rsrc.php/v4/yK/r/zU7w-bxkBNJ.js:76
[   30629ms] [ERROR] ErrorUtils caught an error:

Could not find element "u_i2iin9_r_b/" [Caught in: Module "__elem_fc9f538f_i2iin9_3_2B"]

Subsequent non-fatal errors won't be logged; see https://fburl.com/debugjs. {column: 180, clientTime: 1773200962, extra: Object, guardList: Array(8), hash: zkm3yb} @ https://static.xx.fbcdn.net/rsrc.php/v4/yK/r/zU7w-bxkBNJ.js:76
[   30630ms] [ERROR] ErrorUtils caught an error:

Could not find element "u_i2iin9_s_mh" [Caught in: Module "__elem_fc9f538f_i2iin9_4_ta"]

Subsequent non-fatal errors won't be logged; see https://fburl.com/debugjs. {column: 180, clientTime: 1773200962, extra: Object, guardList: Array(8), hash: zkm3yb} @ https://static.xx.fbcdn.net/rsrc.php/v4/yK/r/zU7w-bxkBNJ.js:76
[   30631ms] [ERROR] ErrorUtils caught an error:

Could not find element "u_i2iin9_t_Hq" [Caught in: Module "__elem_fc9f538f_i2iin9_5_Ca"]

Subsequent non-fatal errors won't be logged; see https://fburl.com/debugjs. {column: 180, clientTime: 1773200962, extra: Object, guardList: Array(8), hash: zkm3yb} @ https://static.xx.fbcdn.net/rsrc.php/v4/yK/r/zU7w-bxkBNJ.js:76
[   30631ms] [ERROR] ErrorUtils caught an error:

Could not find element "u_i2iin9_u_5X" [Caught in: Module "__elem_fc9f538f_i2iin9_6_cN"]

Subsequent non-fatal errors won't be logged; see https://fburl.com/debugjs. {column: 180, clientTime: 1773200962, extra: Object, guardList: Array(8), hash: zkm3yb} @ https://static.xx.fbcdn.net/rsrc.php/v4/yK/r/zU7w-bxkBNJ.js:76
[   30632ms] [ERROR] ErrorUtils caught an error:

Could not find element "u_i2iin9_v_Le" [Caught in: Module "__elem_fc9f538f_i2iin9_7_wL"]

Subsequent non-fatal errors won't be logged; see https://fburl.com/debugjs. {column: 180, clientTime: 1773200962, extra: Object, guardList: Array(8), hash: zkm3yb} @ https://static.xx.fbcdn.net/rsrc.php/v4/yK/r/zU7w-bxkBNJ.js:76
[   30632ms] [ERROR] ErrorUtils caught an error:

Could not find element "u_i2iin9_w_Ah" [Caught in: Module "__elem_9f5fac15_i2iin9_0_oN"] [Caught in: Module "__inst_41781d56_i2iin9_0_Hy"]

Subsequent non-fatal errors won't be logged; see https://fburl.com/debugjs. {column: 180, clientTime: 1773200962, extra: Object, guardList: Array(8), hash: zc1lej} @ https://static.xx.fbcdn.net/rsrc.php/v4/yK/r/zU7w-bxkBNJ.js:76
[   30633ms] [ERROR] ErrorUtils caught an error:

Could not find element "u_i2iin9_w_Ah" [Caught in: Module "__elem_9f5fac15_i2iin9_0_oN"] [Caught in: Module "__inst_41781d56_i2iin9_0_Hy"] [Caught in: Requiring module "__elem_9f5fac15_i2iin9_0_oN" which threw an exception]

Subsequent non-fatal errors won't be logged; see https://fburl.com/debugjs. {column: 180, clientTime: 1773200962, extra: Object, guardList: Array(8), hash: zc1lej} @ https://static.xx.fbcdn.net/rsrc.php/v4/yK/r/zU7w-bxkBNJ.js:76
[   30633ms] [ERROR] ErrorUtils caught an error:

Could not find element "u_i2iin9_x_8D" [Caught in: Module "__elem_fc9f538f_i2iin9_8_qO"]

Subsequent non-fatal errors won't be logged; see https://fburl.com/debugjs. {column: 180, clientTime: 1773200962, extra: Object, guardList: Array(8), hash: zkm3yb} @ https://static.xx.fbcdn.net/rsrc.php/v4/yK/r/zU7w-bxkBNJ.js:76
[   30634ms] [ERROR] ErrorUtils caught an error:

Could not find element "u_i2iin9_y_sk" [Caught in: Module "__elem_a588f507_i2iin9_0_xt"] [Caught in: Module "__inst_16a9b92d_i2iin9_0_ut"]

Subsequent non-fatal errors won't be logged; see https://fburl.com/debugjs. {column: 180, clientTime: 1773200962, extra: Object, guardList: Array(8), hash: xtr2vt} @ https://static.xx.fbcdn.net/rsrc.php/v4/yK/r/zU7w-bxkBNJ.js:76
[   30635ms] [ERROR] ErrorUtils caught an error:

Could not find element "u_i2iin9_z_4i" [Caught in: Module "__elem_fc9f538f_i2iin9_9_y6"]

Subsequent non-fatal errors won't be logged; see https://fburl.com/debugjs. {column: 180, clientTime: 1773200962, extra: Object, guardList: Array(8), hash: zkm3yb} @ https://static.xx.fbcdn.net/rsrc.php/v4/yK/r/zU7w-bxkBNJ.js:76
[   30635ms] [ERROR] ErrorUtils caught an error:

Could not find element "u_i2iin9_10_Id" [Caught in: Module "__elem_fc9f538f_i2iin9_a_tM"]

Subsequent non-fatal errors won't be logged; see https://fburl.com/debugjs. {column: 180, clientTime: 1773200962, extra: Object, guardList: Array(8), hash: zkm3yb} @ https://static.xx.fbcdn.net/rsrc.php/v4/yK/r/zU7w-bxkBNJ.js:76
[   30636ms] [ERROR] ErrorUtils caught an error:

Could not find element "u_i2iin9_11_gM" [Caught in: Module "__elem_fc9f538f_i2iin9_b_XS"]

Subsequent non-fatal errors won't be logged; see https://fburl.com/debugjs. {column: 180, clientTime: 1773200962, extra: Object, guardList: Array(8), hash: zkm3yb} @ https://static.xx.fbcdn.net/rsrc.php/v4/yK/r/zU7w-bxkBNJ.js:76
[   30636ms] [ERROR] ErrorUtils caught an error:

Could not find element "u_i2iin9_12_Mp" [Caught in: Module "__elem_fc9f538f_i2iin9_c_7k"]

Subsequent non-fatal errors won't be logged; see https://fburl.com/debugjs. {column: 180, clientTime: 1773200962, extra: Object, guardList: Array(8), hash: zkm3yb} @ https://static.xx.fbcdn.net/rsrc.php/v4/yK/r/zU7w-bxkBNJ.js:76
[   30637ms] [ERROR] ErrorUtils caught an error:

Could not find element "u_i2iin9_13_y0" [Caught in: Module "__elem_fc9f538f_i2iin9_d_kN"]

Subsequent non-fatal errors won't be logged; see https://fburl.com/debugjs. {column: 180, clientTime: 1773200962, extra: Object, guardList: Array(8), hash: zkm3yb} @ https://static.xx.fbcdn.net/rsrc.php/v4/yK/r/zU7w-bxkBNJ.js:76
[   30637ms] [ERROR] ErrorUtils caught an error:

Could not find element "u_i2iin9_14_5W" [Caught in: Module "__elem_fc9f538f_i2iin9_e_qX"]

Subsequent non-fatal errors won't be logged; see https://fburl.com/debugjs. {column: 180, clientTime: 1773200962, extra: Object, guardList: Array(8), hash: zkm3yb} @ https://static.xx.fbcdn.net/rsrc.php/v4/yK/r/zU7w-bxkBNJ.js:76
[   30638ms] [ERROR] ErrorUtils caught an error:

Could not find element "u_i2iin9_17_hp" [Caught in: Module "__elem_b8bc2371_i2iin9_0_Vl"] [Caught in: Module "__inst_e1b01e78_i2iin9_0_T0"]

Subsequent non-fatal errors won't be logged; see https://fburl.com/debugjs. {column: 180, clientTime: 1773200962, extra: Object, guardList: Array(8), hash: xtr2vt} @ https://static.xx.fbcdn.net/rsrc.php/v4/yK/r/zU7w-bxkBNJ.js:76
[   30638ms] [ERROR] ErrorUtils caught an error:

Could not find element "u_i2iin9_19_ue" [Caught in: Module "__elem_9f5fac15_i2iin9_1_Qu"] [Caught in: Module "__inst_41781d56_i2iin9_1_Bn"]

Subsequent non-fatal errors won't be logged; see https://fburl.com/debugjs. {column: 180, clientTime: 1773200962, extra: Object, guardList: Array(8), hash: zc1lej} @ https://static.xx.fbcdn.net/rsrc.php/v4/yK/r/zU7w-bxkBNJ.js:76
[   30639ms] [ERROR] ErrorUtils caught an error:

Could not find element "u_i2iin9_19_ue" [Caught in: Module "__elem_9f5fac15_i2iin9_1_Qu"] [Caught in: Module "__inst_41781d56_i2iin9_1_Bn"] [Caught in: Requiring module "__elem_9f5fac15_i2iin9_1_Qu" which threw an exception]

Subsequent non-fatal errors won't be logged; see https://fburl.com/debugjs. {column: 180, clientTime: 1773200962, extra: Object, guardList: Array(8), hash: zc1lej} @ https://static.xx.fbcdn.net/rsrc.php/v4/yK/r/zU7w-bxkBNJ.js:76
[   30639ms] [ERROR] ErrorUtils caught an error:

Could not find element "u_i2iin9_1a_nP" [Caught in: Module "__elem_9f5fac15_i2iin9_2_dM"] [Caught in: Module "__inst_41781d56_i2iin9_2_hC"]

Subsequent non-fatal errors won't be logged; see https://fburl.com/debugjs. {column: 180, clientTime: 1773200962, extra: Object, guardList: Array(8), hash: zc1lej} @ https://static.xx.fbcdn.net/rsrc.php/v4/yK/r/zU7w-bxkBNJ.js:76
[   30639ms] [ERROR] ErrorUtils caught an error:

Could not find element "u_i2iin9_1a_nP" [Caught in: Module "__elem_9f5fac15_i2iin9_2_dM"] [Caught in: Module "__inst_41781d56_i2iin9_2_hC"] [Caught in: Requiring module "__elem_9f5fac15_i2iin9_2_dM" which threw an exception]

Subsequent non-fatal errors won't be logged; see https://fburl.com/debugjs. {column: 180, clientTime: 1773200962, extra: Object, guardList: Array(8), hash: zc1lej} @ https://static.xx.fbcdn.net/rsrc.php/v4/yK/r/zU7w-bxkBNJ.js:76
[   30640ms] [ERROR] ErrorUtils caught an error:

Could not find element "u_i2iin9_1b_8T" [Caught in: Module "__elem_9f5fac15_i2iin9_3_pk"] [Caught in: Module "__inst_41781d56_i2iin9_3_EH"]

Subsequent non-fatal errors won't be logged; see https://fburl.com/debugjs. {column: 180, clientTime: 1773200962, extra: Object, guardList: Array(8), hash: zc1lej} @ https://static.xx.fbcdn.net/rsrc.php/v4/yK/r/zU7w-bxkBNJ.js:76
[   30640ms] [ERROR] ErrorUtils caught an error:

Could not find element "u_i2iin9_1b_8T" [Caught in: Module "__elem_9f5fac15_i2iin9_3_pk"] [Caught in: Module "__inst_41781d56_i2iin9_3_EH"] [Caught in: Requiring module "__elem_9f5fac15_i2iin9_3_pk" which threw an exception]

Subsequent non-fatal errors won't be logged; see https://fburl.com/debugjs. {column: 180, clientTime: 1773200962, extra: Object, guardList: Array(8), hash: zc1lej} @ https://static.xx.fbcdn.net/rsrc.php/v4/yK/r/zU7w-bxkBNJ.js:76
[   30641ms] [ERROR] ErrorUtils caught an error:

Could not find element "u_i2iin9_1c_TE" [Caught in: Module "__elem_9f5fac15_i2iin9_4_0j"] [Caught in: Module "__inst_41781d56_i2iin9_4_33"]

Subsequent non-fatal errors won't be logged; see https://fburl.com/debugjs. {column: 180, clientTime: 1773200962, extra: Object, guardList: Array(8), hash: zc1lej} @ https://static.xx.fbcdn.net/rsrc.php/v4/yK/r/zU7w-bxkBNJ.js:76
[   30641ms] [ERROR] ErrorUtils caught an error:

Could not find element "u_i2iin9_1c_TE" [Caught in: Module "__elem_9f5fac15_i2iin9_4_0j"] [Caught in: Module "__inst_41781d56_i2iin9_4_33"] [Caught in: Requiring module "__elem_9f5fac15_i2iin9_4_0j" which threw an exception]

Subsequent non-fatal errors won't be logged; see https://fburl.com/debugjs. {column: 180, clientTime: 1773200962, extra: Object, guardList: Array(8), hash: zc1lej} @ https://static.xx.fbcdn.net/rsrc.php/v4/yK/r/zU7w-bxkBNJ.js:76
[   30642ms] [ERROR] ErrorUtils caught an error:

Could not find element "u_i2iin9_h_8A" [Caught in: Module "__elem_8937e029_i2iin9_0_1b"] [Caught in: Module "__inst_ba8a864d_i2iin9_0_qN"]

Subsequent non-fatal errors won't be logged; see https://fburl.com/debugjs. {column: 180, clientTime: 1773200962, extra: Object, guardList: Array(8), hash: xtr2vt} @ https://static.xx.fbcdn.net/rsrc.php/v4/yK/r/zU7w-bxkBNJ.js:76
[   30642ms] [ERROR] ErrorUtils caught an error:

Could not find element "u_i2iin9_1d_bE" [Caught in: Module "__elem_9f5fac15_i2iin9_5_Ru"] [Caught in: Module "__inst_41781d56_i2iin9_5_eA"]

Subsequent non-fatal errors won't be logged; see https://fburl.com/debugjs. {column: 180, clientTime: 1773200962, extra: Object, guardList: Array(8), hash: zc1lej} @ https://static.xx.fbcdn.net/rsrc.php/v4/yK/r/zU7w-bxkBNJ.js:76
[   30642ms] [ERROR] ErrorUtils caught an error:

Could not find element "u_i2iin9_1d_bE" [Caught in: Module "__elem_9f5fac15_i2iin9_5_Ru"] [Caught in: Module "__inst_41781d56_i2iin9_5_eA"] [Caught in: Requiring module "__elem_9f5fac15_i2iin9_5_Ru" which threw an exception]

Subsequent non-fatal errors won't be logged; see https://fburl.com/debugjs. {column: 180, clientTime: 1773200962, extra: Object, guardList: Array(8), hash: zc1lej} @ https://static.xx.fbcdn.net/rsrc.php/v4/yK/r/zU7w-bxkBNJ.js:76
[   30643ms] [ERROR] ErrorUtils caught an error:

Could not find element "u_i2iin9_l_9p" [Caught in: Module "__elem_8937e029_i2iin9_1_YE"] [Caught in: Module "__inst_ba8a864d_i2iin9_1_rh"]

Subsequent non-fatal errors won't be logged; see https://fburl.com/debugjs. {column: 180, clientTime: 1773200962, extra: Object, guardList: Array(8), hash: xtr2vt} @ https://static.xx.fbcdn.net/rsrc.php/v4/yK/r/zU7w-bxkBNJ.js:76
[   30643ms] [ERROR] ErrorUtils caught an error:

Could not find element "u_i2iin9_1e_YJ" [Caught in: Module "__elem_fc9f538f_i2iin9_f_Ut"]

Subsequent non-fatal errors won't be logged; see https://fburl.com/debugjs. {column: 180, clientTime: 1773200962, extra: Object, guardList: Array(8), hash: zkm3yb} @ https://static.xx.fbcdn.net/rsrc.php/v4/yK/r/zU7w-bxkBNJ.js:76
[   30644ms] [ERROR] ErrorUtils caught an error:

Could not find element "u_i2iin9_1f_10" [Caught in: Module "__elem_fc9f538f_i2iin9_g_FK"]

Subsequent non-fatal errors won't be logged; see https://fburl.com/debugjs. {column: 180, clientTime: 1773200962, extra: Object, guardList: Array(8), hash: zkm3yb} @ https://static.xx.fbcdn.net/rsrc.php/v4/yK/r/zU7w-bxkBNJ.js:76
[   30644ms] [ERROR] ErrorUtils caught an error:

Could not find element "u_i2iin9_1g_i6" [Caught in: Module "__elem_fc9f538f_i2iin9_h_/Q"]

Subsequent non-fatal errors won't be logged; see https://fburl.com/debugjs. {column: 180, clientTime: 1773200962, extra: Object, guardList: Array(8), hash: zkm3yb} @ https://static.xx.fbcdn.net/rsrc.php/v4/yK/r/zU7w-bxkBNJ.js:76
[   30645ms] [ERROR] ErrorUtils caught an error:

Could not find element "u_i2iin9_1h_l9" [Caught in: Module "__elem_b8bc2371_i2iin9_1_Z+"] [Caught in: Module "__inst_e4bcf98c_i2iin9_0_ci"]

Subsequent non-fatal errors won't be logged; see https://fburl.com/debugjs. {column: 180, clientTime: 1773200962, extra: Object, guardList: Array(8), hash: xtr2vt} @ https://static.xx.fbcdn.net/rsrc.php/v4/yK/r/zU7w-bxkBNJ.js:76
[   30645ms] [ERROR] ErrorUtils caught an error:

Could not find element "u_i2iin9_1j_u7" [Caught in: Module "__elem_fc9f538f_i2iin9_i_1j"]

Subsequent non-fatal errors won't be logged; see https://fburl.com/debugjs. {column: 180, clientTime: 1773200962, extra: Object, guardList: Array(8), hash: zkm3yb} @ https://static.xx.fbcdn.net/rsrc.php/v4/yK/r/zU7w-bxkBNJ.js:76
[   30646ms] [ERROR] ErrorUtils caught an error:

Could not find element "u_i2iin9_1k_eB" [Caught in: Module "__elem_fc9f538f_i2iin9_j_eg"]

Subsequent non-fatal errors won't be logged; see https://fburl.com/debugjs. {column: 180, clientTime: 1773200962, extra: Object, guardList: Array(8), hash: zkm3yb} @ https://static.xx.fbcdn.net/rsrc.php/v4/yK/r/zU7w-bxkBNJ.js:76
[   30646ms] [ERROR] ErrorUtils caught an error:

Could not find element "u_i2iin9_15_TQ" [Caught in: Module "__elem_fc9f538f_i2iin9_k_ef"]

Subsequent non-fatal errors won't be logged; see https://fburl.com/debugjs. {column: 180, clientTime: 1773200962, extra: Object, guardList: Array(8), hash: zkm3yb} @ https://static.xx.fbcdn.net/rsrc.php/v4/yK/r/zU7w-bxkBNJ.js:76
[   30647ms] [ERROR] ErrorUtils caught an error:

Could not find element "u_i2iin9_16_Xu" [Caught in: Module "__elem_fc9f538f_i2iin9_l_3I"]

Subsequent non-fatal errors won't be logged; see https://fburl.com/debugjs. {column: 180, clientTime: 1773200962, extra: Object, guardList: Array(8), hash: zkm3yb} @ https://static.xx.fbcdn.net/rsrc.php/v4/yK/r/zU7w-bxkBNJ.js:76
[   30648ms] [ERROR] ErrorUtils caught an error:

Could not find element "u_i2iin9_w_Ah" [Caught in: Module "__elem_9f5fac15_i2iin9_0_oN"] [Caught in: Module "__inst_41781d56_i2iin9_0_Hy"] [Caught in: Requiring module "__elem_9f5fac15_i2iin9_0_oN" which threw an exception] [Caught in: Requiring module "__inst_41781d56_i2iin9_0_Hy" which threw an exception]

Subsequent non-fatal errors won't be logged; see https://fburl.com/debugjs. {column: 180, clientTime: 1773200962, extra: Object, guardList: Array(8), hash: zc1lej} @ https://static.xx.fbcdn.net/rsrc.php/v4/yK/r/zU7w-bxkBNJ.js:76
