[     699ms] [ERROR] Loading the stylesheet 'https://fonts.googleapis.com/css2?family=Geist:wght@300;400;500;600;700&family=Geist+Mono:wght@400;500&display=swap' violates the following Content Security Policy directive: "style-src 'self' 'unsafe-inline'". Note that 'style-src-elem' was not explicitly set, so 'style-src' is used as a fallback. The action has been blocked. @ https://review.aspirehub.ai/analytics:10
[     700ms] [ERROR] Loading the script 'https://static.cloudflareinsights.com/beacon.min.js/v8c78df7c7c0f484497ecbca7046644da1771523124516' violates the following Content Security Policy directive: "script-src 'self'". Note that 'script-src-elem' was not explicitly set, so 'script-src' is used as a fallback. The action has been blocked. @ https://review.aspirehub.ai/analytics:0
[    2656ms] [ERROR] Failed to load resource: the server responded with a status of 400 () @ https://review.aspirehub.ai/socket.io/?EIO=4&transport=polling&t=26n94of2&sid=SATiuyaew9312hk0AAAt:0
[    2658ms] [WARNING] WebSocket connection to 'wss://review.aspirehub.ai/socket.io/?EIO=4&transport=websocket&sid=SATiuyaew9312hk0AAAt' failed: WebSocket is closed before the connection is established. @ https://review.aspirehub.ai/assets/index-DswmfBIW.js:10
[    2902ms] [ERROR] Manifest: Line: 1, column: 1, Syntax error. @ https://review.aspirehub.ai/manifest.json:0
[    2903ms] [WARNING] <meta name="apple-mobile-web-app-capable" content="yes"> is deprecated. Please include <meta name="mobile-web-app-capable" content="yes"> @ https://review.aspirehub.ai/analytics:0
[    3313ms] [ERROR] Failed to load resource: the server responded with a status of 400 () @ https://review.aspirehub.ai/socket.io/?EIO=4&transport=polling&t=26nq5pmo&sid=SATiuyaew9312hk0AAAt:0
[    4975ms] [ERROR] Failed to load resource: the server responded with a status of 400 () @ https://review.aspirehub.ai/socket.io/?EIO=4&transport=polling&t=26p1ipjn&sid=d0KIotyvD3gpWrfaAAAx:0
[    4975ms] [WARNING] WebSocket connection to 'wss://review.aspirehub.ai/socket.io/?EIO=4&transport=websocket&sid=d0KIotyvD3gpWrfaAAAx' failed: WebSocket is closed before the connection is established. @ https://review.aspirehub.ai/assets/index-DswmfBIW.js:10
[    5593ms] [ERROR] Failed to load resource: the server responded with a status of 400 () @ https://review.aspirehub.ai/socket.io/?EIO=4&transport=polling&t=26pii9uy&sid=d0KIotyvD3gpWrfaAAAx:0
[    8158ms] [ERROR] WebSocket connection to 'wss://review.aspirehub.ai/socket.io/?EIO=4&transport=websocket&sid=ve8YlH_sLWakbkOUAAAu' failed: Error during WebSocket handshake: Unexpected response code: 400 @ https://review.aspirehub.ai/assets/index-DswmfBIW.js:10
[   32410ms] [ERROR] Failed to load resource: the server responded with a status of 400 () @ https://review.aspirehub.ai/socket.io/?EIO=4&transport=polling&t=27a7kmir&sid=ve8YlH_sLWakbkOUAAAu:0
[   33037ms] [ERROR] Failed to load resource: the server responded with a status of 400 () @ https://review.aspirehub.ai/socket.io/?EIO=4&transport=polling&t=27aomjbx&sid=ve8YlH_sLWakbkOUAAAu:0
[   34441ms] [ERROR] Failed to load resource: the server responded with a status of 400 () @ https://review.aspirehub.ai/socket.io/?EIO=4&transport=polling&t=27bri6fe&sid=s5zvKiDzkiZ08DpbAAAz:0
[   34443ms] [WARNING] WebSocket connection to 'wss://review.aspirehub.ai/socket.io/?EIO=4&transport=websocket&sid=s5zvKiDzkiZ08DpbAAAz' failed: WebSocket is closed before the connection is established. @ https://review.aspirehub.ai/assets/index-DswmfBIW.js:10
[   35058ms] [ERROR] Failed to load resource: the server responded with a status of 400 () @ https://review.aspirehub.ai/socket.io/?EIO=4&transport=polling&t=27c913n4&sid=s5zvKiDzkiZ08DpbAAAz:0
[   37340ms] [ERROR] WebSocket connection to 'wss://review.aspirehub.ai/socket.io/?EIO=4&transport=websocket&sid=b_P9hS7kyRspXsIPAAAw' failed: Error during WebSocket handshake: Unexpected response code: 400 @ https://review.aspirehub.ai/assets/index-DswmfBIW.js:10
[   87175ms] [ERROR] Failed to load resource: the server responded with a status of 400 () @ https://review.aspirehub.ai/socket.io/?EIO=4&transport=polling&t=28ggtieu&sid=b_P9hS7kyRspXsIPAAAw:0
[   87787ms] [ERROR] Failed to load resource: the server responded with a status of 400 () @ https://review.aspirehub.ai/socket.io/?EIO=4&transport=polling&t=28gxvbgy&sid=b_P9hS7kyRspXsIPAAAw:0
[   89538ms] [ERROR] Failed to load resource: the server responded with a status of 400 () @ https://review.aspirehub.ai/socket.io/?EIO=4&transport=polling&t=28i8l9yg&sid=4hlS327kEyIJixvtAAA0:0
[   89540ms] [WARNING] WebSocket connection to 'wss://review.aspirehub.ai/socket.io/?EIO=4&transport=websocket&sid=4hlS327kEyIJixvtAAA0' failed: WebSocket is closed before the connection is established. @ https://review.aspirehub.ai/assets/index-DswmfBIW.js:10
[   90149ms] [ERROR] Failed to load resource: the server responded with a status of 400 () @ https://review.aspirehub.ai/socket.io/?EIO=4&transport=polling&t=28irjlva&sid=4hlS327kEyIJixvtAAA0:0
[   92173ms] [ERROR] Failed to load resource: the server responded with a status of 400 () @ https://review.aspirehub.ai/socket.io/?EIO=4&transport=polling&t=28kbddu4&sid=8n1g3qT_ZFV9D-y2AAAy:0
[   92174ms] [WARNING] WebSocket connection to 'wss://review.aspirehub.ai/socket.io/?EIO=4&transport=websocket&sid=8n1g3qT_ZFV9D-y2AAAy' failed: WebSocket is closed before the connection is established. @ https://review.aspirehub.ai/assets/index-DswmfBIW.js:10
[   92797ms] [ERROR] Failed to load resource: the server responded with a status of 400 () @ https://review.aspirehub.ai/socket.io/?EIO=4&transport=polling&t=28kspyp4&sid=8n1g3qT_ZFV9D-y2AAAy:0
[   96954ms] [ERROR] WebSocket connection to 'wss://review.aspirehub.ai/socket.io/?EIO=4&transport=websocket&sid=VDhiomffuJDP6pQsAAA1' failed: Error during WebSocket handshake: Unexpected response code: 400 @ https://review.aspirehub.ai/assets/index-DswmfBIW.js:10
[  119609ms] [ERROR] Failed to load resource: the server responded with a status of 400 () @ https://review.aspirehub.ai/socket.io/?EIO=4&transport=polling&t=295hqmi6&sid=VDhiomffuJDP6pQsAAA1:0
[  120217ms] [ERROR] Failed to load resource: the server responded with a status of 400 () @ https://review.aspirehub.ai/socket.io/?EIO=4&transport=polling&t=295ytgta&sid=VDhiomffuJDP6pQsAAA1:0
[  121868ms] [ERROR] Failed to load resource: the server responded with a status of 400 () @ https://review.aspirehub.ai/socket.io/?EIO=4&transport=polling&t=2971fis8&sid=gavpRYLl9oHwKMm9AAA0:0
[  121870ms] [WARNING] WebSocket connection to 'wss://review.aspirehub.ai/socket.io/?EIO=4&transport=websocket&sid=gavpRYLl9oHwKMm9AAA0' failed: WebSocket is closed before the connection is established. @ https://review.aspirehub.ai/assets/index-DswmfBIW.js:10
[  122516ms] [ERROR] Failed to load resource: the server responded with a status of 400 () @ https://review.aspirehub.ai/socket.io/?EIO=4&transport=polling&t=297pkueh&sid=gavpRYLl9oHwKMm9AAA0:0
[  123764ms] [ERROR] Failed to load resource: the server responded with a status of 400 () @ https://review.aspirehub.ai/socket.io/?EIO=4&transport=polling&t=298pc76t&sid=CqDxbxb6c5968yvrAAA3:0
[  123766ms] [WARNING] WebSocket connection to 'wss://review.aspirehub.ai/socket.io/?EIO=4&transport=websocket&sid=CqDxbxb6c5968yvrAAA3' failed: WebSocket is closed before the connection is established. @ https://review.aspirehub.ai/assets/index-DswmfBIW.js:10
[  124419ms] [ERROR] Failed to load resource: the server responded with a status of 400 () @ https://review.aspirehub.ai/socket.io/?EIO=4&transport=polling&t=2996974v&sid=CqDxbxb6c5968yvrAAA3:0
[  125998ms] [ERROR] Failed to load resource: the server responded with a status of 400 () @ https://review.aspirehub.ai/socket.io/?EIO=4&transport=polling&t=29adxu9d&sid=z12Lsz8lDgzP9fPBAAA4:0
[  125999ms] [WARNING] WebSocket connection to 'wss://review.aspirehub.ai/socket.io/?EIO=4&transport=websocket&sid=z12Lsz8lDgzP9fPBAAA4' failed: WebSocket is closed before the connection is established. @ https://review.aspirehub.ai/assets/index-DswmfBIW.js:10
[  128130ms] [ERROR] Failed to load resource: the server responded with a status of 400 () @ https://review.aspirehub.ai/socket.io/?EIO=4&transport=polling&t=29bz7nx6&sid=vpHNXgQGpy0nQ9gFAAA6:0
[  128132ms] [WARNING] WebSocket connection to 'wss://review.aspirehub.ai/socket.io/?EIO=4&transport=websocket&sid=vpHNXgQGpy0nQ9gFAAA6' failed: WebSocket is closed before the connection is established. @ https://review.aspirehub.ai/assets/index-DswmfBIW.js:10
[  128808ms] [ERROR] Failed to load resource: the server responded with a status of 400 () @ https://review.aspirehub.ai/socket.io/?EIO=4&transport=polling&t=29cjiirq&sid=vpHNXgQGpy0nQ9gFAAA6:0
[  130915ms] [ERROR] Failed to load resource: the server responded with a status of 400 () @ https://review.aspirehub.ai/socket.io/?EIO=4&transport=polling&t=29e70z5m&sid=z0-2cLNaQYDkQdpXAAA1:0
[  130917ms] [WARNING] WebSocket connection to 'wss://review.aspirehub.ai/socket.io/?EIO=4&transport=websocket&sid=z0-2cLNaQYDkQdpXAAA1' failed: WebSocket is closed before the connection is established. @ https://review.aspirehub.ai/assets/index-DswmfBIW.js:10
[  131560ms] [ERROR] Failed to load resource: the server responded with a status of 400 () @ https://review.aspirehub.ai/socket.io/?EIO=4&transport=polling&t=29eova5t&sid=z0-2cLNaQYDkQdpXAAA1:0
[  133336ms] [ERROR] Failed to load resource: the server responded with a status of 400 () @ https://review.aspirehub.ai/socket.io/?EIO=4&transport=polling&t=29fzyz8j&sid=7ufoyziI2y-11vZbAAA8:0
[  133337ms] [WARNING] WebSocket connection to 'wss://review.aspirehub.ai/socket.io/?EIO=4&transport=websocket&sid=7ufoyziI2y-11vZbAAA8' failed: WebSocket is closed before the connection is established. @ https://review.aspirehub.ai/assets/index-DswmfBIW.js:10
[  133963ms] [ERROR] Failed to load resource: the server responded with a status of 400 () @ https://review.aspirehub.ai/socket.io/?EIO=4&transport=polling&t=29gk4abq&sid=7ufoyziI2y-11vZbAAA8:0
[  135635ms] [ERROR] Failed to load resource: the server responded with a status of 400 () @ https://review.aspirehub.ai/socket.io/?EIO=4&transport=polling&t=29hu9qak&sid=FOCU_CdiLcfslrOAAAA3:0
[  135637ms] [WARNING] WebSocket connection to 'wss://review.aspirehub.ai/socket.io/?EIO=4&transport=websocket&sid=FOCU_CdiLcfslrOAAAA3' failed: WebSocket is closed before the connection is established. @ https://review.aspirehub.ai/assets/index-DswmfBIW.js:10
[  136279ms] [ERROR] Failed to load resource: the server responded with a status of 400 () @ https://review.aspirehub.ai/socket.io/?EIO=4&transport=polling&t=29ibzuvc&sid=FOCU_CdiLcfslrOAAAA3:0
