[    1446ms] ReferenceError: requireLazy is not defined
    at https://business.facebook.com/latest/home?asset_id=185096185262126&business_id=1455414479706929:6:26
[    1446ms] ReferenceError: requireLazy is not defined
    at https://business.facebook.com/latest/home?asset_id=185096185262126&business_id=1455414479706929:6:45337
[    1446ms] ReferenceError: requireLazy is not defined
    at https://business.facebook.com/latest/home?asset_id=185096185262126&business_id=1455414479706929:7:26
[    1446ms] ReferenceError: requireLazy is not defined
    at https://business.facebook.com/latest/home?asset_id=185096185262126&business_id=1455414479706929:8:26
[    1446ms] ReferenceError: requireLazy is not defined
    at https://business.facebook.com/latest/home?asset_id=185096185262126&business_id=1455414479706929:9:26
[    1447ms] ReferenceError: requireLazy is not defined
    at https://business.facebook.com/latest/home?asset_id=185096185262126&business_id=1455414479706929:29:57
[    1447ms] ReferenceError: requireLazy is not defined
    at https://business.facebook.com/latest/home?asset_id=185096185262126&business_id=1455414479706929:30:54
    at https://business.facebook.com/latest/home?asset_id=185096185262126&business_id=1455414479706929:30:150
[    1447ms] ReferenceError: requireLazy is not defined
    at https://business.facebook.com/latest/home?asset_id=185096185262126&business_id=1455414479706929:31:26
[    1447ms] ReferenceError: requireLazy is not defined
    at https://business.facebook.com/latest/home?asset_id=185096185262126&business_id=1455414479706929:32:26
[    1498ms] ReferenceError: requireLazy is not defined
    at https://business.facebook.com/latest/home?asset_id=185096185262126&business_id=1455414479706929:32:175
    at https://business.facebook.com/latest/home?asset_id=185096185262126&business_id=1455414479706929:32:270
[    1499ms] ReferenceError: requireLazy is not defined
    at https://business.facebook.com/latest/home?asset_id=185096185262126&business_id=1455414479706929:33:26
[    4501ms] [WARNING] The resource https://static.xx.fbcdn.net/rsrc.php/v4/yw/r/h0R5SaW-d1w.js was preloaded using link preload but not used within a few seconds from the window's load event. Please make sure it has an appropriate `as` value and it is preloaded intentionally. @ https://business.facebook.com/latest/home?asset_id=185096185262126&business_id=1455414479706929:0
[    4501ms] [WARNING] The resource https://static.xx.fbcdn.net/rsrc.php/v4iEGv4/ye/l/en_US-j/eaW7jKZTaTc.js was preloaded using link preload but not used within a few seconds from the window's load event. Please make sure it has an appropriate `as` value and it is preloaded intentionally. @ https://business.facebook.com/latest/home?asset_id=185096185262126&business_id=1455414479706929:0
[    4501ms] [WARNING] The resource https://static.xx.fbcdn.net/rsrc.php/v4iFFx4/yY/l/en_US-j/UZQyUdh1fdT.js was preloaded using link preload but not used within a few seconds from the window's load event. Please make sure it has an appropriate `as` value and it is preloaded intentionally. @ https://business.facebook.com/latest/home?asset_id=185096185262126&business_id=1455414479706929:0
[    4501ms] [WARNING] The resource https://static.xx.fbcdn.net/rsrc.php/v4iLpP4/yX/l/en_US-j/30WluizUlZ1.js was preloaded using link preload but not used within a few seconds from the window's load event. Please make sure it has an appropriate `as` value and it is preloaded intentionally. @ https://business.facebook.com/latest/home?asset_id=185096185262126&business_id=1455414479706929:0
[    4501ms] [WARNING] The resource https://static.xx.fbcdn.net/rsrc.php/v4/y1/r/cNVGayb4t_2.js was preloaded using link preload but not used within a few seconds from the window's load event. Please make sure it has an appropriate `as` value and it is preloaded intentionally. @ https://business.facebook.com/latest/home?asset_id=185096185262126&business_id=1455414479706929:0
[    4502ms] [WARNING] The resource https://static.xx.fbcdn.net/rsrc.php/v4/yg/r/jSwR3PvGIdt.js was preloaded using link preload but not used within a few seconds from the window's load event. Please make sure it has an appropriate `as` value and it is preloaded intentionally. @ https://business.facebook.com/latest/home?asset_id=185096185262126&business_id=1455414479706929:0
[    4502ms] [WARNING] The resource https://static.xx.fbcdn.net/rsrc.php/v4/yw/r/3xT9vF1OpPY.js was preloaded using link preload but not used within a few seconds from the window's load event. Please make sure it has an appropriate `as` value and it is preloaded intentionally. @ https://business.facebook.com/latest/home?asset_id=185096185262126&business_id=1455414479706929:0
[    4502ms] [WARNING] The resource https://static.xx.fbcdn.net/rsrc.php/v4i3bL4/yZ/l/en_US-j/vh3Rrea4l_K.js was preloaded using link preload but not used within a few seconds from the window's load event. Please make sure it has an appropriate `as` value and it is preloaded intentionally. @ https://business.facebook.com/latest/home?asset_id=185096185262126&business_id=1455414479706929:0
[    4502ms] [WARNING] The resource https://static.xx.fbcdn.net/rsrc.php/v4/yq/r/idGhRGm6RWY.js was preloaded using link preload but not used within a few seconds from the window's load event. Please make sure it has an appropriate `as` value and it is preloaded intentionally. @ https://business.facebook.com/latest/home?asset_id=185096185262126&business_id=1455414479706929:0
[    4502ms] [WARNING] The resource https://static.xx.fbcdn.net/rsrc.php/v4iL554/yf/l/en_US-j/tgmgDbvkFJq.js was preloaded using link preload but not used within a few seconds from the window's load event. Please make sure it has an appropriate `as` value and it is preloaded intentionally. @ https://business.facebook.com/latest/home?asset_id=185096185262126&business_id=1455414479706929:0
[    4502ms] [WARNING] The resource https://static.xx.fbcdn.net/rsrc.php/v4/yC/r/K5Zg3tTxTI1.js was preloaded using link preload but not used within a few seconds from the window's load event. Please make sure it has an appropriate `as` value and it is preloaded intentionally. @ https://business.facebook.com/latest/home?asset_id=185096185262126&business_id=1455414479706929:0
[    4502ms] [WARNING] The resource https://static.xx.fbcdn.net/rsrc.php/v4/yk/r/UuFDz9AglyH.js was preloaded using link preload but not used within a few seconds from the window's load event. Please make sure it has an appropriate `as` value and it is preloaded intentionally. @ https://business.facebook.com/latest/home?asset_id=185096185262126&business_id=1455414479706929:0
[    4502ms] [WARNING] The resource https://static.xx.fbcdn.net/rsrc.php/v4/yx/r/0eT48Sk3eIJ.js was preloaded using link preload but not used within a few seconds from the window's load event. Please make sure it has an appropriate `as` value and it is preloaded intentionally. @ https://business.facebook.com/latest/home?asset_id=185096185262126&business_id=1455414479706929:0
