[    1681ms] [ERROR] The Content Security Policy directive 'upgrade-insecure-requests' is ignored when delivered in a report-only policy. @ https://developers.tiktok.com/app/7613687579988510732/pending:0
[    5577ms] [WARNING] The 'deprecatedStyle' prop is deprecated. Please use the associated style props instead (e.g. "marginInline", "flex") @ https://sf16-website.neutral.ttwstatic.com/obj/tiktok_web_static/developers/build/vendors/112-a24db718645345e8-ce27d2c95f2da0f14f95cb08851d62a597491534.js:0
[    5580ms] [WARNING] The 'deprecatedStyle' prop is deprecated. Please use the associated style props instead (e.g. "marginInline", "flex") @ https://sf16-website.neutral.ttwstatic.com/obj/tiktok_web_static/developers/build/vendors/112-a24db718645345e8-ce27d2c95f2da0f14f95cb08851d62a597491534.js:0
[    5588ms] [WARNING] The 'deprecatedStyle' prop is deprecated. Please use the associated style props instead (e.g. "marginInline", "flex") @ https://sf16-website.neutral.ttwstatic.com/obj/tiktok_web_static/developers/build/vendors/112-a24db718645345e8-ce27d2c95f2da0f14f95cb08851d62a597491534.js:0
[    5611ms] [WARNING] The 'deprecatedStyle' prop is deprecated. Please use the associated style props instead (e.g. "marginInline", "flex") @ https://sf16-website.neutral.ttwstatic.com/obj/tiktok_web_static/developers/build/vendors/112-a24db718645345e8-ce27d2c95f2da0f14f95cb08851d62a597491534.js:0
[    5612ms] [WARNING] The 'deprecatedStyle' prop is deprecated. Please use the associated style props instead (e.g. "marginInline", "flex") @ https://sf16-website.neutral.ttwstatic.com/obj/tiktok_web_static/developers/build/vendors/112-a24db718645345e8-ce27d2c95f2da0f14f95cb08851d62a597491534.js:0
[    5614ms] [WARNING] The 'deprecatedStyle' prop is deprecated. Please use the associated style props instead (e.g. "marginInline", "flex") @ https://sf16-website.neutral.ttwstatic.com/obj/tiktok_web_static/developers/build/vendors/112-a24db718645345e8-ce27d2c95f2da0f14f95cb08851d62a597491534.js:0
[    6084ms] [WARNING] The 'deprecatedStyle' prop is deprecated. Please use the associated style props instead (e.g. "marginInline", "flex") @ https://sf16-website.neutral.ttwstatic.com/obj/tiktok_web_static/developers/build/vendors/112-a24db718645345e8-ce27d2c95f2da0f14f95cb08851d62a597491534.js:0
[    6585ms] [WARNING] RTC_AMBULANCE have non-native code:
 RTCPeerConnection.prototype.addStream
RTCPeerConnection.prototype.addTrack
RTCPeerConnection.prototype.createDataChannel
RTCPeerConnection.prototype.getLocalStreams
RTCPeerConnection.prototype.getStats
RTCPeerConnection.prototype.removeStream
RTCPeerConnection.prototype.removeTrack
RTCPeerConnection.prototype.setRemoteDescription
RTCPeerConnection.prototype.addEventListener
RTCPeerConnection.prototype.removeEventListener
navigator.mediaDevices.getUserMedia
console.error
navigator.mediaDevices.getDisplayMedia @ https://sf16-website-login.neutral.ttwstatic.com/obj/tiktok_web_login_static/tiktok/web/tt4d_coze_ai_bot/coze-chat-app-sdk/1.2.0-beta.19-tt4d-t6/libs/oversea/index.js:12
[   93734ms] [WARNING] The 'deprecatedStyle' prop is deprecated. Please use the associated style props instead (e.g. "marginInline", "flex") @ https://sf16-website.neutral.ttwstatic.com/obj/tiktok_web_static/developers/build/vendors/112-a24db718645345e8-ce27d2c95f2da0f14f95cb08851d62a597491534.js:0
[   93734ms] [WARNING] The 'deprecatedStyle' prop is deprecated. Please use the associated style props instead (e.g. "marginInline", "flex") @ https://sf16-website.neutral.ttwstatic.com/obj/tiktok_web_static/developers/build/vendors/112-a24db718645345e8-ce27d2c95f2da0f14f95cb08851d62a597491534.js:0
[   93741ms] [WARNING] The 'deprecatedStyle' prop is deprecated. Please use the associated style props instead (e.g. "marginInline", "flex") @ https://sf16-website.neutral.ttwstatic.com/obj/tiktok_web_static/developers/build/vendors/112-a24db718645345e8-ce27d2c95f2da0f14f95cb08851d62a597491534.js:0
[   93741ms] [WARNING] The 'deprecatedStyle' prop is deprecated. Please use the associated style props instead (e.g. "marginInline", "flex") @ https://sf16-website.neutral.ttwstatic.com/obj/tiktok_web_static/developers/build/vendors/112-a24db718645345e8-ce27d2c95f2da0f14f95cb08851d62a597491534.js:0
[   93753ms] [WARNING] The 'deprecatedStyle' prop is deprecated. Please use the associated style props instead (e.g. "marginInline", "flex") @ https://sf16-website.neutral.ttwstatic.com/obj/tiktok_web_static/developers/build/vendors/112-a24db718645345e8-ce27d2c95f2da0f14f95cb08851d62a597491534.js:0
[   93753ms] [WARNING] The 'deprecatedStyle' prop is deprecated. Please use the associated style props instead (e.g. "marginInline", "flex") @ https://sf16-website.neutral.ttwstatic.com/obj/tiktok_web_static/developers/build/vendors/112-a24db718645345e8-ce27d2c95f2da0f14f95cb08851d62a597491534.js:0
[   93756ms] [WARNING] The 'deprecatedStyle' prop is deprecated. Please use the associated style props instead (e.g. "marginInline", "flex") @ https://sf16-website.neutral.ttwstatic.com/obj/tiktok_web_static/developers/build/vendors/112-a24db718645345e8-ce27d2c95f2da0f14f95cb08851d62a597491534.js:0
[   93756ms] [WARNING] The 'deprecatedStyle' prop is deprecated. Please use the associated style props instead (e.g. "marginInline", "flex") @ https://sf16-website.neutral.ttwstatic.com/obj/tiktok_web_static/developers/build/vendors/112-a24db718645345e8-ce27d2c95f2da0f14f95cb08851d62a597491534.js:0
[  100350ms] [WARNING] The 'deprecatedStyle' prop is deprecated. Please use the associated style props instead (e.g. "marginInline", "flex") @ https://sf16-website.neutral.ttwstatic.com/obj/tiktok_web_static/developers/build/vendors/112-a24db718645345e8-ce27d2c95f2da0f14f95cb08851d62a597491534.js:0
[  100350ms] [WARNING] The 'deprecatedStyle' prop is deprecated. Please use the associated style props instead (e.g. "marginInline", "flex") @ https://sf16-website.neutral.ttwstatic.com/obj/tiktok_web_static/developers/build/vendors/112-a24db718645345e8-ce27d2c95f2da0f14f95cb08851d62a597491534.js:0
[  100356ms] [WARNING] The 'deprecatedStyle' prop is deprecated. Please use the associated style props instead (e.g. "marginInline", "flex") @ https://sf16-website.neutral.ttwstatic.com/obj/tiktok_web_static/developers/build/vendors/112-a24db718645345e8-ce27d2c95f2da0f14f95cb08851d62a597491534.js:0
[  100356ms] [WARNING] The 'deprecatedStyle' prop is deprecated. Please use the associated style props instead (e.g. "marginInline", "flex") @ https://sf16-website.neutral.ttwstatic.com/obj/tiktok_web_static/developers/build/vendors/112-a24db718645345e8-ce27d2c95f2da0f14f95cb08851d62a597491534.js:0
[  100365ms] [WARNING] The 'deprecatedStyle' prop is deprecated. Please use the associated style props instead (e.g. "marginInline", "flex") @ https://sf16-website.neutral.ttwstatic.com/obj/tiktok_web_static/developers/build/vendors/112-a24db718645345e8-ce27d2c95f2da0f14f95cb08851d62a597491534.js:0
[  100366ms] [WARNING] The 'deprecatedStyle' prop is deprecated. Please use the associated style props instead (e.g. "marginInline", "flex") @ https://sf16-website.neutral.ttwstatic.com/obj/tiktok_web_static/developers/build/vendors/112-a24db718645345e8-ce27d2c95f2da0f14f95cb08851d62a597491534.js:0
[  100370ms] [WARNING] The 'deprecatedStyle' prop is deprecated. Please use the associated style props instead (e.g. "marginInline", "flex") @ https://sf16-website.neutral.ttwstatic.com/obj/tiktok_web_static/developers/build/vendors/112-a24db718645345e8-ce27d2c95f2da0f14f95cb08851d62a597491534.js:0
[  100370ms] [WARNING] The 'deprecatedStyle' prop is deprecated. Please use the associated style props instead (e.g. "marginInline", "flex") @ https://sf16-website.neutral.ttwstatic.com/obj/tiktok_web_static/developers/build/vendors/112-a24db718645345e8-ce27d2c95f2da0f14f95cb08851d62a597491534.js:0
[  116910ms] [WARNING] The 'deprecatedStyle' prop is deprecated. Please use the associated style props instead (e.g. "marginInline", "flex") @ https://sf16-website.neutral.ttwstatic.com/obj/tiktok_web_static/developers/build/vendors/112-a24db718645345e8-ce27d2c95f2da0f14f95cb08851d62a597491534.js:0
[  116911ms] [WARNING] The 'deprecatedStyle' prop is deprecated. Please use the associated style props instead (e.g. "marginInline", "flex") @ https://sf16-website.neutral.ttwstatic.com/obj/tiktok_web_static/developers/build/vendors/112-a24db718645345e8-ce27d2c95f2da0f14f95cb08851d62a597491534.js:0
[  116917ms] [WARNING] The 'deprecatedStyle' prop is deprecated. Please use the associated style props instead (e.g. "marginInline", "flex") @ https://sf16-website.neutral.ttwstatic.com/obj/tiktok_web_static/developers/build/vendors/112-a24db718645345e8-ce27d2c95f2da0f14f95cb08851d62a597491534.js:0
[  116917ms] [WARNING] The 'deprecatedStyle' prop is deprecated. Please use the associated style props instead (e.g. "marginInline", "flex") @ https://sf16-website.neutral.ttwstatic.com/obj/tiktok_web_static/developers/build/vendors/112-a24db718645345e8-ce27d2c95f2da0f14f95cb08851d62a597491534.js:0
[  117266ms] [WARNING] The 'deprecatedStyle' prop is deprecated. Please use the associated style props instead (e.g. "marginInline", "flex") @ https://sf16-website.neutral.ttwstatic.com/obj/tiktok_web_static/developers/build/vendors/112-a24db718645345e8-ce27d2c95f2da0f14f95cb08851d62a597491534.js:0
[  117267ms] [WARNING] The 'deprecatedStyle' prop is deprecated. Please use the associated style props instead (e.g. "marginInline", "flex") @ https://sf16-website.neutral.ttwstatic.com/obj/tiktok_web_static/developers/build/vendors/112-a24db718645345e8-ce27d2c95f2da0f14f95cb08851d62a597491534.js:0
[  117270ms] [WARNING] The 'deprecatedStyle' prop is deprecated. Please use the associated style props instead (e.g. "marginInline", "flex") @ https://sf16-website.neutral.ttwstatic.com/obj/tiktok_web_static/developers/build/vendors/112-a24db718645345e8-ce27d2c95f2da0f14f95cb08851d62a597491534.js:0
[  117270ms] [WARNING] The 'deprecatedStyle' prop is deprecated. Please use the associated style props instead (e.g. "marginInline", "flex") @ https://sf16-website.neutral.ttwstatic.com/obj/tiktok_web_static/developers/build/vendors/112-a24db718645345e8-ce27d2c95f2da0f14f95cb08851d62a597491534.js:0
[  117624ms] [WARNING] The 'deprecatedStyle' prop is deprecated. Please use the associated style props instead (e.g. "marginInline", "flex") @ https://sf16-website.neutral.ttwstatic.com/obj/tiktok_web_static/developers/build/vendors/112-a24db718645345e8-ce27d2c95f2da0f14f95cb08851d62a597491534.js:0
[  117624ms] [WARNING] The 'deprecatedStyle' prop is deprecated. Please use the associated style props instead (e.g. "marginInline", "flex") @ https://sf16-website.neutral.ttwstatic.com/obj/tiktok_web_static/developers/build/vendors/112-a24db718645345e8-ce27d2c95f2da0f14f95cb08851d62a597491534.js:0
[  117628ms] [WARNING] The 'deprecatedStyle' prop is deprecated. Please use the associated style props instead (e.g. "marginInline", "flex") @ https://sf16-website.neutral.ttwstatic.com/obj/tiktok_web_static/developers/build/vendors/112-a24db718645345e8-ce27d2c95f2da0f14f95cb08851d62a597491534.js:0
[  117628ms] [WARNING] The 'deprecatedStyle' prop is deprecated. Please use the associated style props instead (e.g. "marginInline", "flex") @ https://sf16-website.neutral.ttwstatic.com/obj/tiktok_web_static/developers/build/vendors/112-a24db718645345e8-ce27d2c95f2da0f14f95cb08851d62a597491534.js:0
[  131730ms] [WARNING] The 'deprecatedStyle' prop is deprecated. Please use the associated style props instead (e.g. "marginInline", "flex") @ https://sf16-website.neutral.ttwstatic.com/obj/tiktok_web_static/developers/build/vendors/112-a24db718645345e8-ce27d2c95f2da0f14f95cb08851d62a597491534.js:0
[  131731ms] [WARNING] The 'deprecatedStyle' prop is deprecated. Please use the associated style props instead (e.g. "marginInline", "flex") @ https://sf16-website.neutral.ttwstatic.com/obj/tiktok_web_static/developers/build/vendors/112-a24db718645345e8-ce27d2c95f2da0f14f95cb08851d62a597491534.js:0
[  131734ms] [WARNING] The 'deprecatedStyle' prop is deprecated. Please use the associated style props instead (e.g. "marginInline", "flex") @ https://sf16-website.neutral.ttwstatic.com/obj/tiktok_web_static/developers/build/vendors/112-a24db718645345e8-ce27d2c95f2da0f14f95cb08851d62a597491534.js:0
[  131734ms] [WARNING] The 'deprecatedStyle' prop is deprecated. Please use the associated style props instead (e.g. "marginInline", "flex") @ https://sf16-website.neutral.ttwstatic.com/obj/tiktok_web_static/developers/build/vendors/112-a24db718645345e8-ce27d2c95f2da0f14f95cb08851d62a597491534.js:0
[  146895ms] [WARNING] The 'deprecatedStyle' prop is deprecated. Please use the associated style props instead (e.g. "marginInline", "flex") @ https://sf16-website.neutral.ttwstatic.com/obj/tiktok_web_static/developers/build/vendors/112-a24db718645345e8-ce27d2c95f2da0f14f95cb08851d62a597491534.js:0
[  146896ms] [WARNING] The 'deprecatedStyle' prop is deprecated. Please use the associated style props instead (e.g. "marginInline", "flex") @ https://sf16-website.neutral.ttwstatic.com/obj/tiktok_web_static/developers/build/vendors/112-a24db718645345e8-ce27d2c95f2da0f14f95cb08851d62a597491534.js:0
[  146902ms] [WARNING] The 'deprecatedStyle' prop is deprecated. Please use the associated style props instead (e.g. "marginInline", "flex") @ https://sf16-website.neutral.ttwstatic.com/obj/tiktok_web_static/developers/build/vendors/112-a24db718645345e8-ce27d2c95f2da0f14f95cb08851d62a597491534.js:0
[  146902ms] [WARNING] The 'deprecatedStyle' prop is deprecated. Please use the associated style props instead (e.g. "marginInline", "flex") @ https://sf16-website.neutral.ttwstatic.com/obj/tiktok_web_static/developers/build/vendors/112-a24db718645345e8-ce27d2c95f2da0f14f95cb08851d62a597491534.js:0
[  168930ms] [WARNING] The 'deprecatedStyle' prop is deprecated. Please use the associated style props instead (e.g. "marginInline", "flex") @ https://sf16-website.neutral.ttwstatic.com/obj/tiktok_web_static/developers/build/vendors/112-a24db718645345e8-ce27d2c95f2da0f14f95cb08851d62a597491534.js:0
[  168936ms] [WARNING] The 'deprecatedStyle' prop is deprecated. Please use the associated style props instead (e.g. "marginInline", "flex") @ https://sf16-website.neutral.ttwstatic.com/obj/tiktok_web_static/developers/build/vendors/112-a24db718645345e8-ce27d2c95f2da0f14f95cb08851d62a597491534.js:0
[  168937ms] [WARNING] The 'deprecatedStyle' prop is deprecated. Please use the associated style props instead (e.g. "marginInline", "flex") @ https://sf16-website.neutral.ttwstatic.com/obj/tiktok_web_static/developers/build/vendors/112-a24db718645345e8-ce27d2c95f2da0f14f95cb08851d62a597491534.js:0
[  168951ms] [WARNING] The 'deprecatedStyle' prop is deprecated. Please use the associated style props instead (e.g. "marginInline", "flex") @ https://sf16-website.neutral.ttwstatic.com/obj/tiktok_web_static/developers/build/vendors/112-a24db718645345e8-ce27d2c95f2da0f14f95cb08851d62a597491534.js:0
[  168951ms] [WARNING] The 'deprecatedStyle' prop is deprecated. Please use the associated style props instead (e.g. "marginInline", "flex") @ https://sf16-website.neutral.ttwstatic.com/obj/tiktok_web_static/developers/build/vendors/112-a24db718645345e8-ce27d2c95f2da0f14f95cb08851d62a597491534.js:0
[  173722ms] [WARNING] The 'deprecatedStyle' prop is deprecated. Please use the associated style props instead (e.g. "marginInline", "flex") @ https://sf16-website.neutral.ttwstatic.com/obj/tiktok_web_static/developers/build/vendors/112-a24db718645345e8-ce27d2c95f2da0f14f95cb08851d62a597491534.js:0
[  173722ms] [WARNING] The 'deprecatedStyle' prop is deprecated. Please use the associated style props instead (e.g. "marginInline", "flex") @ https://sf16-website.neutral.ttwstatic.com/obj/tiktok_web_static/developers/build/vendors/112-a24db718645345e8-ce27d2c95f2da0f14f95cb08851d62a597491534.js:0
[  173728ms] [WARNING] The 'deprecatedStyle' prop is deprecated. Please use the associated style props instead (e.g. "marginInline", "flex") @ https://sf16-website.neutral.ttwstatic.com/obj/tiktok_web_static/developers/build/vendors/112-a24db718645345e8-ce27d2c95f2da0f14f95cb08851d62a597491534.js:0
[  173728ms] [WARNING] The 'deprecatedStyle' prop is deprecated. Please use the associated style props instead (e.g. "marginInline", "flex") @ https://sf16-website.neutral.ttwstatic.com/obj/tiktok_web_static/developers/build/vendors/112-a24db718645345e8-ce27d2c95f2da0f14f95cb08851d62a597491534.js:0
[  173733ms] [WARNING] The 'deprecatedStyle' prop is deprecated. Please use the associated style props instead (e.g. "marginInline", "flex") @ https://sf16-website.neutral.ttwstatic.com/obj/tiktok_web_static/developers/build/vendors/112-a24db718645345e8-ce27d2c95f2da0f14f95cb08851d62a597491534.js:0
[  173734ms] [WARNING] The 'deprecatedStyle' prop is deprecated. Please use the associated style props instead (e.g. "marginInline", "flex") @ https://sf16-website.neutral.ttwstatic.com/obj/tiktok_web_static/developers/build/vendors/112-a24db718645345e8-ce27d2c95f2da0f14f95cb08851d62a597491534.js:0
[  173737ms] [WARNING] The 'deprecatedStyle' prop is deprecated. Please use the associated style props instead (e.g. "marginInline", "flex") @ https://sf16-website.neutral.ttwstatic.com/obj/tiktok_web_static/developers/build/vendors/112-a24db718645345e8-ce27d2c95f2da0f14f95cb08851d62a597491534.js:0
[  173737ms] [WARNING] The 'deprecatedStyle' prop is deprecated. Please use the associated style props instead (e.g. "marginInline", "flex") @ https://sf16-website.neutral.ttwstatic.com/obj/tiktok_web_static/developers/build/vendors/112-a24db718645345e8-ce27d2c95f2da0f14f95cb08851d62a597491534.js:0
[  173739ms] [WARNING] The 'deprecatedStyle' prop is deprecated. Please use the associated style props instead (e.g. "marginInline", "flex") @ https://sf16-website.neutral.ttwstatic.com/obj/tiktok_web_static/developers/build/vendors/112-a24db718645345e8-ce27d2c95f2da0f14f95cb08851d62a597491534.js:0
[  173739ms] [WARNING] The 'deprecatedStyle' prop is deprecated. Please use the associated style props instead (e.g. "marginInline", "flex") @ https://sf16-website.neutral.ttwstatic.com/obj/tiktok_web_static/developers/build/vendors/112-a24db718645345e8-ce27d2c95f2da0f14f95cb08851d62a597491534.js:0
[  173742ms] [WARNING] The 'deprecatedStyle' prop is deprecated. Please use the associated style props instead (e.g. "marginInline", "flex") @ https://sf16-website.neutral.ttwstatic.com/obj/tiktok_web_static/developers/build/vendors/112-a24db718645345e8-ce27d2c95f2da0f14f95cb08851d62a597491534.js:0
[  173742ms] [WARNING] The 'deprecatedStyle' prop is deprecated. Please use the associated style props instead (e.g. "marginInline", "flex") @ https://sf16-website.neutral.ttwstatic.com/obj/tiktok_web_static/developers/build/vendors/112-a24db718645345e8-ce27d2c95f2da0f14f95cb08851d62a597491534.js:0
[  173745ms] [WARNING] The 'deprecatedStyle' prop is deprecated. Please use the associated style props instead (e.g. "marginInline", "flex") @ https://sf16-website.neutral.ttwstatic.com/obj/tiktok_web_static/developers/build/vendors/112-a24db718645345e8-ce27d2c95f2da0f14f95cb08851d62a597491534.js:0
[  173746ms] [WARNING] The 'deprecatedStyle' prop is deprecated. Please use the associated style props instead (e.g. "marginInline", "flex") @ https://sf16-website.neutral.ttwstatic.com/obj/tiktok_web_static/developers/build/vendors/112-a24db718645345e8-ce27d2c95f2da0f14f95cb08851d62a597491534.js:0
[  173748ms] [WARNING] The 'deprecatedStyle' prop is deprecated. Please use the associated style props instead (e.g. "marginInline", "flex") @ https://sf16-website.neutral.ttwstatic.com/obj/tiktok_web_static/developers/build/vendors/112-a24db718645345e8-ce27d2c95f2da0f14f95cb08851d62a597491534.js:0
[  173748ms] [WARNING] The 'deprecatedStyle' prop is deprecated. Please use the associated style props instead (e.g. "marginInline", "flex") @ https://sf16-website.neutral.ttwstatic.com/obj/tiktok_web_static/developers/build/vendors/112-a24db718645345e8-ce27d2c95f2da0f14f95cb08851d62a597491534.js:0
[  174263ms] [WARNING] The 'deprecatedStyle' prop is deprecated. Please use the associated style props instead (e.g. "marginInline", "flex") @ https://sf16-website.neutral.ttwstatic.com/obj/tiktok_web_static/developers/build/vendors/112-a24db718645345e8-ce27d2c95f2da0f14f95cb08851d62a597491534.js:0
[  174264ms] [WARNING] The 'deprecatedStyle' prop is deprecated. Please use the associated style props instead (e.g. "marginInline", "flex") @ https://sf16-website.neutral.ttwstatic.com/obj/tiktok_web_static/developers/build/vendors/112-a24db718645345e8-ce27d2c95f2da0f14f95cb08851d62a597491534.js:0
[  174268ms] [WARNING] The 'deprecatedStyle' prop is deprecated. Please use the associated style props instead (e.g. "marginInline", "flex") @ https://sf16-website.neutral.ttwstatic.com/obj/tiktok_web_static/developers/build/vendors/112-a24db718645345e8-ce27d2c95f2da0f14f95cb08851d62a597491534.js:0
[  174268ms] [WARNING] The 'deprecatedStyle' prop is deprecated. Please use the associated style props instead (e.g. "marginInline", "flex") @ https://sf16-website.neutral.ttwstatic.com/obj/tiktok_web_static/developers/build/vendors/112-a24db718645345e8-ce27d2c95f2da0f14f95cb08851d62a597491534.js:0
[  268451ms] [WARNING] The 'deprecatedStyle' prop is deprecated. Please use the associated style props instead (e.g. "marginInline", "flex") @ https://sf16-website.neutral.ttwstatic.com/obj/tiktok_web_static/developers/build/vendors/112-a24db718645345e8-ce27d2c95f2da0f14f95cb08851d62a597491534.js:0
[  268452ms] [WARNING] The 'deprecatedStyle' prop is deprecated. Please use the associated style props instead (e.g. "marginInline", "flex") @ https://sf16-website.neutral.ttwstatic.com/obj/tiktok_web_static/developers/build/vendors/112-a24db718645345e8-ce27d2c95f2da0f14f95cb08851d62a597491534.js:0
[  268458ms] [WARNING] The 'deprecatedStyle' prop is deprecated. Please use the associated style props instead (e.g. "marginInline", "flex") @ https://sf16-website.neutral.ttwstatic.com/obj/tiktok_web_static/developers/build/vendors/112-a24db718645345e8-ce27d2c95f2da0f14f95cb08851d62a597491534.js:0
[  268458ms] [WARNING] The 'deprecatedStyle' prop is deprecated. Please use the associated style props instead (e.g. "marginInline", "flex") @ https://sf16-website.neutral.ttwstatic.com/obj/tiktok_web_static/developers/build/vendors/112-a24db718645345e8-ce27d2c95f2da0f14f95cb08851d62a597491534.js:0
[  272749ms] [WARNING] The 'deprecatedStyle' prop is deprecated. Please use the associated style props instead (e.g. "marginInline", "flex") @ https://sf16-website.neutral.ttwstatic.com/obj/tiktok_web_static/developers/build/vendors/112-a24db718645345e8-ce27d2c95f2da0f14f95cb08851d62a597491534.js:0
[  272750ms] [WARNING] The 'deprecatedStyle' prop is deprecated. Please use the associated style props instead (e.g. "marginInline", "flex") @ https://sf16-website.neutral.ttwstatic.com/obj/tiktok_web_static/developers/build/vendors/112-a24db718645345e8-ce27d2c95f2da0f14f95cb08851d62a597491534.js:0
[  272753ms] [WARNING] The 'deprecatedStyle' prop is deprecated. Please use the associated style props instead (e.g. "marginInline", "flex") @ https://sf16-website.neutral.ttwstatic.com/obj/tiktok_web_static/developers/build/vendors/112-a24db718645345e8-ce27d2c95f2da0f14f95cb08851d62a597491534.js:0
[  272753ms] [WARNING] The 'deprecatedStyle' prop is deprecated. Please use the associated style props instead (e.g. "marginInline", "flex") @ https://sf16-website.neutral.ttwstatic.com/obj/tiktok_web_static/developers/build/vendors/112-a24db718645345e8-ce27d2c95f2da0f14f95cb08851d62a597491534.js:0
[  279189ms] [WARNING] The 'deprecatedStyle' prop is deprecated. Please use the associated style props instead (e.g. "marginInline", "flex") @ https://sf16-website.neutral.ttwstatic.com/obj/tiktok_web_static/developers/build/vendors/112-a24db718645345e8-ce27d2c95f2da0f14f95cb08851d62a597491534.js:0
[  279189ms] [WARNING] The 'deprecatedStyle' prop is deprecated. Please use the associated style props instead (e.g. "marginInline", "flex") @ https://sf16-website.neutral.ttwstatic.com/obj/tiktok_web_static/developers/build/vendors/112-a24db718645345e8-ce27d2c95f2da0f14f95cb08851d62a597491534.js:0
[  279192ms] [WARNING] The 'deprecatedStyle' prop is deprecated. Please use the associated style props instead (e.g. "marginInline", "flex") @ https://sf16-website.neutral.ttwstatic.com/obj/tiktok_web_static/developers/build/vendors/112-a24db718645345e8-ce27d2c95f2da0f14f95cb08851d62a597491534.js:0
[  279192ms] [WARNING] The 'deprecatedStyle' prop is deprecated. Please use the associated style props instead (e.g. "marginInline", "flex") @ https://sf16-website.neutral.ttwstatic.com/obj/tiktok_web_static/developers/build/vendors/112-a24db718645345e8-ce27d2c95f2da0f14f95cb08851d62a597491534.js:0
[  284892ms] [WARNING] The 'deprecatedStyle' prop is deprecated. Please use the associated style props instead (e.g. "marginInline", "flex") @ https://sf16-website.neutral.ttwstatic.com/obj/tiktok_web_static/developers/build/vendors/112-a24db718645345e8-ce27d2c95f2da0f14f95cb08851d62a597491534.js:0
[  284893ms] [WARNING] The 'deprecatedStyle' prop is deprecated. Please use the associated style props instead (e.g. "marginInline", "flex") @ https://sf16-website.neutral.ttwstatic.com/obj/tiktok_web_static/developers/build/vendors/112-a24db718645345e8-ce27d2c95f2da0f14f95cb08851d62a597491534.js:0
[  284896ms] [WARNING] The 'deprecatedStyle' prop is deprecated. Please use the associated style props instead (e.g. "marginInline", "flex") @ https://sf16-website.neutral.ttwstatic.com/obj/tiktok_web_static/developers/build/vendors/112-a24db718645345e8-ce27d2c95f2da0f14f95cb08851d62a597491534.js:0
[  284896ms] [WARNING] The 'deprecatedStyle' prop is deprecated. Please use the associated style props instead (e.g. "marginInline", "flex") @ https://sf16-website.neutral.ttwstatic.com/obj/tiktok_web_static/developers/build/vendors/112-a24db718645345e8-ce27d2c95f2da0f14f95cb08851d62a597491534.js:0
[  295339ms] [WARNING] The 'deprecatedStyle' prop is deprecated. Please use the associated style props instead (e.g. "marginInline", "flex") @ https://sf16-website.neutral.ttwstatic.com/obj/tiktok_web_static/developers/build/vendors/112-a24db718645345e8-ce27d2c95f2da0f14f95cb08851d62a597491534.js:0
[  295340ms] [WARNING] The 'deprecatedStyle' prop is deprecated. Please use the associated style props instead (e.g. "marginInline", "flex") @ https://sf16-website.neutral.ttwstatic.com/obj/tiktok_web_static/developers/build/vendors/112-a24db718645345e8-ce27d2c95f2da0f14f95cb08851d62a597491534.js:0
[  295344ms] [WARNING] The 'deprecatedStyle' prop is deprecated. Please use the associated style props instead (e.g. "marginInline", "flex") @ https://sf16-website.neutral.ttwstatic.com/obj/tiktok_web_static/developers/build/vendors/112-a24db718645345e8-ce27d2c95f2da0f14f95cb08851d62a597491534.js:0
[  295344ms] [WARNING] The 'deprecatedStyle' prop is deprecated. Please use the associated style props instead (e.g. "marginInline", "flex") @ https://sf16-website.neutral.ttwstatic.com/obj/tiktok_web_static/developers/build/vendors/112-a24db718645345e8-ce27d2c95f2da0f14f95cb08851d62a597491534.js:0
[  295353ms] [WARNING] The 'deprecatedStyle' prop is deprecated. Please use the associated style props instead (e.g. "marginInline", "flex") @ https://sf16-website.neutral.ttwstatic.com/obj/tiktok_web_static/developers/build/vendors/112-a24db718645345e8-ce27d2c95f2da0f14f95cb08851d62a597491534.js:0
[  295354ms] [WARNING] The 'deprecatedStyle' prop is deprecated. Please use the associated style props instead (e.g. "marginInline", "flex") @ https://sf16-website.neutral.ttwstatic.com/obj/tiktok_web_static/developers/build/vendors/112-a24db718645345e8-ce27d2c95f2da0f14f95cb08851d62a597491534.js:0
[  295358ms] [WARNING] The 'deprecatedStyle' prop is deprecated. Please use the associated style props instead (e.g. "marginInline", "flex") @ https://sf16-website.neutral.ttwstatic.com/obj/tiktok_web_static/developers/build/vendors/112-a24db718645345e8-ce27d2c95f2da0f14f95cb08851d62a597491534.js:0
[  295358ms] [WARNING] The 'deprecatedStyle' prop is deprecated. Please use the associated style props instead (e.g. "marginInline", "flex") @ https://sf16-website.neutral.ttwstatic.com/obj/tiktok_web_static/developers/build/vendors/112-a24db718645345e8-ce27d2c95f2da0f14f95cb08851d62a597491534.js:0
