[     769ms] [ERROR] Error handled by React Router default ErrorBoundary: ReferenceError: require is not defined
    at buildCommandRegistry (http://localhost:5176/src/shell/command-registry.ts:25:7)
    at http://localhost:5176/src/components/layout/command-palette.tsx:65:11
    at mountMemo (http://localhost:5176/node_modules/.vite/deps/react-dom_client.js?v=af17d221:6527:25)
    at Object.useMemo (http://localhost:5176/node_modules/.vite/deps/react-dom_client.js?v=af17d221:18709:20)
    at exports.useMemo (http://localhost:5176/node_modules/.vite/deps/chunk-RY7GF66K.js?v=af17d221:947:36)
    at CommandPalette (http://localhost:5176/src/components/layout/command-palette.tsx:64:20)
    at Object.react_stack_bottom_frame (http://localhost:5176/node_modules/.vite/deps/react-dom_client.js?v=af17d221:18509:20)
    at renderWithHooks (http://localhost:5176/node_modules/.vite/deps/react-dom_client.js?v=af17d221:5654:24)
    at updateFunctionComponent (http://localhost:5176/node_modules/.vite/deps/react-dom_client.js?v=af17d221:7475:21)
    at beginWork (http://localhost:5176/node_modules/.vite/deps/react-dom_client.js?v=af17d221:8525:20) @ http://localhost:5176/node_modules/.vite/deps/chunk-ZSXL5F2W.js?v=af17d221:6228
[     769ms] [ERROR] Error handled by React Router default ErrorBoundary: ReferenceError: require is not defined
    at buildCommandRegistry (http://localhost:5176/src/shell/command-registry.ts:25:7)
    at http://localhost:5176/src/components/layout/command-palette.tsx:65:11
    at mountMemo (http://localhost:5176/node_modules/.vite/deps/react-dom_client.js?v=af17d221:6527:25)
    at Object.useMemo (http://localhost:5176/node_modules/.vite/deps/react-dom_client.js?v=af17d221:18709:20)
    at exports.useMemo (http://localhost:5176/node_modules/.vite/deps/chunk-RY7GF66K.js?v=af17d221:947:36)
    at CommandPalette (http://localhost:5176/src/components/layout/command-palette.tsx:64:20)
    at Object.react_stack_bottom_frame (http://localhost:5176/node_modules/.vite/deps/react-dom_client.js?v=af17d221:18509:20)
    at renderWithHooks (http://localhost:5176/node_modules/.vite/deps/react-dom_client.js?v=af17d221:5654:24)
    at updateFunctionComponent (http://localhost:5176/node_modules/.vite/deps/react-dom_client.js?v=af17d221:7475:21)
    at beginWork (http://localhost:5176/node_modules/.vite/deps/react-dom_client.js?v=af17d221:8525:20) @ http://localhost:5176/node_modules/.vite/deps/chunk-ZSXL5F2W.js?v=af17d221:6228
[     773ms] [ERROR] Error handled by React Router default ErrorBoundary: ReferenceError: require is not defined
    at buildCommandRegistry (http://localhost:5176/src/shell/command-registry.ts:25:7)
    at http://localhost:5176/src/components/layout/command-palette.tsx:65:11
    at mountMemo (http://localhost:5176/node_modules/.vite/deps/react-dom_client.js?v=af17d221:6527:25)
    at Object.useMemo (http://localhost:5176/node_modules/.vite/deps/react-dom_client.js?v=af17d221:18709:20)
    at exports.useMemo (http://localhost:5176/node_modules/.vite/deps/chunk-RY7GF66K.js?v=af17d221:947:36)
    at CommandPalette (http://localhost:5176/src/components/layout/command-palette.tsx:64:20)
    at Object.react_stack_bottom_frame (http://localhost:5176/node_modules/.vite/deps/react-dom_client.js?v=af17d221:18509:20)
    at renderWithHooks (http://localhost:5176/node_modules/.vite/deps/react-dom_client.js?v=af17d221:5654:24)
    at updateFunctionComponent (http://localhost:5176/node_modules/.vite/deps/react-dom_client.js?v=af17d221:7475:21)
    at beginWork (http://localhost:5176/node_modules/.vite/deps/react-dom_client.js?v=af17d221:8525:20) @ http://localhost:5176/node_modules/.vite/deps/chunk-ZSXL5F2W.js?v=af17d221:6228
[     773ms] [ERROR] Error handled by React Router default ErrorBoundary: ReferenceError: require is not defined
    at buildCommandRegistry (http://localhost:5176/src/shell/command-registry.ts:25:7)
    at http://localhost:5176/src/components/layout/command-palette.tsx:65:11
    at mountMemo (http://localhost:5176/node_modules/.vite/deps/react-dom_client.js?v=af17d221:6527:25)
    at Object.useMemo (http://localhost:5176/node_modules/.vite/deps/react-dom_client.js?v=af17d221:18709:20)
    at exports.useMemo (http://localhost:5176/node_modules/.vite/deps/chunk-RY7GF66K.js?v=af17d221:947:36)
    at CommandPalette (http://localhost:5176/src/components/layout/command-palette.tsx:64:20)
    at Object.react_stack_bottom_frame (http://localhost:5176/node_modules/.vite/deps/react-dom_client.js?v=af17d221:18509:20)
    at renderWithHooks (http://localhost:5176/node_modules/.vite/deps/react-dom_client.js?v=af17d221:5654:24)
    at updateFunctionComponent (http://localhost:5176/node_modules/.vite/deps/react-dom_client.js?v=af17d221:7475:21)
    at beginWork (http://localhost:5176/node_modules/.vite/deps/react-dom_client.js?v=af17d221:8525:20) @ http://localhost:5176/node_modules/.vite/deps/chunk-ZSXL5F2W.js?v=af17d221:6228
[     774ms] [ERROR] %o

%s

%s
 ReferenceError: require is not defined
    at buildCommandRegistry (http://localhost:5176/src/shell/command-registry.ts:25:7)
    at http://localhost:5176/src/components/layout/command-palette.tsx:65:11
    at mountMemo (http://localhost:5176/node_modules/.vite/deps/react-dom_client.js?v=af17d221:6527:25)
    at Object.useMemo (http://localhost:5176/node_modules/.vite/deps/react-dom_client.js?v=af17d221:18709:20)
    at exports.useMemo (http://localhost:5176/node_modules/.vite/deps/chunk-RY7GF66K.js?v=af17d221:947:36)
    at CommandPalette (http://localhost:5176/src/components/layout/command-palette.tsx:64:20)
    at Object.react_stack_bottom_frame (http://localhost:5176/node_modules/.vite/deps/react-dom_client.js?v=af17d221:18509:20)
    at renderWithHooks (http://localhost:5176/node_modules/.vite/deps/react-dom_client.js?v=af17d221:5654:24)
    at updateFunctionComponent (http://localhost:5176/node_modules/.vite/deps/react-dom_client.js?v=af17d221:7475:21)
    at beginWork (http://localhost:5176/node_modules/.vite/deps/react-dom_client.js?v=af17d221:8525:20) The above error occurred in the <CommandPalette> component. React will try to recreate this component tree from scratch using the error boundary you provided, RenderErrorBoundary. @ http://localhost:5176/node_modules/.vite/deps/react-dom_client.js?v=af17d221:7000
[     774ms] [ERROR] React Router caught the following error during render ReferenceError: require is not defined
    at buildCommandRegistry (http://localhost:5176/src/shell/command-registry.ts:25:7)
    at http://localhost:5176/src/components/layout/command-palette.tsx:65:11
    at mountMemo (http://localhost:5176/node_modules/.vite/deps/react-dom_client.js?v=af17d221:6527:25)
    at Object.useMemo (http://localhost:5176/node_modules/.vite/deps/react-dom_client.js?v=af17d221:18709:20)
    at exports.useMemo (http://localhost:5176/node_modules/.vite/deps/chunk-RY7GF66K.js?v=af17d221:947:36)
    at CommandPalette (http://localhost:5176/src/components/layout/command-palette.tsx:64:20)
    at Object.react_stack_bottom_frame (http://localhost:5176/node_modules/.vite/deps/react-dom_client.js?v=af17d221:18509:20)
    at renderWithHooks (http://localhost:5176/node_modules/.vite/deps/react-dom_client.js?v=af17d221:5654:24)
    at updateFunctionComponent (http://localhost:5176/node_modules/.vite/deps/react-dom_client.js?v=af17d221:7475:21)
    at beginWork (http://localhost:5176/node_modules/.vite/deps/react-dom_client.js?v=af17d221:8525:20) @ http://localhost:5176/node_modules/.vite/deps/chunk-ZSXL5F2W.js?v=af17d221:6267
[     811ms] [WARNING] <meta name="apple-mobile-web-app-capable" content="yes"> is deprecated. Please include <meta name="mobile-web-app-capable" content="yes"> @ http://localhost:5176/:0
