[   12535ms] Error: Minified React error #418; visit https://reactjs.org/docs/error-decoder.html?invariant=418 for the full message or use the non-minified dev environment for full errors and additional helpful warnings.
    at ku (https://www.cloudflare.com/_willow/client.DVocGn_n.js:22:4907)
    at fa (https://www.cloudflare.com/_willow/client.DVocGn_n.js:24:45647)
    at ia (https://www.cloudflare.com/_willow/client.DVocGn_n.js:24:39783)
    at dc (https://www.cloudflare.com/_willow/client.DVocGn_n.js:24:39756)
    at na (https://www.cloudflare.com/_willow/client.DVocGn_n.js:24:34775)
    at st (https://www.cloudflare.com/_willow/client.DVocGn_n.js:9:1644)
    at MessagePort.Mt (https://www.cloudflare.com/_willow/client.DVocGn_n.js:9:2031)
[   12539ms] Error: Minified React error #418; visit https://reactjs.org/docs/error-decoder.html?invariant=418 for the full message or use the non-minified dev environment for full errors and additional helpful warnings.
    at ku (https://www.cloudflare.com/_willow/client.DVocGn_n.js:22:4907)
    at fa (https://www.cloudflare.com/_willow/client.DVocGn_n.js:24:45647)
    at ia (https://www.cloudflare.com/_willow/client.DVocGn_n.js:24:39783)
    at dc (https://www.cloudflare.com/_willow/client.DVocGn_n.js:24:39756)
    at na (https://www.cloudflare.com/_willow/client.DVocGn_n.js:24:34775)
    at st (https://www.cloudflare.com/_willow/client.DVocGn_n.js:9:1644)
    at MessagePort.Mt (https://www.cloudflare.com/_willow/client.DVocGn_n.js:9:2031)
[   12540ms] Error: Minified React error #418; visit https://reactjs.org/docs/error-decoder.html?invariant=418 for the full message or use the non-minified dev environment for full errors and additional helpful warnings.
    at ku (https://www.cloudflare.com/_willow/client.DVocGn_n.js:22:4907)
    at fa (https://www.cloudflare.com/_willow/client.DVocGn_n.js:24:45647)
    at ia (https://www.cloudflare.com/_willow/client.DVocGn_n.js:24:39783)
    at dc (https://www.cloudflare.com/_willow/client.DVocGn_n.js:24:39756)
    at na (https://www.cloudflare.com/_willow/client.DVocGn_n.js:24:34775)
    at st (https://www.cloudflare.com/_willow/client.DVocGn_n.js:9:1644)
    at MessagePort.Mt (https://www.cloudflare.com/_willow/client.DVocGn_n.js:9:2031)
[   12541ms] Error: Minified React error #423; visit https://reactjs.org/docs/error-decoder.html?invariant=423 for the full message or use the non-minified dev environment for full errors and additional helpful warnings.
    at fa (https://www.cloudflare.com/_willow/client.DVocGn_n.js:24:45307)
    at ia (https://www.cloudflare.com/_willow/client.DVocGn_n.js:24:39783)
    at cc (https://www.cloudflare.com/_willow/client.DVocGn_n.js:24:39714)
    at vl (https://www.cloudflare.com/_willow/client.DVocGn_n.js:24:39572)
    at ii (https://www.cloudflare.com/_willow/client.DVocGn_n.js:24:35956)
    at na (https://www.cloudflare.com/_willow/client.DVocGn_n.js:24:34909)
    at st (https://www.cloudflare.com/_willow/client.DVocGn_n.js:9:1644)
    at MessagePort.Mt (https://www.cloudflare.com/_willow/client.DVocGn_n.js:9:2031)
[   26933ms] [ERROR] %c%d font-size:0;color:transparent NaN @ https://challenges.cloudflare.com/cdn-cgi/challenge-platform/h/g/turnstile/f/ov2/av0/rch/h7fdt/0x4AAAAAAAJel0iaAR3mgkjp/light/fbE/new/flexible?lang=auto:0
[   26933ms] [ERROR] %c%d font-size:0;color:transparent NaN @ https://challenges.cloudflare.com/cdn-cgi/challenge-platform/h/g/turnstile/f/ov2/av0/rch/h7fdt/0x4AAAAAAAJel0iaAR3mgkjp/light/fbE/new/flexible?lang=auto:0
[   26934ms] [WARNING] %c%d font-size:0;color:transparent NaN @ https://challenges.cloudflare.com/cdn-cgi/challenge-platform/h/g/turnstile/f/ov2/av0/rch/h7fdt/0x4AAAAAAAJel0iaAR3mgkjp/light/fbE/new/flexible?lang=auto:0
[   26934ms] [WARNING] %c%d font-size:0;color:transparent NaN @ https://challenges.cloudflare.com/cdn-cgi/challenge-platform/h/g/turnstile/f/ov2/av0/rch/h7fdt/0x4AAAAAAAJel0iaAR3mgkjp/light/fbE/new/flexible?lang=auto:0
[   26971ms] [ERROR]  Note that 'script-src' was not explicitly set, so 'default-src' is used as a fallback. @ https://challenges.cloudflare.com/cdn-cgi/challenge-platform/h/g/turnstile/f/ov2/av0/rch/h7fdt/0x4AAAAAAAJel0iaAR3mgkjp/light/fbE/new/flexible?lang=auto:0
[   28313ms] [ERROR] Failed to load resource: the server responded with a status of 401 () @ https://challenges.cloudflare.com/cdn-cgi/challenge-platform/h/g/pat/9d90bff11db4c3ca/1772961478570/e3885636fa68d3114afebf09e7da7bbd45f0de07309813e5e16097909f13f7c4/UhEFeSC4-cIA3Vl:0
[   31988ms] [WARNING] The resource https://challenges.cloudflare.com/cdn-cgi/challenge-platform/h/g/cmg/1 was preloaded using link preload but not used within a few seconds from the window's load event. Please make sure it has an appropriate `as` value and it is preloaded intentionally. @ https://challenges.cloudflare.com/cdn-cgi/challenge-platform/h/g/turnstile/f/ov2/av0/rch/h7fdt/0x4AAAAAAAJel0iaAR3mgkjp/light/fbE/new/flexible?lang=auto:0
[   37426ms] [ERROR] Failed to load resource: the server responded with a status of 400 () @ https://dash.cloudflare.com/api/v4/sso/connector?domain=aspirehub.ai:0
[   64157ms] [WARNING] Deprecation warning: value provided is not in a recognized RFC2822 or ISO format. moment construction falls back to js Date(), which is not reliable across all browsers and versions. Non RFC2822/ISO date formats are discouraged. Please refer to http://momentjs.com/guides/#/warnings/js-date/ for more info.
Arguments: 
[0] _isAMomentObject: true, _isUTC: false, _useUTC: false, _l: undefined, _i: Aug 22, 2027, _f: undefined, _strict: undefined, _locale: [object Object]
Error
    at t.createFromInputFallback (https://dash.cloudflare.com/cf-9cc9ca7cc96ea723.js:3:42056)
    at https://dash.cloudflare.com/cf-9cc9ca7cc96ea723.js:3:63512
    at https://dash.cloudflare.com/cf-9cc9ca7cc96ea723.js:3:63541
    at tr (https://dash.cloudflare.com/cf-9cc9ca7cc96ea723.js:3:63853)
    at ta (https://dash.cloudflare.com/cf-9cc9ca7cc96ea723.js:3:64117)
    at ti (https://dash.cloudflare.com/cf-9cc9ca7cc96ea723.js:3:64199)
    at t (https://dash.cloudflare.com/cf-9cc9ca7cc96ea723.js:3:38977)
    at p (https://dash.cloudflare.com/cf-54a7ff66ddf87d45.js:3:44907)
    at ei (https://dash.cloudflare.com/cf-750a6557a2bf4465.js:3:28274)
    at ak (https://dash.cloudflare.com/cf-7a558b35d4204b06.js:3:61153)
    at up (https://dash.cloudflare.com/cf-7a558b35d4204b06.js:3:73004)
    at i (https://dash.cloudflare.com/cf-7a558b35d4204b06.js:3:120464)
    at oO (https://dash.cloudflare.com/cf-7a558b35d4204b06.js:3:99246)
    at oR (https://dash.cloudflare.com/cf-7a558b35d4204b06.js:3:99116)
    at ox (https://dash.cloudflare.com/cf-7a558b35d4204b06.js:3:94189)
    at x (https://dash.cloudflare.com/cf-7a558b35d4204b06.js:3:130665)
    at T (https://dash.cloudflare.com/cf-7a558b35d4204b06.js:3:131195)
    at https://dash.cloudflare.com/cf-app.1d1ac5ad41b17b4a.js:3:26945
    at https://dash.cloudflare.com/cf-app.1d1ac5ad41b17b4a.js:3:59758
    at Number.h (https://dash.cloudflare.com/cf-app.1d1ac5ad41b17b4a.js:3:59616)
    at MessagePort.v (https://dash.cloudflare.com/cf-app.1d1ac5ad41b17b4a.js:3:59638) @ https://dash.cloudflare.com/cf-113c1bd92fa87a17.js:2
[  148477ms] [ERROR] Failed to load resource: the server responded with a status of 403 () @ https://dash.cloudflare.com/cdn-cgi/zaraz/t:0
[  148488ms] undefined
[  148489ms] Unexpected token '<', "<!DOCTYPE "... is not valid JSON
