[      31ms] [ERROR] Loading the stylesheet 'https://fonts.googleapis.com/css2?family=Geist:wght@300;400;500;600;700&family=Geist+Mono:wght@400;500&display=swap' violates the following Content Security Policy directive: "style-src 'self' 'unsafe-inline'". Note that 'style-src-elem' was not explicitly set, so 'style-src' is used as a fallback. The action has been blocked. @ http://localhost:5151/blueprints:10
[      48ms] [ERROR] Manifest: Line: 1, column: 1, Syntax error. @ http://localhost:5151/manifest.json:0
[     120ms] [ERROR] Failed to load resource: the server responded with a status of 400 (BAD REQUEST) @ http://localhost:5151/socket.io/?EIO=4&transport=polling&t=ky44n31g&sid=kZa6mYWIR0J4BoUQAAEY:0
[     121ms] [WARNING] WebSocket connection to 'ws://localhost:5151/socket.io/?EIO=4&transport=websocket&sid=kZa6mYWIR0J4BoUQAAEY' failed: WebSocket is closed before the connection is established. @ http://localhost:5151/assets/index-BasIDPJx.js:10
[     125ms] [ERROR] Failed to load resource: the server responded with a status of 400 (BAD REQUEST) @ http://localhost:5151/socket.io/?EIO=4&transport=polling&t=ky45bs8n&sid=kZa6mYWIR0J4BoUQAAEY:0
[     134ms] [ERROR] Manifest: Line: 1, column: 1, Syntax error. @ http://localhost:5151/manifest.json:0
[     134ms] [WARNING] <meta name="apple-mobile-web-app-capable" content="yes"> is deprecated. Please include <meta name="mobile-web-app-capable" content="yes"> @ http://localhost:5151/blueprints:0
[    4836ms] [ERROR] Failed to load resource: the server responded with a status of 400 (BAD REQUEST) @ http://localhost:5151/api/video/2456d82421f5d8d9f90b8cf4bc424e27f54c2e31e778d01dac69b527001506c5:0
[    4838ms] [ERROR] Failed to load resource: the server responded with a status of 400 (BAD REQUEST) @ http://localhost:5151/api/video/404ce7701fb79170210cdf5fd8e694c2a2ea8f85eca5b370fe9297322a59d5a5:0
[    4840ms] [ERROR] Failed to load resource: the server responded with a status of 400 (BAD REQUEST) @ http://localhost:5151/api/video/6b7a54d73ca85c9fddc7747be7d60816f6f0f7fe87f3280f7ca12f42cb1cce79:0
[    4842ms] [ERROR] Failed to load resource: the server responded with a status of 400 (BAD REQUEST) @ http://localhost:5151/api/video/62a99bbed3b2b113fc6e9dc2b22e1493130479f5d53a1b557822f0bc9e7e5862:0
[    4844ms] [ERROR] Failed to load resource: the server responded with a status of 400 (BAD REQUEST) @ http://localhost:5151/api/video/845ebb6e3b82988c6c02fd90bb5facd498827061f81979b9ace8789a98bdd3b5:0
[    4846ms] [ERROR] Failed to load resource: the server responded with a status of 400 (BAD REQUEST) @ http://localhost:5151/api/video/63183aefa2920493e889a278863825918c944914a92fd42543d0ee241368b164:0
[    4847ms] [ERROR] Failed to load resource: the server responded with a status of 400 (BAD REQUEST) @ http://localhost:5151/api/video/32c9cdd6fe57c116dced068ff60795e1d52ec1336090515d08c17f4768e79151:0
[    4849ms] [ERROR] Failed to load resource: the server responded with a status of 400 (BAD REQUEST) @ http://localhost:5151/api/video/be6f974cd61b4eca4b70813eb7f6398cc78ab44f446c3d5055bff32af77f34fa:0
[    4850ms] [ERROR] Failed to load resource: the server responded with a status of 400 (BAD REQUEST) @ http://localhost:5151/api/video/d3cde4dfdfd3192417c6d17261e61e7b9ace8b875c7ea0b83c8570c8e702c6a5:0
[    4851ms] [ERROR] Failed to load resource: the server responded with a status of 400 (BAD REQUEST) @ http://localhost:5151/api/video/9ee4917ebcfd6e78fd1df6e62667f39f7fc61a74cf8c46b4fa396bd7ff4025b0:0
[    4853ms] [ERROR] Failed to load resource: the server responded with a status of 400 (BAD REQUEST) @ http://localhost:5151/api/video/98bf912ef9d05bf451352896ee5f65a4ad3d30719c8df9b0ac973e061ae89c4a:0
[    4854ms] [ERROR] Failed to load resource: the server responded with a status of 400 (BAD REQUEST) @ http://localhost:5151/api/video/195a72b7aa0367f16a51c035571eeecac9251e6a5dcb0ccf938273b3ea91df58:0
[    4856ms] [ERROR] Failed to load resource: the server responded with a status of 400 (BAD REQUEST) @ http://localhost:5151/api/video/ab019b1bfca9ac97eef1088c6bd1c1783eba75bc76f9e6a9df147fe0db258d03:0
[    4859ms] [ERROR] Failed to load resource: the server responded with a status of 400 (BAD REQUEST) @ http://localhost:5151/api/video/d5b74289cbea59619ea7b14973d8b4265919a6a1c9e7650b45e3cc49bc2fb43e:0
[    5509ms] [ERROR] Failed to load resource: the server responded with a status of 400 (BAD REQUEST) @ http://localhost:5151/api/video/2c4595dbe674c0dd62a5ebe59d13886349316e043baf21be2ad902f9c1f53f81:0
[   51773ms] [ERROR] Failed to load resource: the server responded with a status of 400 (BAD REQUEST) @ http://localhost:5151/api/video/2c4595dbe674c0dd62a5ebe59d13886349316e043baf21be2ad902f9c1f53f81:0
