[     662ms] [ERROR] Loading the stylesheet 'https://fonts.googleapis.com/css2?family=Geist:wght@300;400;500;600;700&family=Geist+Mono:wght@400;500&display=swap' violates the following Content Security Policy directive: "style-src 'self' 'unsafe-inline'". Note that 'style-src-elem' was not explicitly set, so 'style-src' is used as a fallback. The action has been blocked. @ https://review.aspirehub.ai/analytics:10
[     663ms] [ERROR] Loading the script 'https://static.cloudflareinsights.com/beacon.min.js/v8c78df7c7c0f484497ecbca7046644da1771523124516' violates the following Content Security Policy directive: "script-src 'self'". Note that 'script-src-elem' was not explicitly set, so 'script-src' is used as a fallback. The action has been blocked. @ https://review.aspirehub.ai/analytics:0
[    2913ms] [ERROR] Manifest: Line: 1, column: 1, Syntax error. @ https://review.aspirehub.ai/manifest.json:0
[    2913ms] [WARNING] <meta name="apple-mobile-web-app-capable" content="yes"> is deprecated. Please include <meta name="mobile-web-app-capable" content="yes"> @ https://review.aspirehub.ai/analytics:0
[    3289ms] [ERROR] WebSocket connection to 'wss://review.aspirehub.ai/socket.io/?EIO=4&transport=websocket&sid=IFLWhBGq9opVpv8zAAA4' failed: Error during WebSocket handshake: Unexpected response code: 400 @ https://review.aspirehub.ai/assets/index-DswmfBIW.js:10
[   27695ms] [ERROR] Failed to load resource: the server responded with a status of 400 () @ https://review.aspirehub.ai/socket.io/?EIO=4&transport=polling&t=2fvjivvg&sid=IFLWhBGq9opVpv8zAAA4:0
[   28320ms] [ERROR] Failed to load resource: the server responded with a status of 400 () @ https://review.aspirehub.ai/socket.io/?EIO=4&transport=polling&t=2fw0s0ow&sid=IFLWhBGq9opVpv8zAAA4:0
[   30311ms] [ERROR] Failed to load resource: the server responded with a status of 400 () @ https://review.aspirehub.ai/socket.io/?EIO=4&transport=polling&t=2fxkfaa6&sid=e50yAVC8tbLQHolSAAA_:0
[   30312ms] [WARNING] WebSocket connection to 'wss://review.aspirehub.ai/socket.io/?EIO=4&transport=websocket&sid=e50yAVC8tbLQHolSAAA_' failed: WebSocket is closed before the connection is established. @ https://review.aspirehub.ai/assets/index-DswmfBIW.js:10
[   30938ms] [ERROR] Failed to load resource: the server responded with a status of 400 () @ https://review.aspirehub.ai/socket.io/?EIO=4&transport=polling&t=2fy1g15o&sid=e50yAVC8tbLQHolSAAA_:0
[   32533ms] [ERROR] Failed to load resource: the server responded with a status of 400 () @ https://review.aspirehub.ai/socket.io/?EIO=4&transport=polling&t=2fz3k9at&sid=KLQbmYA2rX7LzZagAAA6:0
[   32535ms] [WARNING] WebSocket connection to 'wss://review.aspirehub.ai/socket.io/?EIO=4&transport=websocket&sid=KLQbmYA2rX7LzZagAAA6' failed: WebSocket is closed before the connection is established. @ https://review.aspirehub.ai/assets/index-DswmfBIW.js:10
[   32805ms] [ERROR] Failed to load resource: the server responded with a status of 400 () @ https://review.aspirehub.ai/socket.io/?EIO=4&transport=polling&t=2fz3lca2&sid=KLQbmYA2rX7LzZagAAA6:0
[   33419ms] [ERROR] Failed to load resource: the server responded with a status of 400 () @ https://review.aspirehub.ai/socket.io/?EIO=4&transport=polling&t=2fzr73pq&sid=KLQbmYA2rX7LzZagAAA6:0
[   34965ms] [ERROR] Failed to load resource: the server responded with a status of 400 () @ https://review.aspirehub.ai/socket.io/?EIO=4&transport=polling&t=2g15jg5e&sid=FJ-agtchAwRu7xq2AABA:0
[   34966ms] [WARNING] WebSocket connection to 'wss://review.aspirehub.ai/socket.io/?EIO=4&transport=websocket&sid=FJ-agtchAwRu7xq2AABA' failed: WebSocket is closed before the connection is established. @ https://review.aspirehub.ai/assets/index-DswmfBIW.js:10
[   37390ms] [ERROR] Failed to load resource: the server responded with a status of 400 () @ https://review.aspirehub.ai/socket.io/?EIO=4&transport=polling&t=2g3109ib&sid=me24-pcmWYjHlYiNAABC:0
[   37392ms] [WARNING] WebSocket connection to 'wss://review.aspirehub.ai/socket.io/?EIO=4&transport=websocket&sid=me24-pcmWYjHlYiNAABC' failed: WebSocket is closed before the connection is established. @ https://review.aspirehub.ai/assets/index-DswmfBIW.js:10
[   38005ms] [ERROR] Failed to load resource: the server responded with a status of 400 () @ https://review.aspirehub.ai/socket.io/?EIO=4&transport=polling&t=2g3i3mlb&sid=me24-pcmWYjHlYiNAABC:0
[   40405ms] [ERROR] WebSocket connection to 'wss://review.aspirehub.ai/socket.io/?EIO=4&transport=websocket&sid=r2XBLTNmMeu-hkUIAAA7' failed: Error during WebSocket handshake: Unexpected response code: 400 @ https://review.aspirehub.ai/assets/index-DswmfBIW.js:10
