[      39ms] [ERROR] Loading the stylesheet 'https://fonts.googleapis.com/css2?family=Geist:wght@300;400;500;600;700&family=Geist+Mono:wght@400;500&display=swap' violates the following Content Security Policy directive: "style-src 'self' 'unsafe-inline'". Note that 'style-src-elem' was not explicitly set, so 'style-src' is used as a fallback. The action has been blocked. @ http://localhost:5151/channel-health:10
[      78ms] [ERROR] Manifest: Line: 1, column: 1, Syntax error. @ http://localhost:5151/manifest.json:0
[     114ms] [ERROR] Failed to load resource: the server responded with a status of 400 (BAD REQUEST) @ http://localhost:5151/socket.io/?EIO=4&transport=polling&t=kvstz6fl&sid=odUiWNEA2aS7dIoYAADS:0
[     125ms] [ERROR] Manifest: Line: 1, column: 1, Syntax error. @ http://localhost:5151/manifest.json:0
[     127ms] [WARNING] <meta name="apple-mobile-web-app-capable" content="yes"> is deprecated. Please include <meta name="mobile-web-app-capable" content="yes"> @ http://localhost:5151/channel-health:0
[    1424ms] [ERROR] WebSocket connection to 'ws://localhost:5151/socket.io/?EIO=4&transport=websocket&sid=Yh47JK5zP47BYiSxAAD3' failed: Error during WebSocket handshake: Unexpected response code: 400 @ http://localhost:5151/assets/index-BasIDPJx.js:10
[   26426ms] [ERROR] Failed to load resource: the server responded with a status of 400 (BAD REQUEST) @ http://localhost:5151/socket.io/?EIO=4&transport=polling&t=kwd5bsld&sid=Yh47JK5zP47BYiSxAAD3:0
[   26428ms] [ERROR] Failed to load resource: the server responded with a status of 400 (BAD REQUEST) @ http://localhost:5151/socket.io/?EIO=4&transport=polling&t=kwd5fwir&sid=Yh47JK5zP47BYiSxAAD3:0
[   27204ms] [ERROR] Failed to load resource: the server responded with a status of 400 (BAD REQUEST) @ http://localhost:5151/socket.io/?EIO=4&transport=polling&t=kwdqxt3q&sid=o-mkgFM1mLiDU17AAADU:0
[   27205ms] [WARNING] WebSocket connection to 'ws://localhost:5151/socket.io/?EIO=4&transport=websocket&sid=o-mkgFM1mLiDU17AAADU' failed: WebSocket is closed before the connection is established. @ http://localhost:5151/assets/index-BasIDPJx.js:10
[   28506ms] [ERROR] Failed to load resource: the server responded with a status of 400 (BAD REQUEST) @ http://localhost:5151/socket.io/?EIO=4&transport=polling&t=kwer4633&sid=-ENlrM6M1EU5P66kAADW:0
[   28506ms] [WARNING] WebSocket connection to 'ws://localhost:5151/socket.io/?EIO=4&transport=websocket&sid=-ENlrM6M1EU5P66kAADW' failed: WebSocket is closed before the connection is established. @ http://localhost:5151/assets/index-BasIDPJx.js:10
[   29409ms] [ERROR] Failed to load resource: the server responded with a status of 400 (BAD REQUEST) @ http://localhost:5151/socket.io/?EIO=4&transport=polling&t=kwfg79ug&sid=tXSOSB68TVGuNRHPAADY:0
[   29410ms] [WARNING] WebSocket connection to 'ws://localhost:5151/socket.io/?EIO=4&transport=websocket&sid=tXSOSB68TVGuNRHPAADY' failed: WebSocket is closed before the connection is established. @ http://localhost:5151/assets/index-BasIDPJx.js:10
[   29412ms] [ERROR] Failed to load resource: the server responded with a status of 400 (BAD REQUEST) @ http://localhost:5151/socket.io/?EIO=4&transport=polling&t=kwfgali5&sid=tXSOSB68TVGuNRHPAADY:0
[   30316ms] [ERROR] Failed to load resource: the server responded with a status of 400 (BAD REQUEST) @ http://localhost:5151/socket.io/?EIO=4&transport=polling&t=kwg5dloj&sid=5rYBfD94oxxCn8d1AAD5:0
[   30316ms] [WARNING] WebSocket connection to 'ws://localhost:5151/socket.io/?EIO=4&transport=websocket&sid=5rYBfD94oxxCn8d1AAD5' failed: WebSocket is closed before the connection is established. @ http://localhost:5151/assets/index-BasIDPJx.js:10
[   30318ms] [ERROR] Failed to load resource: the server responded with a status of 400 (BAD REQUEST) @ http://localhost:5151/socket.io/?EIO=4&transport=polling&t=kwg5gjmo&sid=5rYBfD94oxxCn8d1AAD5:0
[   31014ms] [ERROR] Failed to load resource: the server responded with a status of 400 (BAD REQUEST) @ http://localhost:5151/socket.io/?EIO=4&transport=polling&t=kwgosbef&sid=7sYztWC8r0FUDflxAADa:0
[   31015ms] [WARNING] WebSocket connection to 'ws://localhost:5151/socket.io/?EIO=4&transport=websocket&sid=7sYztWC8r0FUDflxAADa' failed: WebSocket is closed before the connection is established. @ http://localhost:5151/assets/index-BasIDPJx.js:10
