[      45ms] [ERROR] Loading the stylesheet 'https://fonts.googleapis.com/css2?family=Geist:wght@300;400;500;600;700&family=Geist+Mono:wght@400;500&display=swap' violates the following Content Security Policy directive: "style-src 'self' 'unsafe-inline'". Note that 'style-src-elem' was not explicitly set, so 'style-src' is used as a fallback. The action has been blocked. @ http://localhost:5151/stories:10
[      99ms] [ERROR] Manifest: Line: 1, column: 1, Syntax error. @ http://localhost:5151/manifest.json:0
[     181ms] [ERROR] Failed to load resource: the server responded with a status of 400 (BAD REQUEST) @ http://localhost:5151/socket.io/?EIO=4&transport=polling&t=kv0tr4xf&sid=pPe73cbMVTGBqES_AADt:0
[     182ms] [WARNING] WebSocket connection to 'ws://localhost:5151/socket.io/?EIO=4&transport=websocket&sid=pPe73cbMVTGBqES_AADt' failed: WebSocket is closed before the connection is established. @ http://localhost:5151/assets/index-BasIDPJx.js:10
[     186ms] [ERROR] Manifest: Line: 1, column: 1, Syntax error. @ http://localhost:5151/manifest.json:0
[     187ms] [WARNING] <meta name="apple-mobile-web-app-capable" content="yes"> is deprecated. Please include <meta name="mobile-web-app-capable" content="yes"> @ http://localhost:5151/stories:0
[     208ms] [ERROR] Failed to load resource: the server responded with a status of 400 (BAD REQUEST) @ http://localhost:5151/socket.io/?EIO=4&transport=polling&t=kv0twje6&sid=pPe73cbMVTGBqES_AADt:0
[    1293ms] [ERROR] WebSocket connection to 'ws://localhost:5151/socket.io/?EIO=4&transport=websocket&sid=cnAY43jfIpXw-dvIAADE' failed: Error during WebSocket handshake: Unexpected response code: 400 @ http://localhost:5151/assets/index-BasIDPJx.js:10
[   26295ms] [ERROR] Failed to load resource: the server responded with a status of 400 (BAD REQUEST) @ http://localhost:5151/socket.io/?EIO=4&transport=polling&t=kvkz7ay0&sid=cnAY43jfIpXw-dvIAADE:0
[   26299ms] [ERROR] Failed to load resource: the server responded with a status of 400 (BAD REQUEST) @ http://localhost:5151/socket.io/?EIO=4&transport=polling&t=kvkza5i2&sid=cnAY43jfIpXw-dvIAADE:0
[   27006ms] [ERROR] WebSocket connection to 'ws://localhost:5151/socket.io/?EIO=4&transport=websocket&sid=79j3HC8C-8PMFN2OAADv' failed: Error during WebSocket handshake: Unexpected response code: 400 @ http://localhost:5151/assets/index-BasIDPJx.js:10
[   27008ms] [ERROR] Failed to load resource: the server responded with a status of 400 (BAD REQUEST) @ http://localhost:5151/socket.io/?EIO=4&transport=polling&t=kvliys52&sid=79j3HC8C-8PMFN2OAADv:0
[   27010ms] [ERROR] Failed to load resource: the server responded with a status of 400 (BAD REQUEST) @ http://localhost:5151/socket.io/?EIO=4&transport=polling&t=kvlj378f&sid=79j3HC8C-8PMFN2OAADv:0
[   28019ms] [ERROR] WebSocket connection to 'ws://localhost:5151/socket.io/?EIO=4&transport=websocket&sid=Sq51nU296T-KUnFvAADG' failed: Error during WebSocket handshake: Unexpected response code: 400 @ http://localhost:5151/assets/index-BasIDPJx.js:10
[   28021ms] [ERROR] Failed to load resource: the server responded with a status of 400 (BAD REQUEST) @ http://localhost:5151/socket.io/?EIO=4&transport=polling&t=kvmb3y5n&sid=Sq51nU296T-KUnFvAADG:0
[   28023ms] [ERROR] Failed to load resource: the server responded with a status of 400 (BAD REQUEST) @ http://localhost:5151/socket.io/?EIO=4&transport=polling&t=kvmb7c9v&sid=Sq51nU296T-KUnFvAADG:0
[   28995ms] [ERROR] WebSocket connection to 'ws://localhost:5151/socket.io/?EIO=4&transport=websocket&sid=hYTHQslgTXF653eFAADx' failed: Error during WebSocket handshake: Unexpected response code: 400 @ http://localhost:5151/assets/index-BasIDPJx.js:10
[   28997ms] [ERROR] Failed to load resource: the server responded with a status of 400 (BAD REQUEST) @ http://localhost:5151/socket.io/?EIO=4&transport=polling&t=kvn26len&sid=hYTHQslgTXF653eFAADx:0
[   28999ms] [ERROR] Failed to load resource: the server responded with a status of 400 (BAD REQUEST) @ http://localhost:5151/socket.io/?EIO=4&transport=polling&t=kvn2ct1y&sid=hYTHQslgTXF653eFAADx:0
[   30290ms] [ERROR] WebSocket connection to 'ws://localhost:5151/socket.io/?EIO=4&transport=websocket&sid=AMDxgSz8pjei9fCUAADI' failed: Error during WebSocket handshake: Unexpected response code: 400 @ http://localhost:5151/assets/index-BasIDPJx.js:10
[   30292ms] [ERROR] Failed to load resource: the server responded with a status of 400 (BAD REQUEST) @ http://localhost:5151/socket.io/?EIO=4&transport=polling&t=kvo267ts&sid=AMDxgSz8pjei9fCUAADI:0
[   30294ms] [ERROR] Failed to load resource: the server responded with a status of 400 (BAD REQUEST) @ http://localhost:5151/socket.io/?EIO=4&transport=polling&t=kvo2bami&sid=AMDxgSz8pjei9fCUAADI:0
[   31173ms] [ERROR] Failed to load resource: the server responded with a status of 400 (BAD REQUEST) @ http://localhost:5151/socket.io/?EIO=4&transport=polling&t=kvoqpmzf&sid=9l-AHLzweB9ZYAA3AADz:0
[   31173ms] [WARNING] WebSocket connection to 'ws://localhost:5151/socket.io/?EIO=4&transport=websocket&sid=9l-AHLzweB9ZYAA3AADz' failed: WebSocket is closed before the connection is established. @ http://localhost:5151/assets/index-BasIDPJx.js:10
[   31972ms] [ERROR] WebSocket connection to 'ws://localhost:5151/socket.io/?EIO=4&transport=websocket&sid=8n2slp6-gjS0suwRAAD1' failed: Error during WebSocket handshake: Unexpected response code: 400 @ http://localhost:5151/assets/index-BasIDPJx.js:10
[   31973ms] [ERROR] Failed to load resource: the server responded with a status of 400 (BAD REQUEST) @ http://localhost:5151/socket.io/?EIO=4&transport=polling&t=kvpcwv1d&sid=8n2slp6-gjS0suwRAAD1:0
[   31975ms] [ERROR] Failed to load resource: the server responded with a status of 400 (BAD REQUEST) @ http://localhost:5151/socket.io/?EIO=4&transport=polling&t=kvpd0i9r&sid=8n2slp6-gjS0suwRAAD1:0
[   32980ms] [ERROR] Failed to load resource: the server responded with a status of 400 (BAD REQUEST) @ http://localhost:5151/socket.io/?EIO=4&transport=polling&t=kvq4xhcl&sid=sMNlybleAl6Tg5fdAADK:0
[   32981ms] [WARNING] WebSocket connection to 'ws://localhost:5151/socket.io/?EIO=4&transport=websocket&sid=sMNlybleAl6Tg5fdAADK' failed: WebSocket is closed before the connection is established. @ http://localhost:5151/assets/index-BasIDPJx.js:10
[   34046ms] [ERROR] Failed to load resource: the server responded with a status of 400 (BAD REQUEST) @ http://localhost:5151/socket.io/?EIO=4&transport=polling&t=kvqyius9&sid=SD9G-qw4YvG8aKBOAADM:0
[   34047ms] [WARNING] WebSocket connection to 'ws://localhost:5151/socket.io/?EIO=4&transport=websocket&sid=SD9G-qw4YvG8aKBOAADM' failed: WebSocket is closed before the connection is established. @ http://localhost:5151/assets/index-BasIDPJx.js:10
[   35025ms] [ERROR] Failed to load resource: the server responded with a status of 400 (BAD REQUEST) @ http://localhost:5151/socket.io/?EIO=4&transport=polling&t=kvrppgow&sid=p1IuFCBDtS0AGkGYAADO:0
[   35026ms] [WARNING] WebSocket connection to 'ws://localhost:5151/socket.io/?EIO=4&transport=websocket&sid=p1IuFCBDtS0AGkGYAADO' failed: WebSocket is closed before the connection is established. @ http://localhost:5151/assets/index-BasIDPJx.js:10
[   36285ms] [ERROR] Failed to load resource: the server responded with a status of 400 (BAD REQUEST) @ http://localhost:5151/socket.io/?EIO=4&transport=polling&t=kvsop7vy&sid=bJGZTTxoccb7GfJiAADQ:0
[   36286ms] [WARNING] WebSocket connection to 'ws://localhost:5151/socket.io/?EIO=4&transport=websocket&sid=bJGZTTxoccb7GfJiAADQ' failed: WebSocket is closed before the connection is established. @ http://localhost:5151/assets/index-BasIDPJx.js:10
