[      36ms] [ERROR] Loading the stylesheet 'https://fonts.googleapis.com/css2?family=Geist:wght@300;400;500;600;700&family=Geist+Mono:wght@400;500&display=swap' violates the following Content Security Policy directive: "style-src 'self' 'unsafe-inline'". Note that 'style-src-elem' was not explicitly set, so 'style-src' is used as a fallback. The action has been blocked. @ http://localhost:5151/settings:10
[      64ms] [ERROR] Manifest: Line: 1, column: 1, Syntax error. @ http://localhost:5151/manifest.json:0
[     112ms] [ERROR] Failed to load resource: the server responded with a status of 400 (BAD REQUEST) @ http://localhost:5151/socket.io/?EIO=4&transport=polling&t=kwgsb9ul&sid=hUQyAE_Y7mDcZxwCAAD7:0
[     113ms] [WARNING] WebSocket connection to 'ws://localhost:5151/socket.io/?EIO=4&transport=websocket&sid=hUQyAE_Y7mDcZxwCAAD7' failed: WebSocket is closed before the connection is established. @ http://localhost:5151/assets/index-BasIDPJx.js:10
[     121ms] [ERROR] Failed to load resource: the server responded with a status of 400 (BAD REQUEST) @ http://localhost:5151/socket.io/?EIO=4&transport=polling&t=kwgsd7yd&sid=hUQyAE_Y7mDcZxwCAAD7:0
[     121ms] [ERROR] Manifest: Line: 1, column: 1, Syntax error. @ http://localhost:5151/manifest.json:0
[     122ms] [WARNING] <meta name="apple-mobile-web-app-capable" content="yes"> is deprecated. Please include <meta name="mobile-web-app-capable" content="yes"> @ http://localhost:5151/settings:0
[     390ms] [ERROR] Failed to load resource: the server responded with a status of 404 (NOT FOUND) @ http://localhost:5151/api/v1/config/sources:0
[    1402ms] [ERROR] Failed to load resource: the server responded with a status of 404 (NOT FOUND) @ http://localhost:5151/api/v1/config/sources:0
[    1659ms] [ERROR] Failed to load resource: the server responded with a status of 400 (BAD REQUEST) @ http://localhost:5151/socket.io/?EIO=4&transport=polling&t=kwhyl44m&sid=aiFrOJeT9as4PlIBAAD9:0
[    2853ms] [ERROR] Failed to load resource: the server responded with a status of 400 (BAD REQUEST) @ http://localhost:5151/socket.io/?EIO=4&transport=polling&t=kwiwc6vp&sid=ic1kf747YSZNcozvAADc:0
[    2854ms] [WARNING] WebSocket connection to 'ws://localhost:5151/socket.io/?EIO=4&transport=websocket&sid=ic1kf747YSZNcozvAADc' failed: WebSocket is closed before the connection is established. @ http://localhost:5151/assets/index-BasIDPJx.js:10
[    3408ms] [ERROR] Failed to load resource: the server responded with a status of 404 (NOT FOUND) @ http://localhost:5151/api/v1/config/sources:0
[    4235ms] [ERROR] Failed to load resource: the server responded with a status of 400 (BAD REQUEST) @ http://localhost:5151/socket.io/?EIO=4&transport=polling&t=kwjytpqe&sid=USrSiXIGSTpmuqyQAADe:0
[    4235ms] [WARNING] WebSocket connection to 'ws://localhost:5151/socket.io/?EIO=4&transport=websocket&sid=USrSiXIGSTpmuqyQAADe' failed: WebSocket is closed before the connection is established. @ http://localhost:5151/assets/index-BasIDPJx.js:10
[    5302ms] [ERROR] Failed to load resource: the server responded with a status of 400 (BAD REQUEST) @ http://localhost:5151/socket.io/?EIO=4&transport=polling&t=kwksg25v&sid=iM020ucH3WL9wdLOAADg:0
[    5303ms] [WARNING] WebSocket connection to 'ws://localhost:5151/socket.io/?EIO=4&transport=websocket&sid=iM020ucH3WL9wdLOAADg' failed: WebSocket is closed before the connection is established. @ http://localhost:5151/assets/index-BasIDPJx.js:10
[    5304ms] [ERROR] Failed to load resource: the server responded with a status of 400 (BAD REQUEST) @ http://localhost:5151/socket.io/?EIO=4&transport=polling&t=kwksja64&sid=iM020ucH3WL9wdLOAADg:0
[    6298ms] [ERROR] Failed to load resource: the server responded with a status of 400 (BAD REQUEST) @ http://localhost:5151/socket.io/?EIO=4&transport=polling&t=kwlk2e53&sid=XfVSfC9bQrceOMeNAAD_:0
[    6300ms] [WARNING] WebSocket connection to 'ws://localhost:5151/socket.io/?EIO=4&transport=websocket&sid=XfVSfC9bQrceOMeNAAD_' failed: WebSocket is closed before the connection is established. @ http://localhost:5151/assets/index-BasIDPJx.js:10
[    7771ms] [ERROR] Failed to load resource: the server responded with a status of 400 (BAD REQUEST) @ http://localhost:5151/socket.io/?EIO=4&transport=polling&t=kwmp1o5m&sid=6e2SCsEXjuWnw-ReAAEB:0
[    7772ms] [WARNING] WebSocket connection to 'ws://localhost:5151/socket.io/?EIO=4&transport=websocket&sid=6e2SCsEXjuWnw-ReAAEB' failed: WebSocket is closed before the connection is established. @ http://localhost:5151/assets/index-BasIDPJx.js:10
[    8638ms] [ERROR] Failed to load resource: the server responded with a status of 400 (BAD REQUEST) @ http://localhost:5151/socket.io/?EIO=4&transport=polling&t=kwnd39ko&sid=-yQavRxilqfH0p6YAAED:0
[    8640ms] [WARNING] WebSocket connection to 'ws://localhost:5151/socket.io/?EIO=4&transport=websocket&sid=-yQavRxilqfH0p6YAAED' failed: WebSocket is closed before the connection is established. @ http://localhost:5151/assets/index-BasIDPJx.js:10
[    9709ms] [ERROR] Failed to load resource: the server responded with a status of 400 (BAD REQUEST) @ http://localhost:5151/socket.io/?EIO=4&transport=polling&t=kwo6sx0d&sid=J_3I-IyKX0T0Qt75AAEF:0
[    9711ms] [WARNING] WebSocket connection to 'ws://localhost:5151/socket.io/?EIO=4&transport=websocket&sid=J_3I-IyKX0T0Qt75AAEF' failed: WebSocket is closed before the connection is established. @ http://localhost:5151/assets/index-BasIDPJx.js:10
[   11115ms] [ERROR] Failed to load resource: the server responded with a status of 400 (BAD REQUEST) @ http://localhost:5151/socket.io/?EIO=4&transport=polling&t=kwp9uzdb&sid=T4TgYbsFmCphTkTCAAEH:0
[   11116ms] [WARNING] WebSocket connection to 'ws://localhost:5151/socket.io/?EIO=4&transport=websocket&sid=T4TgYbsFmCphTkTCAAEH' failed: WebSocket is closed before the connection is established. @ http://localhost:5151/assets/index-BasIDPJx.js:10
[   11122ms] [ERROR] Failed to load resource: the server responded with a status of 400 (BAD REQUEST) @ http://localhost:5151/socket.io/?EIO=4&transport=polling&t=kwpa0izf&sid=T4TgYbsFmCphTkTCAAEH:0
[   12324ms] [ERROR] Failed to load resource: the server responded with a status of 400 (BAD REQUEST) @ http://localhost:5151/socket.io/?EIO=4&transport=polling&t=kwq7gx6c&sid=gpzhWJ4Oz1RlHkO6AADi:0
[   12325ms] [WARNING] WebSocket connection to 'ws://localhost:5151/socket.io/?EIO=4&transport=websocket&sid=gpzhWJ4Oz1RlHkO6AADi' failed: WebSocket is closed before the connection is established. @ http://localhost:5151/assets/index-BasIDPJx.js:10
[   12328ms] [ERROR] Failed to load resource: the server responded with a status of 400 (BAD REQUEST) @ http://localhost:5151/socket.io/?EIO=4&transport=polling&t=kwq7lsz4&sid=gpzhWJ4Oz1RlHkO6AADi:0
[   12924ms] [ERROR] Failed to load resource: the server responded with a status of 400 (BAD REQUEST) @ http://localhost:5151/socket.io/?EIO=4&transport=polling&t=kwqo2tij&sid=S-g6mZ6oMAaB07ZPAAEJ:0
[   12925ms] [WARNING] WebSocket connection to 'ws://localhost:5151/socket.io/?EIO=4&transport=websocket&sid=S-g6mZ6oMAaB07ZPAAEJ' failed: WebSocket is closed before the connection is established. @ http://localhost:5151/assets/index-BasIDPJx.js:10
[   12930ms] [ERROR] Failed to load resource: the server responded with a status of 400 (BAD REQUEST) @ http://localhost:5151/socket.io/?EIO=4&transport=polling&t=kwqo9384&sid=S-g6mZ6oMAaB07ZPAAEJ:0
[   13509ms] [ERROR] Failed to load resource: the server responded with a status of 400 (BAD REQUEST) @ http://localhost:5151/socket.io/?EIO=4&transport=polling&t=kwr4e2bs&sid=zXNRsYWV3HlQSeiVAADk:0
[   13510ms] [WARNING] WebSocket connection to 'ws://localhost:5151/socket.io/?EIO=4&transport=websocket&sid=zXNRsYWV3HlQSeiVAADk' failed: WebSocket is closed before the connection is established. @ http://localhost:5151/assets/index-BasIDPJx.js:10
[   14373ms] [ERROR] Failed to load resource: the server responded with a status of 400 (BAD REQUEST) @ http://localhost:5151/socket.io/?EIO=4&transport=polling&t=kwrse470&sid=z7Rdob51K0yomh1SAADm:0
[   14374ms] [WARNING] WebSocket connection to 'ws://localhost:5151/socket.io/?EIO=4&transport=websocket&sid=z7Rdob51K0yomh1SAADm' failed: WebSocket is closed before the connection is established. @ http://localhost:5151/assets/index-BasIDPJx.js:10
[   15483ms] [ERROR] Failed to load resource: the server responded with a status of 400 (BAD REQUEST) @ http://localhost:5151/socket.io/?EIO=4&transport=polling&t=kwsn61c6&sid=j_aVA0yRmLtNg_rcAADo:0
[   15484ms] [WARNING] WebSocket connection to 'ws://localhost:5151/socket.io/?EIO=4&transport=websocket&sid=j_aVA0yRmLtNg_rcAADo' failed: WebSocket is closed before the connection is established. @ http://localhost:5151/assets/index-BasIDPJx.js:10
[   15488ms] [ERROR] Failed to load resource: the server responded with a status of 400 (BAD REQUEST) @ http://localhost:5151/socket.io/?EIO=4&transport=polling&t=kwsnczmp&sid=j_aVA0yRmLtNg_rcAADo:0
[   16262ms] [ERROR] Failed to load resource: the server responded with a status of 400 (BAD REQUEST) @ http://localhost:5151/socket.io/?EIO=4&transport=polling&t=kwt8uukt&sid=yutNF6JeYX_hEFEeAAEL:0
[   16264ms] [WARNING] WebSocket connection to 'ws://localhost:5151/socket.io/?EIO=4&transport=websocket&sid=yutNF6JeYX_hEFEeAAEL' failed: WebSocket is closed before the connection is established. @ http://localhost:5151/assets/index-BasIDPJx.js:10
[   16267ms] [ERROR] Failed to load resource: the server responded with a status of 400 (BAD REQUEST) @ http://localhost:5151/socket.io/?EIO=4&transport=polling&t=kwt8z6v9&sid=yutNF6JeYX_hEFEeAAEL:0
[   17124ms] [ERROR] Failed to load resource: the server responded with a status of 400 (BAD REQUEST) @ http://localhost:5151/socket.io/?EIO=4&transport=polling&t=kwtwvptn&sid=Gl8PJers1DtT1TDQAADq:0
[   17124ms] [WARNING] WebSocket connection to 'ws://localhost:5151/socket.io/?EIO=4&transport=websocket&sid=Gl8PJers1DtT1TDQAADq' failed: WebSocket is closed before the connection is established. @ http://localhost:5151/assets/index-BasIDPJx.js:10
[   18512ms] [ERROR] Failed to load resource: the server responded with a status of 400 (BAD REQUEST) @ http://localhost:5151/socket.io/?EIO=4&transport=polling&t=kwuzeova&sid=2SfK17TKeouehwc0AADs:0
[   18513ms] [WARNING] WebSocket connection to 'ws://localhost:5151/socket.io/?EIO=4&transport=websocket&sid=2SfK17TKeouehwc0AADs' failed: WebSocket is closed before the connection is established. @ http://localhost:5151/assets/index-BasIDPJx.js:10
[   19077ms] [ERROR] Failed to load resource: the server responded with a status of 400 (BAD REQUEST) @ http://localhost:5151/socket.io/?EIO=4&transport=polling&t=kwvf32wi&sid=mT9yifw01zfqMWQjAADu:0
[   19078ms] [WARNING] WebSocket connection to 'ws://localhost:5151/socket.io/?EIO=4&transport=websocket&sid=mT9yifw01zfqMWQjAADu' failed: WebSocket is closed before the connection is established. @ http://localhost:5151/assets/index-BasIDPJx.js:10
[   20276ms] [ERROR] Failed to load resource: the server responded with a status of 400 (BAD REQUEST) @ http://localhost:5151/socket.io/?EIO=4&transport=polling&t=kwwcc7to&sid=Tv3fHJJkw8mLxAzrAADw:0
[   20277ms] [WARNING] WebSocket connection to 'ws://localhost:5151/socket.io/?EIO=4&transport=websocket&sid=Tv3fHJJkw8mLxAzrAADw' failed: WebSocket is closed before the connection is established. @ http://localhost:5151/assets/index-BasIDPJx.js:10
[   21477ms] [ERROR] Failed to load resource: the server responded with a status of 400 (BAD REQUEST) @ http://localhost:5151/socket.io/?EIO=4&transport=polling&t=kwx9p0er&sid=2IUJ0KUClfzssmY7AADy:0
[   21478ms] [WARNING] WebSocket connection to 'ws://localhost:5151/socket.io/?EIO=4&transport=websocket&sid=2IUJ0KUClfzssmY7AADy' failed: WebSocket is closed before the connection is established. @ http://localhost:5151/assets/index-BasIDPJx.js:10
[   22275ms] [ERROR] Failed to load resource: the server responded with a status of 400 (BAD REQUEST) @ http://localhost:5151/socket.io/?EIO=4&transport=polling&t=kwxvwy9j&sid=MLxPNQkzK16hsoHGAAD0:0
[   22277ms] [WARNING] WebSocket connection to 'ws://localhost:5151/socket.io/?EIO=4&transport=websocket&sid=MLxPNQkzK16hsoHGAAD0' failed: WebSocket is closed before the connection is established. @ http://localhost:5151/assets/index-BasIDPJx.js:10
[   23573ms] [ERROR] Failed to load resource: the server responded with a status of 400 (BAD REQUEST) @ http://localhost:5151/socket.io/?EIO=4&transport=polling&t=kwyvx4y7&sid=wBDNvveQhS2id_vaAAD2:0
[   23575ms] [WARNING] WebSocket connection to 'ws://localhost:5151/socket.io/?EIO=4&transport=websocket&sid=wBDNvveQhS2id_vaAAD2' failed: WebSocket is closed before the connection is established. @ http://localhost:5151/assets/index-BasIDPJx.js:10
[   24556ms] [ERROR] Failed to load resource: the server responded with a status of 400 (BAD REQUEST) @ http://localhost:5151/socket.io/?EIO=4&transport=polling&t=kwzn9upr&sid=2c2bmOXTlevkv5IJAAD4:0
[   24557ms] [WARNING] WebSocket connection to 'ws://localhost:5151/socket.io/?EIO=4&transport=websocket&sid=2c2bmOXTlevkv5IJAAD4' failed: WebSocket is closed before the connection is established. @ http://localhost:5151/assets/index-BasIDPJx.js:10
[   25749ms] [ERROR] Failed to load resource: the server responded with a status of 400 (BAD REQUEST) @ http://localhost:5151/socket.io/?EIO=4&transport=polling&t=kx0kd9aa&sid=fs9VoJ7LHHdoeQoIAAD6:0
[   25750ms] [WARNING] WebSocket connection to 'ws://localhost:5151/socket.io/?EIO=4&transport=websocket&sid=fs9VoJ7LHHdoeQoIAAD6' failed: WebSocket is closed before the connection is established. @ http://localhost:5151/assets/index-BasIDPJx.js:10
[   26187ms] [ERROR] Failed to load resource: the server responded with a status of 404 (NOT FOUND) @ http://localhost:5151/api/v1/config/scoring:0
[   26719ms] [ERROR] Failed to load resource: the server responded with a status of 400 (BAD REQUEST) @ http://localhost:5151/socket.io/?EIO=4&transport=polling&t=kx1bcyqs&sid=AItrbwV1dre-q6-pAAD8:0
[   26720ms] [WARNING] WebSocket connection to 'ws://localhost:5151/socket.io/?EIO=4&transport=websocket&sid=AItrbwV1dre-q6-pAAD8' failed: WebSocket is closed before the connection is established. @ http://localhost:5151/assets/index-BasIDPJx.js:10
[   27197ms] [ERROR] Failed to load resource: the server responded with a status of 404 (NOT FOUND) @ http://localhost:5151/api/v1/config/scoring:0
[   27897ms] [ERROR] Failed to load resource: the server responded with a status of 400 (BAD REQUEST) @ http://localhost:5151/socket.io/?EIO=4&transport=polling&t=kx27ygkz&sid=UH-EY51eeGaYFTQZAAD-:0
[   27899ms] [WARNING] WebSocket connection to 'ws://localhost:5151/socket.io/?EIO=4&transport=websocket&sid=UH-EY51eeGaYFTQZAAD-' failed: WebSocket is closed before the connection is established. @ http://localhost:5151/assets/index-BasIDPJx.js:10
[   28788ms] [ERROR] Failed to load resource: the server responded with a status of 400 (BAD REQUEST) @ http://localhost:5151/socket.io/?EIO=4&transport=polling&t=kx2wsl89&sid=tDz9QLQdvdStDAnqAAEA:0
[   28790ms] [WARNING] WebSocket connection to 'ws://localhost:5151/socket.io/?EIO=4&transport=websocket&sid=tDz9QLQdvdStDAnqAAEA' failed: WebSocket is closed before the connection is established. @ http://localhost:5151/assets/index-BasIDPJx.js:10
[   29206ms] [ERROR] Failed to load resource: the server responded with a status of 404 (NOT FOUND) @ http://localhost:5151/api/v1/config/scoring:0
[   29383ms] [ERROR] Failed to load resource: the server responded with a status of 400 (BAD REQUEST) @ http://localhost:5151/socket.io/?EIO=4&transport=polling&t=kx3dbpru&sid=1fL90hV80kr9bjVOAAEC:0
[   29385ms] [WARNING] WebSocket connection to 'ws://localhost:5151/socket.io/?EIO=4&transport=websocket&sid=1fL90hV80kr9bjVOAAEC' failed: WebSocket is closed before the connection is established. @ http://localhost:5151/assets/index-BasIDPJx.js:10
[   29386ms] [ERROR] Failed to load resource: the server responded with a status of 400 (BAD REQUEST) @ http://localhost:5151/socket.io/?EIO=4&transport=polling&t=kx3dg2wd&sid=1fL90hV80kr9bjVOAAEC:0
[   30281ms] [ERROR] Failed to load resource: the server responded with a status of 400 (BAD REQUEST) @ http://localhost:5151/socket.io/?EIO=4&transport=polling&t=kx42afmk&sid=znn1pTjoQONYtRaWAAEE:0
[   30282ms] [WARNING] WebSocket connection to 'ws://localhost:5151/socket.io/?EIO=4&transport=websocket&sid=znn1pTjoQONYtRaWAAEE' failed: WebSocket is closed before the connection is established. @ http://localhost:5151/assets/index-BasIDPJx.js:10
[   30284ms] [ERROR] Failed to load resource: the server responded with a status of 400 (BAD REQUEST) @ http://localhost:5151/socket.io/?EIO=4&transport=polling&t=kx42e2ya&sid=znn1pTjoQONYtRaWAAEE:0
[   31777ms] [ERROR] Failed to load resource: the server responded with a status of 400 (BAD REQUEST) @ http://localhost:5151/socket.io/?EIO=4&transport=polling&t=kx57vs53&sid=9eGGOnVi2B3yqOCUAAEN:0
[   31778ms] [WARNING] WebSocket connection to 'ws://localhost:5151/socket.io/?EIO=4&transport=websocket&sid=9eGGOnVi2B3yqOCUAAEN' failed: WebSocket is closed before the connection is established. @ http://localhost:5151/assets/index-BasIDPJx.js:10
[   31782ms] [ERROR] Failed to load resource: the server responded with a status of 400 (BAD REQUEST) @ http://localhost:5151/socket.io/?EIO=4&transport=polling&t=kx57yslh&sid=9eGGOnVi2B3yqOCUAAEN:0
[   33293ms] [ERROR] Failed to load resource: the server responded with a status of 400 (BAD REQUEST) @ http://localhost:5151/socket.io/?EIO=4&transport=polling&t=kx6dw1es&sid=a_JVoeJEKkMICtR9AAEG:0
[   33294ms] [WARNING] WebSocket connection to 'ws://localhost:5151/socket.io/?EIO=4&transport=websocket&sid=a_JVoeJEKkMICtR9AAEG' failed: WebSocket is closed before the connection is established. @ http://localhost:5151/assets/index-BasIDPJx.js:10
[   34761ms] [ERROR] Failed to load resource: the server responded with a status of 400 (BAD REQUEST) @ http://localhost:5151/socket.io/?EIO=4&transport=polling&t=kx7iqi68&sid=pv8einQeTDlDAKRHAAEP:0
[   34761ms] [WARNING] WebSocket connection to 'ws://localhost:5151/socket.io/?EIO=4&transport=websocket&sid=pv8einQeTDlDAKRHAAEP' failed: WebSocket is closed before the connection is established. @ http://localhost:5151/assets/index-BasIDPJx.js:10
[   34764ms] [ERROR] Failed to load resource: the server responded with a status of 400 (BAD REQUEST) @ http://localhost:5151/socket.io/?EIO=4&transport=polling&t=kx7itt1q&sid=pv8einQeTDlDAKRHAAEP:0
[   36273ms] [ERROR] Failed to load resource: the server responded with a status of 400 (BAD REQUEST) @ http://localhost:5151/socket.io/?EIO=4&transport=polling&t=kx8oqocw&sid=KJ8MnyI2aCu4klszAAEI:0
[   36274ms] [WARNING] WebSocket connection to 'ws://localhost:5151/socket.io/?EIO=4&transport=websocket&sid=KJ8MnyI2aCu4klszAAEI' failed: WebSocket is closed before the connection is established. @ http://localhost:5151/assets/index-BasIDPJx.js:10
[   36279ms] [ERROR] Failed to load resource: the server responded with a status of 400 (BAD REQUEST) @ http://localhost:5151/socket.io/?EIO=4&transport=polling&t=kx8ouywo&sid=KJ8MnyI2aCu4klszAAEI:0
[   37661ms] [ERROR] Failed to load resource: the server responded with a status of 400 (BAD REQUEST) @ http://localhost:5151/socket.io/?EIO=4&transport=polling&t=kx9r7o3k&sid=4ZSSDFRwAGBCkQiHAAER:0
[   37663ms] [WARNING] WebSocket connection to 'ws://localhost:5151/socket.io/?EIO=4&transport=websocket&sid=4ZSSDFRwAGBCkQiHAAER' failed: WebSocket is closed before the connection is established. @ http://localhost:5151/assets/index-BasIDPJx.js:10
[   38480ms] [ERROR] Failed to load resource: the server responded with a status of 400 (BAD REQUEST) @ http://localhost:5151/socket.io/?EIO=4&transport=polling&t=kxadwtmo&sid=KQ7fTDezDONQaaBKAAET:0
[   38482ms] [WARNING] WebSocket connection to 'ws://localhost:5151/socket.io/?EIO=4&transport=websocket&sid=KQ7fTDezDONQaaBKAAET' failed: WebSocket is closed before the connection is established. @ http://localhost:5151/assets/index-BasIDPJx.js:10
[   39997ms] [ERROR] Failed to load resource: the server responded with a status of 400 (BAD REQUEST) @ http://localhost:5151/socket.io/?EIO=4&transport=polling&t=kxbk2bge&sid=g8o8IuJRcmJXaERsAAEV:0
[   39999ms] [WARNING] WebSocket connection to 'ws://localhost:5151/socket.io/?EIO=4&transport=websocket&sid=g8o8IuJRcmJXaERsAAEV' failed: WebSocket is closed before the connection is established. @ http://localhost:5151/assets/index-BasIDPJx.js:10
[   41187ms] [ERROR] Failed to load resource: the server responded with a status of 400 (BAD REQUEST) @ http://localhost:5151/socket.io/?EIO=4&transport=polling&t=kxch7eih&sid=BRuvF9stlvOOIRyTAAEX:0
[   41188ms] [WARNING] WebSocket connection to 'ws://localhost:5151/socket.io/?EIO=4&transport=websocket&sid=BRuvF9stlvOOIRyTAAEX' failed: WebSocket is closed before the connection is established. @ http://localhost:5151/assets/index-BasIDPJx.js:10
[   42188ms] [ERROR] Failed to load resource: the server responded with a status of 400 (BAD REQUEST) @ http://localhost:5151/socket.io/?EIO=4&transport=polling&t=kxd8wy2b&sid=54XePm0HHZUdbtCMAAEZ:0
[   42190ms] [WARNING] WebSocket connection to 'ws://localhost:5151/socket.io/?EIO=4&transport=websocket&sid=54XePm0HHZUdbtCMAAEZ' failed: WebSocket is closed before the connection is established. @ http://localhost:5151/assets/index-BasIDPJx.js:10
[   43089ms] [ERROR] Failed to load resource: the server responded with a status of 400 (BAD REQUEST) @ http://localhost:5151/socket.io/?EIO=4&transport=polling&t=kxdy2tep&sid=3OZj4lSQDrubwWmbAAEb:0
[   43091ms] [WARNING] WebSocket connection to 'ws://localhost:5151/socket.io/?EIO=4&transport=websocket&sid=3OZj4lSQDrubwWmbAAEb' failed: WebSocket is closed before the connection is established. @ http://localhost:5151/assets/index-BasIDPJx.js:10
[   43897ms] [ERROR] Failed to load resource: the server responded with a status of 400 (BAD REQUEST) @ http://localhost:5151/socket.io/?EIO=4&transport=polling&t=kxekh9k5&sid=4o-6BCCJ185lDlVYAAEd:0
[   43899ms] [WARNING] WebSocket connection to 'ws://localhost:5151/socket.io/?EIO=4&transport=websocket&sid=4o-6BCCJ185lDlVYAAEd' failed: WebSocket is closed before the connection is established. @ http://localhost:5151/assets/index-BasIDPJx.js:10
[   44787ms] [ERROR] Failed to load resource: the server responded with a status of 400 (BAD REQUEST) @ http://localhost:5151/socket.io/?EIO=4&transport=polling&t=kxf92l0n&sid=PebdZACRY5ixzeb-AAEf:0
[   44789ms] [WARNING] WebSocket connection to 'ws://localhost:5151/socket.io/?EIO=4&transport=websocket&sid=PebdZACRY5ixzeb-AAEf' failed: WebSocket is closed before the connection is established. @ http://localhost:5151/assets/index-BasIDPJx.js:10
[   44794ms] [ERROR] Failed to load resource: the server responded with a status of 400 (BAD REQUEST) @ http://localhost:5151/socket.io/?EIO=4&transport=polling&t=kxf9cq2s&sid=PebdZACRY5ixzeb-AAEf:0
[   45950ms] [ERROR] Failed to load resource: the server responded with a status of 400 (BAD REQUEST) @ http://localhost:5151/socket.io/?EIO=4&transport=polling&t=kxg5jnse&sid=f2-ORqxxM053ZTQnAAEK:0
[   45951ms] [WARNING] WebSocket connection to 'ws://localhost:5151/socket.io/?EIO=4&transport=websocket&sid=f2-ORqxxM053ZTQnAAEK' failed: WebSocket is closed before the connection is established. @ http://localhost:5151/assets/index-BasIDPJx.js:10
[   45952ms] [ERROR] Failed to load resource: the server responded with a status of 400 (BAD REQUEST) @ http://localhost:5151/socket.io/?EIO=4&transport=polling&t=kxg5nhnp&sid=f2-ORqxxM053ZTQnAAEK:0
[   47068ms] [ERROR] Failed to load resource: the server responded with a status of 400 (BAD REQUEST) @ http://localhost:5151/socket.io/?EIO=4&transport=polling&t=kxh03l1v&sid=JOusjmdhtGtVv7RqAAEh:0
[   47070ms] [WARNING] WebSocket connection to 'ws://localhost:5151/socket.io/?EIO=4&transport=websocket&sid=JOusjmdhtGtVv7RqAAEh' failed: WebSocket is closed before the connection is established. @ http://localhost:5151/assets/index-BasIDPJx.js:10
[   47085ms] [ERROR] Failed to load resource: the server responded with a status of 400 (BAD REQUEST) @ http://localhost:5151/socket.io/?EIO=4&transport=polling&t=kxh0qhnw&sid=JOusjmdhtGtVv7RqAAEh:0
[   48560ms] [ERROR] Failed to load resource: the server responded with a status of 400 (BAD REQUEST) @ http://localhost:5151/socket.io/?EIO=4&transport=polling&t=kxi621ja&sid=lLAOJLtUnfDHSH6CAAEM:0
[   48560ms] [WARNING] WebSocket connection to 'ws://localhost:5151/socket.io/?EIO=4&transport=websocket&sid=lLAOJLtUnfDHSH6CAAEM' failed: WebSocket is closed before the connection is established. @ http://localhost:5151/assets/index-BasIDPJx.js:10
[   48562ms] [ERROR] Failed to load resource: the server responded with a status of 400 (BAD REQUEST) @ http://localhost:5151/socket.io/?EIO=4&transport=polling&t=kxi65mjv&sid=lLAOJLtUnfDHSH6CAAEM:0
[   49547ms] [ERROR] Failed to load resource: the server responded with a status of 400 (BAD REQUEST) @ http://localhost:5151/socket.io/?EIO=4&transport=polling&t=kxixgch3&sid=tkRw7P1NtO-NDwP-AAEj:0
[   49548ms] [WARNING] WebSocket connection to 'ws://localhost:5151/socket.io/?EIO=4&transport=websocket&sid=tkRw7P1NtO-NDwP-AAEj' failed: WebSocket is closed before the connection is established. @ http://localhost:5151/assets/index-BasIDPJx.js:10
[   49550ms] [ERROR] Failed to load resource: the server responded with a status of 400 (BAD REQUEST) @ http://localhost:5151/socket.io/?EIO=4&transport=polling&t=kxixkivk&sid=tkRw7P1NtO-NDwP-AAEj:0
[   50220ms] [ERROR] Failed to load resource: the server responded with a status of 400 (BAD REQUEST) @ http://localhost:5151/socket.io/?EIO=4&transport=polling&t=kxjg4nxr&sid=wCHIts2H-3wUQxI-AAEO:0
[   50221ms] [WARNING] WebSocket connection to 'ws://localhost:5151/socket.io/?EIO=4&transport=websocket&sid=wCHIts2H-3wUQxI-AAEO' failed: WebSocket is closed before the connection is established. @ http://localhost:5151/assets/index-BasIDPJx.js:10
[   51315ms] [ERROR] Failed to load resource: the server responded with a status of 400 (BAD REQUEST) @ http://localhost:5151/socket.io/?EIO=4&transport=polling&t=kxkagc8j&sid=uYwwMVJOG4XIhdhMAAEQ:0
[   51316ms] [WARNING] WebSocket connection to 'ws://localhost:5151/socket.io/?EIO=4&transport=websocket&sid=uYwwMVJOG4XIhdhMAAEQ' failed: WebSocket is closed before the connection is established. @ http://localhost:5151/assets/index-BasIDPJx.js:10
[   51320ms] [ERROR] Failed to load resource: the server responded with a status of 400 (BAD REQUEST) @ http://localhost:5151/socket.io/?EIO=4&transport=polling&t=kxkao3p4&sid=uYwwMVJOG4XIhdhMAAEQ:0
[   52813ms] [ERROR] Failed to load resource: the server responded with a status of 400 (BAD REQUEST) @ http://localhost:5151/socket.io/?EIO=4&transport=polling&t=kxlg3ckb&sid=Dt4PRc6d3FOSdEQnAAEl:0
[   52814ms] [WARNING] WebSocket connection to 'ws://localhost:5151/socket.io/?EIO=4&transport=websocket&sid=Dt4PRc6d3FOSdEQnAAEl' failed: WebSocket is closed before the connection is established. @ http://localhost:5151/assets/index-BasIDPJx.js:10
[   52818ms] [ERROR] Failed to load resource: the server responded with a status of 400 (BAD REQUEST) @ http://localhost:5151/socket.io/?EIO=4&transport=polling&t=kxlgadao&sid=Dt4PRc6d3FOSdEQnAAEl:0
[   53587ms] [ERROR] Failed to load resource: the server responded with a status of 400 (BAD REQUEST) @ http://localhost:5151/socket.io/?EIO=4&transport=polling&t=kxm1mvvb&sid=VT9gCF0by2LqQ2i8AAES:0
[   53587ms] [WARNING] WebSocket connection to 'ws://localhost:5151/socket.io/?EIO=4&transport=websocket&sid=VT9gCF0by2LqQ2i8AAES' failed: WebSocket is closed before the connection is established. @ http://localhost:5151/assets/index-BasIDPJx.js:10
[   54256ms] [ERROR] Failed to load resource: the server responded with a status of 400 (BAD REQUEST) @ http://localhost:5151/socket.io/?EIO=4&transport=polling&t=kxmk9xpr&sid=zbdXw_bs-Zkq5BC6AAEU:0
[   54257ms] [WARNING] WebSocket connection to 'ws://localhost:5151/socket.io/?EIO=4&transport=websocket&sid=zbdXw_bs-Zkq5BC6AAEU' failed: WebSocket is closed before the connection is established. @ http://localhost:5151/assets/index-BasIDPJx.js:10
[   54261ms] [ERROR] Failed to load resource: the server responded with a status of 400 (BAD REQUEST) @ http://localhost:5151/socket.io/?EIO=4&transport=polling&t=kxmkd42q&sid=zbdXw_bs-Zkq5BC6AAEU:0
