[     154ms] [WARNING] <meta name="apple-mobile-web-app-capable" content="yes"> is deprecated. Please include <meta name="mobile-web-app-capable" content="yes"> @ http://localhost:5176/:0
[     155ms] [ERROR] WebSocket connection to 'ws://localhost:5176/socket.io/?EIO=4&transport=websocket' failed: Error during WebSocket handshake: Unexpected response code: 400 @ http://localhost:5176/node_modules/.vite/deps/socket__io-client.js?v=af17d221:1523
[     725ms] [ERROR] WebSocket connection to 'ws://localhost:5176/socket.io/?EIO=4&transport=websocket' failed: Error during WebSocket handshake: Unexpected response code: 400 @ http://localhost:5176/node_modules/.vite/deps/socket__io-client.js?v=af17d221:1523
[    2727ms] [ERROR] WebSocket connection to 'ws://localhost:5176/socket.io/?EIO=4&transport=websocket' failed: Error during WebSocket handshake: Unexpected response code: 400 @ http://localhost:5176/node_modules/.vite/deps/socket__io-client.js?v=af17d221:1523
[    5812ms] [ERROR] WebSocket connection to 'ws://localhost:5176/socket.io/?EIO=4&transport=websocket' failed: Error during WebSocket handshake: Unexpected response code: 400 @ http://localhost:5176/node_modules/.vite/deps/socket__io-client.js?v=af17d221:1523
[   13006ms] [ERROR] WebSocket connection to 'ws://localhost:5176/socket.io/?EIO=4&transport=websocket' failed: Error during WebSocket handshake: Unexpected response code: 400 @ http://localhost:5176/node_modules/.vite/deps/socket__io-client.js?v=af17d221:1523
[   24133ms] [ERROR] WebSocket connection to 'ws://localhost:5176/socket.io/?EIO=4&transport=websocket' failed: Error during WebSocket handshake: Unexpected response code: 400 @ http://localhost:5176/node_modules/.vite/deps/socket__io-client.js?v=af17d221:1523
[   54144ms] [ERROR] WebSocket connection to 'ws://localhost:5176/socket.io/?EIO=4&transport=websocket' failed: Error during WebSocket handshake: Unexpected response code: 400 @ http://localhost:5176/node_modules/.vite/deps/socket__io-client.js?v=af17d221:1523
[   84156ms] [ERROR] WebSocket connection to 'ws://localhost:5176/socket.io/?EIO=4&transport=websocket' failed: Error during WebSocket handshake: Unexpected response code: 400 @ http://localhost:5176/node_modules/.vite/deps/socket__io-client.js?v=af17d221:1523
[  114165ms] [ERROR] WebSocket connection to 'ws://localhost:5176/socket.io/?EIO=4&transport=websocket' failed: Error during WebSocket handshake: Unexpected response code: 400 @ http://localhost:5176/node_modules/.vite/deps/socket__io-client.js?v=af17d221:1523
[  144175ms] [ERROR] WebSocket connection to 'ws://localhost:5176/socket.io/?EIO=4&transport=websocket' failed: Error during WebSocket handshake: Unexpected response code: 400 @ http://localhost:5176/node_modules/.vite/deps/socket__io-client.js?v=af17d221:1523
[  174187ms] [ERROR] WebSocket connection to 'ws://localhost:5176/socket.io/?EIO=4&transport=websocket' failed: Error during WebSocket handshake: Unexpected response code: 400 @ http://localhost:5176/node_modules/.vite/deps/socket__io-client.js?v=af17d221:1523
[  204193ms] [ERROR] WebSocket connection to 'ws://localhost:5176/socket.io/?EIO=4&transport=websocket' failed: Error during WebSocket handshake: Unexpected response code: 400 @ http://localhost:5176/node_modules/.vite/deps/socket__io-client.js?v=af17d221:1523
[  234201ms] [ERROR] WebSocket connection to 'ws://localhost:5176/socket.io/?EIO=4&transport=websocket' failed: Error during WebSocket handshake: Unexpected response code: 400 @ http://localhost:5176/node_modules/.vite/deps/socket__io-client.js?v=af17d221:1523
[  264212ms] [ERROR] WebSocket connection to 'ws://localhost:5176/socket.io/?EIO=4&transport=websocket' failed: Error during WebSocket handshake: Unexpected response code: 400 @ http://localhost:5176/node_modules/.vite/deps/socket__io-client.js?v=af17d221:1523
[  294220ms] [ERROR] WebSocket connection to 'ws://localhost:5176/socket.io/?EIO=4&transport=websocket' failed: Error during WebSocket handshake: Unexpected response code: 400 @ http://localhost:5176/node_modules/.vite/deps/socket__io-client.js?v=af17d221:1523
[  324230ms] [ERROR] WebSocket connection to 'ws://localhost:5176/socket.io/?EIO=4&transport=websocket' failed: Error during WebSocket handshake: Unexpected response code: 400 @ http://localhost:5176/node_modules/.vite/deps/socket__io-client.js?v=af17d221:1523
[  354235ms] [ERROR] WebSocket connection to 'ws://localhost:5176/socket.io/?EIO=4&transport=websocket' failed: Error during WebSocket handshake: Unexpected response code: 400 @ http://localhost:5176/node_modules/.vite/deps/socket__io-client.js?v=af17d221:1523
[  384245ms] [ERROR] WebSocket connection to 'ws://localhost:5176/socket.io/?EIO=4&transport=websocket' failed: Error during WebSocket handshake: Unexpected response code: 400 @ http://localhost:5176/node_modules/.vite/deps/socket__io-client.js?v=af17d221:1523
[  414257ms] [ERROR] WebSocket connection to 'ws://localhost:5176/socket.io/?EIO=4&transport=websocket' failed: Error during WebSocket handshake: Unexpected response code: 400 @ http://localhost:5176/node_modules/.vite/deps/socket__io-client.js?v=af17d221:1523
[  444267ms] [ERROR] WebSocket connection to 'ws://localhost:5176/socket.io/?EIO=4&transport=websocket' failed: Error during WebSocket handshake: Unexpected response code: 400 @ http://localhost:5176/node_modules/.vite/deps/socket__io-client.js?v=af17d221:1523
[  474270ms] [ERROR] WebSocket connection to 'ws://localhost:5176/socket.io/?EIO=4&transport=websocket' failed: Error during WebSocket handshake: Unexpected response code: 400 @ http://localhost:5176/node_modules/.vite/deps/socket__io-client.js?v=af17d221:1523
