[      96ms] [WARNING] <meta name="apple-mobile-web-app-capable" content="yes"> is deprecated. Please include <meta name="mobile-web-app-capable" content="yes"> @ http://localhost:5176/analytics:0
[      97ms] [ERROR] WebSocket connection to 'ws://localhost:5176/socket.io/?EIO=4&transport=websocket' failed: Error during WebSocket handshake: Unexpected response code: 400 @ http://localhost:5176/node_modules/.vite/deps/socket__io-client.js?v=af17d221:1523
[    1186ms] [ERROR] WebSocket connection to 'ws://localhost:5176/socket.io/?EIO=4&transport=websocket' failed: Error during WebSocket handshake: Unexpected response code: 400 @ http://localhost:5176/node_modules/.vite/deps/socket__io-client.js?v=af17d221:1523
[    3526ms] [ERROR] WebSocket connection to 'ws://localhost:5176/socket.io/?EIO=4&transport=websocket' failed: Error during WebSocket handshake: Unexpected response code: 400 @ http://localhost:5176/node_modules/.vite/deps/socket__io-client.js?v=af17d221:1523
[    5866ms] [ERROR] WebSocket connection to 'ws://localhost:5176/socket.io/?EIO=4&transport=websocket' failed: Error during WebSocket handshake: Unexpected response code: 400 @ http://localhost:5176/node_modules/.vite/deps/socket__io-client.js?v=af17d221:1523
[   10493ms] [ERROR] WebSocket connection to 'ws://localhost:5176/socket.io/?EIO=4&transport=websocket' failed: Error during WebSocket handshake: Unexpected response code: 400 @ http://localhost:5176/node_modules/.vite/deps/socket__io-client.js?v=af17d221:1523
[   29069ms] [ERROR] WebSocket connection to 'ws://localhost:5176/socket.io/?EIO=4&transport=websocket' failed: Error during WebSocket handshake: Unexpected response code: 400 @ http://localhost:5176/node_modules/.vite/deps/socket__io-client.js?v=af17d221:1523
[   53756ms] [ERROR] WebSocket connection to 'ws://localhost:5176/socket.io/?EIO=4&transport=websocket' failed: Error during WebSocket handshake: Unexpected response code: 400 @ http://localhost:5176/node_modules/.vite/deps/socket__io-client.js?v=af17d221:1523
[   83773ms] [ERROR] WebSocket connection to 'ws://localhost:5176/socket.io/?EIO=4&transport=websocket' failed: Error during WebSocket handshake: Unexpected response code: 400 @ http://localhost:5176/node_modules/.vite/deps/socket__io-client.js?v=af17d221:1523
[  113785ms] [ERROR] WebSocket connection to 'ws://localhost:5176/socket.io/?EIO=4&transport=websocket' failed: Error during WebSocket handshake: Unexpected response code: 400 @ http://localhost:5176/node_modules/.vite/deps/socket__io-client.js?v=af17d221:1523
[  143799ms] [ERROR] WebSocket connection to 'ws://localhost:5176/socket.io/?EIO=4&transport=websocket' failed: Error during WebSocket handshake: Unexpected response code: 400 @ http://localhost:5176/node_modules/.vite/deps/socket__io-client.js?v=af17d221:1523
[  173806ms] [ERROR] WebSocket connection to 'ws://localhost:5176/socket.io/?EIO=4&transport=websocket' failed: Error during WebSocket handshake: Unexpected response code: 400 @ http://localhost:5176/node_modules/.vite/deps/socket__io-client.js?v=af17d221:1523
[  203814ms] [ERROR] WebSocket connection to 'ws://localhost:5176/socket.io/?EIO=4&transport=websocket' failed: Error during WebSocket handshake: Unexpected response code: 400 @ http://localhost:5176/node_modules/.vite/deps/socket__io-client.js?v=af17d221:1523
[  233843ms] [ERROR] WebSocket connection to 'ws://localhost:5176/socket.io/?EIO=4&transport=websocket' failed: Error during WebSocket handshake: Unexpected response code: 400 @ http://localhost:5176/node_modules/.vite/deps/socket__io-client.js?v=af17d221:1523
[  263853ms] [ERROR] WebSocket connection to 'ws://localhost:5176/socket.io/?EIO=4&transport=websocket' failed: Error during WebSocket handshake: Unexpected response code: 400 @ http://localhost:5176/node_modules/.vite/deps/socket__io-client.js?v=af17d221:1523
[  293867ms] [ERROR] WebSocket connection to 'ws://localhost:5176/socket.io/?EIO=4&transport=websocket' failed: Error during WebSocket handshake: Unexpected response code: 400 @ http://localhost:5176/node_modules/.vite/deps/socket__io-client.js?v=af17d221:1523
[  323876ms] [ERROR] WebSocket connection to 'ws://localhost:5176/socket.io/?EIO=4&transport=websocket' failed: Error during WebSocket handshake: Unexpected response code: 400 @ http://localhost:5176/node_modules/.vite/deps/socket__io-client.js?v=af17d221:1523
[  353879ms] [ERROR] WebSocket connection to 'ws://localhost:5176/socket.io/?EIO=4&transport=websocket' failed: Error during WebSocket handshake: Unexpected response code: 400 @ http://localhost:5176/node_modules/.vite/deps/socket__io-client.js?v=af17d221:1523
[  383887ms] [ERROR] WebSocket connection to 'ws://localhost:5176/socket.io/?EIO=4&transport=websocket' failed: Error during WebSocket handshake: Unexpected response code: 400 @ http://localhost:5176/node_modules/.vite/deps/socket__io-client.js?v=af17d221:1523
[  413897ms] [ERROR] WebSocket connection to 'ws://localhost:5176/socket.io/?EIO=4&transport=websocket' failed: Error during WebSocket handshake: Unexpected response code: 400 @ http://localhost:5176/node_modules/.vite/deps/socket__io-client.js?v=af17d221:1523
[  443907ms] [ERROR] WebSocket connection to 'ws://localhost:5176/socket.io/?EIO=4&transport=websocket' failed: Error during WebSocket handshake: Unexpected response code: 400 @ http://localhost:5176/node_modules/.vite/deps/socket__io-client.js?v=af17d221:1523
[  473915ms] [ERROR] WebSocket connection to 'ws://localhost:5176/socket.io/?EIO=4&transport=websocket' failed: Error during WebSocket handshake: Unexpected response code: 400 @ http://localhost:5176/node_modules/.vite/deps/socket__io-client.js?v=af17d221:1523
