[     337ms] [WARNING] <meta name="apple-mobile-web-app-capable" content="yes"> is deprecated. Please include <meta name="mobile-web-app-capable" content="yes"> @ http://localhost:5176/analytics:0
[     388ms] [ERROR] WebSocket connection to 'ws://localhost:5176/socket.io/?EIO=4&transport=websocket' failed: Error during WebSocket handshake: Unexpected response code: 400 @ http://localhost:5176/node_modules/.vite/deps/socket__io-client.js?v=af17d221:1523
[    1477ms] [ERROR] WebSocket connection to 'ws://localhost:5176/socket.io/?EIO=4&transport=websocket' failed: Error during WebSocket handshake: Unexpected response code: 400 @ http://localhost:5176/node_modules/.vite/deps/socket__io-client.js?v=af17d221:1523
[    4401ms] [ERROR] WebSocket connection to 'ws://localhost:5176/socket.io/?EIO=4&transport=websocket' failed: Error during WebSocket handshake: Unexpected response code: 400 @ http://localhost:5176/node_modules/.vite/deps/socket__io-client.js?v=af17d221:1523
[    6767ms] [ERROR] WebSocket connection to 'ws://localhost:5176/socket.io/?EIO=4&transport=websocket' failed: Error during WebSocket handshake: Unexpected response code: 400 @ http://localhost:5176/node_modules/.vite/deps/socket__io-client.js?v=af17d221:1523
[   11412ms] [ERROR] WebSocket connection to 'ws://localhost:5176/socket.io/?EIO=4&transport=websocket' failed: Error during WebSocket handshake: Unexpected response code: 400 @ http://localhost:5176/node_modules/.vite/deps/socket__io-client.js?v=af17d221:1523
[   25746ms] [ERROR] WebSocket connection to 'ws://localhost:5176/socket.io/?EIO=4&transport=websocket' failed: Error during WebSocket handshake: Unexpected response code: 400 @ http://localhost:5176/node_modules/.vite/deps/socket__io-client.js?v=af17d221:1523
[   47794ms] [ERROR] WebSocket connection to 'ws://localhost:5176/socket.io/?EIO=4&transport=websocket' failed: Error during WebSocket handshake: Unexpected response code: 400 @ http://localhost:5176/node_modules/.vite/deps/socket__io-client.js?v=af17d221:1523
[   77824ms] [ERROR] WebSocket connection to 'ws://localhost:5176/socket.io/?EIO=4&transport=websocket' failed: Error during WebSocket handshake: Unexpected response code: 400 @ http://localhost:5176/node_modules/.vite/deps/socket__io-client.js?v=af17d221:1523
[  107833ms] [ERROR] WebSocket connection to 'ws://localhost:5176/socket.io/?EIO=4&transport=websocket' failed: Error during WebSocket handshake: Unexpected response code: 400 @ http://localhost:5176/node_modules/.vite/deps/socket__io-client.js?v=af17d221:1523
[  137851ms] [ERROR] WebSocket connection to 'ws://localhost:5176/socket.io/?EIO=4&transport=websocket' failed: Error during WebSocket handshake: Unexpected response code: 400 @ http://localhost:5176/node_modules/.vite/deps/socket__io-client.js?v=af17d221:1523
[  167864ms] [ERROR] WebSocket connection to 'ws://localhost:5176/socket.io/?EIO=4&transport=websocket' failed: Error during WebSocket handshake: Unexpected response code: 400 @ http://localhost:5176/node_modules/.vite/deps/socket__io-client.js?v=af17d221:1523
[  197878ms] [ERROR] WebSocket connection to 'ws://localhost:5176/socket.io/?EIO=4&transport=websocket' failed: Error during WebSocket handshake: Unexpected response code: 400 @ http://localhost:5176/node_modules/.vite/deps/socket__io-client.js?v=af17d221:1523
[  227898ms] [ERROR] WebSocket connection to 'ws://localhost:5176/socket.io/?EIO=4&transport=websocket' failed: Error during WebSocket handshake: Unexpected response code: 400 @ http://localhost:5176/node_modules/.vite/deps/socket__io-client.js?v=af17d221:1523
[  257908ms] [ERROR] WebSocket connection to 'ws://localhost:5176/socket.io/?EIO=4&transport=websocket' failed: Error during WebSocket handshake: Unexpected response code: 400 @ http://localhost:5176/node_modules/.vite/deps/socket__io-client.js?v=af17d221:1523
[  287935ms] [ERROR] WebSocket connection to 'ws://localhost:5176/socket.io/?EIO=4&transport=websocket' failed: Error during WebSocket handshake: Unexpected response code: 400 @ http://localhost:5176/node_modules/.vite/deps/socket__io-client.js?v=af17d221:1523
[  317942ms] [ERROR] WebSocket connection to 'ws://localhost:5176/socket.io/?EIO=4&transport=websocket' failed: Error during WebSocket handshake: Unexpected response code: 400 @ http://localhost:5176/node_modules/.vite/deps/socket__io-client.js?v=af17d221:1523
[  347965ms] [ERROR] WebSocket connection to 'ws://localhost:5176/socket.io/?EIO=4&transport=websocket' failed: Error during WebSocket handshake: Unexpected response code: 400 @ http://localhost:5176/node_modules/.vite/deps/socket__io-client.js?v=af17d221:1523
[  377978ms] [ERROR] WebSocket connection to 'ws://localhost:5176/socket.io/?EIO=4&transport=websocket' failed: Error during WebSocket handshake: Unexpected response code: 400 @ http://localhost:5176/node_modules/.vite/deps/socket__io-client.js?v=af17d221:1523
[  408012ms] [ERROR] WebSocket connection to 'ws://localhost:5176/socket.io/?EIO=4&transport=websocket' failed: Error during WebSocket handshake: Unexpected response code: 400 @ http://localhost:5176/node_modules/.vite/deps/socket__io-client.js?v=af17d221:1523
[  438054ms] [ERROR] WebSocket connection to 'ws://localhost:5176/socket.io/?EIO=4&transport=websocket' failed: Error during WebSocket handshake: Unexpected response code: 400 @ http://localhost:5176/node_modules/.vite/deps/socket__io-client.js?v=af17d221:1523
[  468068ms] [ERROR] WebSocket connection to 'ws://localhost:5176/socket.io/?EIO=4&transport=websocket' failed: Error during WebSocket handshake: Unexpected response code: 400 @ http://localhost:5176/node_modules/.vite/deps/socket__io-client.js?v=af17d221:1523
