[    5149ms] [WARNING] Failed to execute 'postMessage' on 'DOMWindow': The target origin provided ('https://www.youtube.com') does not match the recipient window's origin ('https://www.google.com'). @ https://www.youtube.com/s/player/44899b31/www-widgetapi.vflset/www-widgetapi.js:209
[    7653ms] [ERROR] Failed to load resource: the server responded with a status of 400 () @ https://developer.x.com/api/me:0
[    9005ms] [ERROR] Failed to load resource: the server responded with a status of 400 () @ https://developer.x.com/api/me:0
[   11796ms] [ERROR] The request has been aborted. @ https://x.com/i/flow/login?input_flow_data=%7B%22requested_variant%22%3A%22eyJyZWRpcmVjdF9hZnRlcl9sb2dpbiI6Imh0dHBzOi8vY29uc29sZS54LmNvbS8ifQ%3D%3D%22%7D:0
[   11797ms] [ERROR] [GSI_LOGGER]: FedCM get() rejects with AbortError: signal is aborted without reason @ https://accounts.google.com/gsi/client:81
[   12041ms] [ERROR] Failed to load resource: the server responded with a status of 404 () @ https://api.x.com/graphql/zWQLM9HIVahRSUvzUH4lDw/Viewer?variables=%7B%22withCommunitiesMemberships%22%3Atrue%7D&features=%7B%22subscriptions_upsells_api_enabled%22%3Afalse%2C%22profile_label_improvements_pcf_label_in_post_enabled%22%3Atrue%2C%22responsive_web_profile_redirect_enabled%22%3Afalse%2C%22rweb_tipjar_consumption_enabled%22%3Afalse%2C%22verified_phone_label_enabled%22%3Atrue%2C%22creator_subscriptions_tweet_preview_api_enabled%22%3Atrue%2C%22responsive_web_graphql_skip_user_profile_image_extensions_enabled%22%3Afalse%2C%22responsive_web_graphql_timeline_navigation_enabled%22%3Atrue%7D&fieldToggles=%7B%22isDelegate%22%3Afalse%2C%22withAuxiliaryUserLabels%22%3Atrue%7D:0
[   15387ms] [ERROR] The request has been aborted. @ https://x.com/i/flow/login?input_flow_data=%7B%22requested_variant%22%3A%22eyJyZWRpcmVjdF9hZnRlcl9sb2dpbiI6Imh0dHBzOi8vY29uc29sZS54LmNvbS8ifQ%3D%3D%22%7D:0
[   15387ms] [ERROR] [GSI_LOGGER]: FedCM get() rejects with AbortError: signal is aborted without reason @ https://accounts.google.com/gsi/client:81
[   60695ms] [ERROR] Failed to load resource: the server responded with a status of 400 () @ https://api.x.com/1.1/onboarding/task.json:0
[   89586ms] [ERROR] Failed to load resource: the server responded with a status of 400 () @ https://api.x.com/1.1/onboarding/task.json:0
[  101142ms] [ERROR] Failed to load resource: the server responded with a status of 400 () @ https://api.x.com/1.1/onboarding/task.json:0
[  108357ms] [ERROR] Failed to load resource: the server responded with a status of 400 () @ https://api.x.com/1.1/onboarding/task.json:0
[  115677ms] [ERROR] The request has been aborted. @ https://x.com/i/flow/login:0
[  115677ms] [ERROR] [GSI_LOGGER]: FedCM get() rejects with AbortError: signal is aborted without reason @ https://accounts.google.com/gsi/client:81
[  131867ms] [ERROR] The request has been aborted. @ https://x.com/i/flow/login:0
[  131867ms] [ERROR] [GSI_LOGGER]: FedCM get() rejects with AbortError: signal is aborted without reason @ https://accounts.google.com/gsi/client:81
[  137754ms] [ERROR] Failed to load resource: the server responded with a status of 400 () @ https://api.x.com/1.1/onboarding/task.json:0
[  138938ms] [ERROR] The request has been aborted. @ https://x.com/i/flow/password_reset?input_flow_data=%7B%22requested_variant%22%3A%22eyJ1c2VyX2lkZW50aWZpZXIiOiJjcml0aWNhbHJ1c2giLCJwbGF0Zm9ybSI6IlJ3ZWIifQ%3D%3D%22%7D:0
[  138938ms] [ERROR] [GSI_LOGGER]: FedCM get() rejects with AbortError: signal is aborted without reason @ https://accounts.google.com/gsi/client:81
[  143594ms] [ERROR] The request has been aborted. @ https://x.com/i/flow/password_reset?input_flow_data=%7B%22requested_variant%22%3A%22eyJ1c2VyX2lkZW50aWZpZXIiOiJjcml0aWNhbHJ1c2giLCJwbGF0Zm9ybSI6IlJ3ZWIifQ%3D%3D%22%7D:0
[  143595ms] [ERROR] [GSI_LOGGER]: FedCM get() rejects with AbortError: signal is aborted without reason @ https://accounts.google.com/gsi/client:81
[  157106ms] [ERROR] Failed to load resource: the server responded with a status of 400 () @ https://api.x.com/1.1/onboarding/task.json:0
[  167280ms] [ERROR] Failed to load resource: the server responded with a status of 400 () @ https://api.x.com/1.1/onboarding/task.json:0
[  304855ms] [ERROR] Failed to load resource: the server responded with a status of 404 () @ https://api.x.com/graphql/zWQLM9HIVahRSUvzUH4lDw/Viewer?variables=%7B%22withCommunitiesMemberships%22%3Atrue%7D&features=%7B%22subscriptions_upsells_api_enabled%22%3Afalse%2C%22profile_label_improvements_pcf_label_in_post_enabled%22%3Atrue%2C%22responsive_web_profile_redirect_enabled%22%3Afalse%2C%22rweb_tipjar_consumption_enabled%22%3Afalse%2C%22verified_phone_label_enabled%22%3Atrue%2C%22creator_subscriptions_tweet_preview_api_enabled%22%3Atrue%2C%22responsive_web_graphql_skip_user_profile_image_extensions_enabled%22%3Afalse%2C%22responsive_web_graphql_timeline_navigation_enabled%22%3Atrue%7D&fieldToggles=%7B%22isDelegate%22%3Afalse%2C%22withAuxiliaryUserLabels%22%3Atrue%7D:0
[  306753ms] [ERROR] Failed to load resource: the server responded with a status of 404 () @ https://api.x.com/graphql/zWQLM9HIVahRSUvzUH4lDw/Viewer?variables=%7B%22withCommunitiesMemberships%22%3Atrue%7D&features=%7B%22subscriptions_upsells_api_enabled%22%3Afalse%2C%22profile_label_improvements_pcf_label_in_post_enabled%22%3Atrue%2C%22responsive_web_profile_redirect_enabled%22%3Afalse%2C%22rweb_tipjar_consumption_enabled%22%3Afalse%2C%22verified_phone_label_enabled%22%3Atrue%2C%22creator_subscriptions_tweet_preview_api_enabled%22%3Atrue%2C%22responsive_web_graphql_skip_user_profile_image_extensions_enabled%22%3Afalse%2C%22responsive_web_graphql_timeline_navigation_enabled%22%3Atrue%7D&fieldToggles=%7B%22isDelegate%22%3Afalse%2C%22withAuxiliaryUserLabels%22%3Atrue%7D:0
[  327285ms] [ERROR] Failed to load resource: the server responded with a status of 400 () @ https://api.x.com/1.1/onboarding/task.json:0
[  470441ms] [ERROR] Failed to load resource: the server responded with a status of 400 () @ https://developer.x.com/api/me:0
[  471826ms] [ERROR] Failed to load resource: the server responded with a status of 400 () @ https://developer.x.com/api/me:0
[  479546ms] [ERROR] The request has been aborted. @ https://x.com/login?redirect_after_login=https%3A%2F%2Fconsole.x.com%2F:0
[  479546ms] [ERROR] [GSI_LOGGER]: FedCM get() rejects with AbortError: signal is aborted without reason @ https://accounts.google.com/gsi/client:81
[  479805ms] [ERROR] Failed to load resource: the server responded with a status of 404 () @ https://api.x.com/graphql/zWQLM9HIVahRSUvzUH4lDw/Viewer?variables=%7B%22withCommunitiesMemberships%22%3Atrue%7D&features=%7B%22subscriptions_upsells_api_enabled%22%3Afalse%2C%22profile_label_improvements_pcf_label_in_post_enabled%22%3Atrue%2C%22responsive_web_profile_redirect_enabled%22%3Afalse%2C%22rweb_tipjar_consumption_enabled%22%3Afalse%2C%22verified_phone_label_enabled%22%3Atrue%2C%22creator_subscriptions_tweet_preview_api_enabled%22%3Atrue%2C%22responsive_web_graphql_skip_user_profile_image_extensions_enabled%22%3Afalse%2C%22responsive_web_graphql_timeline_navigation_enabled%22%3Atrue%7D&fieldToggles=%7B%22isDelegate%22%3Afalse%2C%22withAuxiliaryUserLabels%22%3Atrue%7D:0
[  483089ms] [ERROR] The request has been aborted. @ https://x.com/i/flow/login?input_flow_data=%7B%22requested_variant%22%3A%22eyJyZWRpcmVjdF9hZnRlcl9sb2dpbiI6Imh0dHBzOi8vY29uc29sZS54LmNvbS8ifQ%3D%3D%22%7D:0
[  483089ms] [ERROR] [GSI_LOGGER]: FedCM get() rejects with AbortError: signal is aborted without reason @ https://accounts.google.com/gsi/client:81
[  505223ms] [ERROR] The request has been aborted. @ https://x.com/i/flow/login?input_flow_data=%7B%22requested_variant%22%3A%22eyJyZWRpcmVjdF9hZnRlcl9sb2dpbiI6Imh0dHBzOi8vY29uc29sZS54LmNvbS8iLCJ1c2VyX2lkZW50aWZpZXIiOiJjcml0aWNhbHJ1c2giLCJwbGF0Zm9ybSI6IlJ3ZWIifQ%3D%3D%22%7D:0
[  505223ms] [ERROR] [GSI_LOGGER]: FedCM get() rejects with AbortError: signal is aborted without reason @ https://accounts.google.com/gsi/client:81
[  508380ms] [ERROR] User declined or dismissed prompt. API exponential cool down triggered. @ https://x.com/i/flow/login?input_flow_data=%7B%22requested_variant%22%3A%22eyJyZWRpcmVjdF9hZnRlcl9sb2dpbiI6Imh0dHBzOi8vY29uc29sZS54LmNvbS8iLCJ1c2VyX2lkZW50aWZpZXIiOiJjcml0aWNhbHJ1c2giLCJwbGF0Zm9ybSI6IlJ3ZWIifQ%3D%3D%22%7D:0
[  508380ms] [ERROR] [GSI_LOGGER]: FedCM get() rejects with NetworkError: Error retrieving a token. @ https://accounts.google.com/gsi/client:81
