[    4420ms] [ERROR] Not signed in with the identity provider. @ https://x.com/blackbox_brief:0
[    7138ms] [ERROR] Failed to load resource: net::ERR_NETWORK_CHANGED @ https://abs.twimg.com/responsive-web/client-web/shared~loader.AudioDock~loader.DashMenu~bundle.GrokDrawer~ondemand.CommandCenter~bundle.Account~bundle.Reader.f7b09eda.js:0
[    7139ms] [ERROR] Failed to load resource: net::ERR_NETWORK_CHANGED @ https://abs.twimg.com/responsive-web/client-web/shared~loader.Dock~bundle.Articles~bundle.AudioSpaceDetail~bundle.AudioSpaceDiscovery~bundle.AudioSpacebarScr.3d8cb06a.js:0
[    7146ms] [ERROR] Failed to load resource: net::ERR_NETWORK_CHANGED @ https://abs.twimg.com/responsive-web/client-web/Chirp-Bold.ebb56aba.woff2:0
[    7147ms] [ERROR] Failed to load resource: net::ERR_NETWORK_CHANGED @ https://abs.twimg.com/responsive-web/client-web/Chirp-Regular.80fda27a.woff2:0
[    7147ms] [ERROR] Failed to load resource: net::ERR_NETWORK_CHANGED @ https://abs.twimg.com/responsive-web/client-web/shared~loader.Typeahead~loader.DMDrawer~bundle.GrokDrawer~ondemand.HoverCard~bundle.ReaderMode~bundle.AudioSp.3848f3fa.js:0
[    7147ms] [ERROR] Failed to load resource: net::ERR_NETWORK_CHANGED @ https://abs.twimg.com/responsive-web/client-web/shared~bundle.GrokDrawer~bundle.ReaderMode~bundle.Birdwatch~bundle.TwitterArticles~bundle.Compose~bundle.Sett.6747e54a.js:0
[    7147ms] [ERROR] Failed to load resource: net::ERR_NETWORK_CHANGED @ https://abs.twimg.com/responsive-web/client-web/shared~bundle.AudioSpaceDetail~bundle.AudioSpaceDiscovery~bundle.AudioSpacebarScreen~bundle.Birdwatch~bundle..5b6365fa.js:0
[    7147ms] [ERROR] Failed to load resource: net::ERR_NETWORK_CHANGED @ https://abs.twimg.com/responsive-web/client-web/shared~loader.DMDrawer~bundle.ReaderMode~bundle.Compose~bundle.DirectMessages~bundle.DMRichTextCompose~bundle.40e78f6a.js:0
[    7147ms] [ERROR] Failed to load resource: net::ERR_NETWORK_CHANGED @ https://abs.twimg.com/responsive-web/client-web/shared~bundle.SettingsProfile~bundle.WorkHistory~bundle.ExtendedUserProfile~bundle.UserProfile.50cc2b4a.js:0
[    7147ms] [ERROR] Failed to load resource: net::ERR_NETWORK_CHANGED @ https://abs.twimg.com/responsive-web/client-web/shared~bundle.SettingsProfessionalProfileProfileSpotlight~bundle.UserProfile.b0300c5a.js:0
[    7147ms] [ERROR] Failed to load resource: net::ERR_NETWORK_CHANGED @ https://abs.twimg.com/responsive-web/client-web/bundle.UserProfile.499195ba.js:0
[    7147ms] [ERROR] Failed to load resource: net::ERR_NETWORK_CHANGED @ https://abs.twimg.com/responsive-web/client-web/icons.20.cf843a2a.js:0
[    7147ms] [ERROR] Failed to load resource: net::ERR_NETWORK_CHANGED @ https://abs.twimg.com/responsive-web/client-web/icons.5.88b6cd4a.js:0
[    7147ms] [ERROR] Failed to load resource: net::ERR_NETWORK_CHANGED @ https://abs.twimg.com/responsive-web/client-web/loader.AudioDock.7cc8dfda.js:0
[    7147ms] [ERROR] Failed to load resource: net::ERR_NETWORK_CHANGED @ https://abs.twimg.com/responsive-web/client-web/shared~loader.Dock~loaders.video.PlayerBase~bundle.TwitterArticles~bundle.ComposeMedia~bundle.ConnectTab~bund.21b1f53a.js:0
[    7147ms] [ERROR] Failed to load resource: net::ERR_NETWORK_CHANGED @ https://abs.twimg.com/responsive-web/client-web/shared~loader.Dock~bundle.ConnectTab~bundle.DockPeek~bundle.LiveEvent~loader.TimelineFrameHandler~loader.Jetf.36eb822a.js:0
[    7147ms] [ERROR] Failed to load resource: net::ERR_NETWORK_CHANGED @ https://abs.twimg.com/responsive-web/client-web/loader.Dock.27caddba.js:0
[    7147ms] [ERROR] Failed to load resource: net::ERR_NETWORK_CHANGED @ https://abs.twimg.com/responsive-web/client-web/shared~ondemand.AVCallOverlays~ondemand.XChat~bundle.AccountAnalytics~ondemand.SettingsRevamp~ondemand.XChatS.d5ae109a.js:0
[    7147ms] [ERROR] Failed to load resource: net::ERR_NETWORK_CHANGED @ https://abs.twimg.com/responsive-web/client-web/shared~ondemand.AVCallOverlays~ondemand.XChat~bundle.AccountAnalytics~ondemand.XChatShare~bundle.Payments~ond.c4bcd24a.js:0
[    7147ms] [ERROR] Failed to load resource: net::ERR_NETWORK_CHANGED @ https://abs.twimg.com/responsive-web/client-web/shared~ondemand.AVCallOverlays~ondemand.XChat~bundle.AccountAnalytics~ondemand.XChatShare~ondemand.Insights~o.3534e68a.js:0
[    7147ms] [ERROR] Failed to load resource: net::ERR_NETWORK_CHANGED @ https://abs.twimg.com/responsive-web/client-web/shared~ondemand.AVCallOverlays~ondemand.XChat~ondemand.XChatShare~ondemand.ChatDrawer~.c8b4b05a.js:0
[    7147ms] [ERROR] Failed to load resource: net::ERR_NETWORK_CHANGED @ https://abs.twimg.com/responsive-web/client-web/shared~ondemand.AVCallOverlays~ondemand.XChat~ondemand.XChatShare~ondemand.Verified~ondemand.BusinessInsights.a3d5009a.js:0
[    7147ms] [ERROR] Failed to load resource: net::ERR_NETWORK_CHANGED @ https://abs.twimg.com/responsive-web/client-web/shared~ondemand.AVCallOverlays~bundle.AccountAnalytics~ondemand.XChat~ondemand.XChatShare~ondemand.ChatDrawer.ba04130a.js:0
[    7147ms] [ERROR] Failed to load resource: net::ERR_NETWORK_CHANGED @ https://abs.twimg.com/responsive-web/client-web/shared~ondemand.AVCallOverlays~ondemand.XChat~ondemand.XChatShare~ondemand.ChatDrawer.c20400aa.js:0
[    7147ms] [ERROR] Failed to load resource: net::ERR_NETWORK_CHANGED @ https://abs.twimg.com/responsive-web/client-web/shared~ondemand.AVCallOverlays~ondemand.XChat~ondemand.ChatDrawer.9ab2972a.js:0
[    7147ms] [ERROR] Failed to load resource: net::ERR_NETWORK_CHANGED @ https://abs.twimg.com/responsive-web/client-web/ondemand.AVCallOverlays.2748222a.js:0
[    7147ms] [ERROR] Failed to load resource: net::ERR_NETWORK_CHANGED @ https://abs.twimg.com/responsive-web/client-web/loader.richScribeAction.d5889a2a.js:0
[    7148ms] [ERROR] Failed to load resource: net::ERR_NETWORK_CHANGED @ https://abs.twimg.com/responsive-web/client-web/loader.LoggedOutNotifications.1c6bdb8a.js:0
[    7148ms] [ERROR] Failed to load resource: net::ERR_NETWORK_CHANGED @ https://abs.twimg.com/responsive-web/client-web/bundle.NetworkInstrument.d3ef4fda.js:0
[    7167ms] ChunkLoadError: Loading chunk loader.richScribeAction failed.
(error: https://abs.twimg.com/responsive-web/client-web/loader.richScribeAction.d5889a2a.js)
    at c.f.j (https://x.com/blackbox_brief:353:219471)
    at https://x.com/blackbox_brief:353:169522
    at Array.reduce (<anonymous>)
    at c.e (https://x.com/blackbox_brief:353:169500)
    at https://abs.twimg.com/responsive-web/client-web/main.b842fb1a.js:31:1367636
    at https://abs.twimg.com/responsive-web/client-web/vendor.d74f1a3a.js:112:8566
    at https://abs.twimg.com/responsive-web/client-web/vendor.d74f1a3a.js:112:11212
    at i.scribe (https://abs.twimg.com/responsive-web/client-web/main.b842fb1a.js:31:1363506)
    at go._scribeInitialBreakpoint (https://abs.twimg.com/responsive-web/client-web/main.b842fb1a.js:31:392854)
    at go.componentDidMount (https://abs.twimg.com/responsive-web/client-web/main.b842fb1a.js:31:391256)
[    7167ms] ChunkLoadError: Loading chunk bundle.NetworkInstrument failed.
(error: https://abs.twimg.com/responsive-web/client-web/bundle.NetworkInstrument.d3ef4fda.js)
    at c.f.j (https://x.com/blackbox_brief:353:219471)
    at https://x.com/blackbox_brief:353:169522
    at Array.reduce (<anonymous>)
    at c.e (https://x.com/blackbox_brief:353:169500)
    at https://abs.twimg.com/responsive-web/client-web/main.b842fb1a.js:31:896464
    at https://abs.twimg.com/responsive-web/client-web/main.b842fb1a.js:31:896676
[    9086ms] [ERROR] [GSI_LOGGER]: FedCM get() rejects with NetworkError: Error retrieving a token. @ https://accounts.google.com/gsi/client:81
[   13986ms] [ERROR] Failed to load resource: the server responded with a status of 404 () @ https://api.x.com/graphql/yE2zVpNfHCYDHrpaqPwM8A/ExploreSidebar?variables=%7B%7D&features=%7B%22rweb_video_screen_enabled%22%3Afalse%2C%22profile_label_improvements_pcf_label_in_post_enabled%22%3Atrue%2C%22responsive_web_profile_redirect_enabled%22%3Afalse%2C%22rweb_tipjar_consumption_enabled%22%3Afalse%2C%22verified_phone_label_enabled%22%3Atrue%2C%22creator_subscriptions_tweet_preview_api_enabled%22%3Atrue%2C%22responsive_web_graphql_timeline_navigation_enabled%22%3Atrue%2C%22responsive_web_graphql_skip_user_profile_image_extensions_enabled%22%3Afalse%2C%22premium_content_api_read_enabled%22%3Afalse%2C%22communities_web_enable_tweet_community_results_fetch%22%3Atrue%2C%22c9s_tweet_anatomy_moderator_badge_enabled%22%3Atrue%2C%22responsive_web_grok_analyze_button_fetch_trends_enabled%22%3Afalse%2C%22responsive_web_grok_analyze_post_followups_enabled%22%3Afalse%2C%22responsive_web_jetfuel_frame%22%3Atrue%2C%22responsive_web_grok_share_attachment_enabled%22%3Atrue%2C%22responsive_web_grok_annotations_enabled%22%3Atrue%2C%22articles_preview_enabled%22%3Atrue%2C%22responsive_web_edit_tweet_api_enabled%22%3Atrue%2C%22graphql_is_translatable_rweb_tweet_is_translatable_enabled%22%3Atrue%2C%22view_counts_everywhere_api_enabled%22%3Atrue%2C%22longform_notetweets_consumption_enabled%22%3Atrue%2C%22responsive_web_twitter_article_tweet_consumption_enabled%22%3Atrue%2C%22tweet_awards_web_tipping_enabled%22%3Afalse%2C%22content_disclosure_indicator_enabled%22%3Atrue%2C%22content_disclosure_ai_generated_indicator_enabled%22%3Atrue%2C%22responsive_web_grok_show_grok_translated_post%22%3Afalse%2C%22responsive_web_grok_analysis_button_from_backend%22%3Atrue%2C%22post_ctas_fetch_enabled%22%3Atrue%2C%22freedom_of_speech_not_reach_fetch_enabled%22%3Atrue%2C%22standardized_nudges_misinfo%22%3Atrue%2C%22tweet_with_visibility_results_prefer_gql_limited_actions_policy_enabled%22%3Atrue%2C%22longform_notetweets_rich_text_read_enabled%22%3Atrue%2C%22longform_notetweets_inline_media_enabled%22%3Afalse%2C%22responsive_web_grok_image_annotation_enabled%22%3Atrue%2C%22responsive_web_grok_imagine_annotation_enabled%22%3Atrue%2C%22responsive_web_grok_community_note_auto_translation_is_enabled%22%3Afalse%2C%22responsive_web_enhance_cards_enabled%22%3Afalse%7D:0
[   14799ms] [ERROR] Failed to load resource: the server responded with a status of 404 () @ https://api.x.com/graphql/vqu78dKcEkW-UAYLw5rriA/useFetchProfileSections_canViewExpandedProfileQuery?variables=%7B%22screenName%22%3A%22blackbox_brief%22%7D:0
[   15449ms] [ERROR] Failed to load resource: the server responded with a status of 403 () @ https://api.x.com/1.1/graphql/error_log.json:0
