[      42ms] [ERROR] Loading the stylesheet 'https://fonts.googleapis.com/css2?family=Geist:wght@300;400;500;600;700&family=Geist+Mono:wght@400;500&display=swap' violates the following Content Security Policy directive: "style-src 'self' 'unsafe-inline'". Note that 'style-src-elem' was not explicitly set, so 'style-src' is used as a fallback. The action has been blocked. @ http://localhost:5151/:10
[      89ms] [ERROR] Manifest: Line: 1, column: 1, Syntax error. @ http://localhost:5151/manifest.json:0
[     156ms] [ERROR] Manifest: Line: 1, column: 1, Syntax error. @ http://localhost:5151/manifest.json:0
[     156ms] [WARNING] <meta name="apple-mobile-web-app-capable" content="yes"> is deprecated. Please include <meta name="mobile-web-app-capable" content="yes"> @ http://localhost:5151/:0
[     178ms] [ERROR] WebSocket connection to 'ws://localhost:5151/socket.io/?EIO=4&transport=websocket&sid=ighmAcUlP5BBrqG5AAAt' failed: Error during WebSocket handshake: Unexpected response code: 400 @ http://localhost:5151/assets/index-BasIDPJx.js:10
[   25184ms] [ERROR] Failed to load resource: the server responded with a status of 400 (BAD REQUEST) @ http://localhost:5151/socket.io/?EIO=4&transport=polling&t=k4jbel07&sid=ighmAcUlP5BBrqG5AAAt:0
[   25189ms] [ERROR] Failed to load resource: the server responded with a status of 400 (BAD REQUEST) @ http://localhost:5151/socket.io/?EIO=4&transport=polling&t=k4jbj8yi&sid=ighmAcUlP5BBrqG5AAAt:0
[   25978ms] [ERROR] WebSocket connection to 'ws://localhost:5151/socket.io/?EIO=4&transport=websocket&sid=Y28j46tQcoyIxh-DAAAi' failed: Error during WebSocket handshake: Unexpected response code: 400 @ http://localhost:5151/assets/index-BasIDPJx.js:10
[   25986ms] [ERROR] Failed to load resource: the server responded with a status of 400 (BAD REQUEST) @ http://localhost:5151/socket.io/?EIO=4&transport=polling&t=k4jxinql&sid=Y28j46tQcoyIxh-DAAAi:0
[   25989ms] [ERROR] Failed to load resource: the server responded with a status of 400 (BAD REQUEST) @ http://localhost:5151/socket.io/?EIO=4&transport=polling&t=k4jxtzg5&sid=Y28j46tQcoyIxh-DAAAi:0
[   27179ms] [ERROR] WebSocket connection to 'ws://localhost:5151/socket.io/?EIO=4&transport=websocket&sid=BtiLtX3M9-8FLrNzAAAv' failed: Error during WebSocket handshake: Unexpected response code: 400 @ http://localhost:5151/assets/index-BasIDPJx.js:10
[   27182ms] [ERROR] Failed to load resource: the server responded with a status of 400 (BAD REQUEST) @ http://localhost:5151/socket.io/?EIO=4&transport=polling&t=k4kuu5ft&sid=BtiLtX3M9-8FLrNzAAAv:0
[   27185ms] [ERROR] Failed to load resource: the server responded with a status of 400 (BAD REQUEST) @ http://localhost:5151/socket.io/?EIO=4&transport=polling&t=k4kv14uv&sid=BtiLtX3M9-8FLrNzAAAv:0
[   27877ms] [ERROR] Failed to load resource: the server responded with a status of 400 (BAD REQUEST) @ http://localhost:5151/socket.io/?EIO=4&transport=polling&t=k4le8rrn&sid=HQaAuXRSUqSgjjOJAAAk:0
[   27879ms] [WARNING] WebSocket connection to 'ws://localhost:5151/socket.io/?EIO=4&transport=websocket&sid=HQaAuXRSUqSgjjOJAAAk' failed: WebSocket is closed before the connection is established. @ http://localhost:5151/assets/index-BasIDPJx.js:10
[   29377ms] [ERROR] Failed to load resource: the server responded with a status of 400 (BAD REQUEST) @ http://localhost:5151/socket.io/?EIO=4&transport=polling&t=k4mjm7kl&sid=cPWiGhWRW-w1jFlHAAAm:0
[   29378ms] [WARNING] WebSocket connection to 'ws://localhost:5151/socket.io/?EIO=4&transport=websocket&sid=cPWiGhWRW-w1jFlHAAAm' failed: WebSocket is closed before the connection is established. @ http://localhost:5151/assets/index-BasIDPJx.js:10
[   29390ms] [ERROR] Failed to load resource: the server responded with a status of 400 (BAD REQUEST) @ http://localhost:5151/socket.io/?EIO=4&transport=polling&t=k4mk0jvr&sid=cPWiGhWRW-w1jFlHAAAm:0
[   30862ms] [ERROR] Failed to load resource: the server responded with a status of 400 (BAD REQUEST) @ http://localhost:5151/socket.io/?EIO=4&transport=polling&t=k4np6pf1&sid=074X7wPKIx8EFgapAAAx:0
[   30863ms] [WARNING] WebSocket connection to 'ws://localhost:5151/socket.io/?EIO=4&transport=websocket&sid=074X7wPKIx8EFgapAAAx' failed: WebSocket is closed before the connection is established. @ http://localhost:5151/assets/index-BasIDPJx.js:10
[   30865ms] [ERROR] Failed to load resource: the server responded with a status of 400 (BAD REQUEST) @ http://localhost:5151/socket.io/?EIO=4&transport=polling&t=k4np9ofp&sid=074X7wPKIx8EFgapAAAx:0
[   32265ms] [ERROR] WebSocket connection to 'ws://localhost:5151/socket.io/?EIO=4&transport=websocket&sid=_Tc_eGPpaRO_M5tCAAAo' failed: Error during WebSocket handshake: Unexpected response code: 400 @ http://localhost:5151/assets/index-BasIDPJx.js:10
[   57273ms] [ERROR] Failed to load resource: the server responded with a status of 400 (BAD REQUEST) @ http://localhost:5151/socket.io/?EIO=4&transport=polling&t=k582qndf&sid=_Tc_eGPpaRO_M5tCAAAo:0
[   57277ms] [ERROR] Failed to load resource: the server responded with a status of 400 (BAD REQUEST) @ http://localhost:5151/socket.io/?EIO=4&transport=polling&t=k582w98o&sid=_Tc_eGPpaRO_M5tCAAAo:0
[   58053ms] [ERROR] WebSocket connection to 'ws://localhost:5151/socket.io/?EIO=4&transport=websocket&sid=fZJkcyUqttGInUXXAAAz' failed: Error during WebSocket handshake: Unexpected response code: 400 @ http://localhost:5151/assets/index-BasIDPJx.js:10
[   58056ms] [ERROR] Failed to load resource: the server responded with a status of 400 (BAD REQUEST) @ http://localhost:5151/socket.io/?EIO=4&transport=polling&t=k58ogwnt&sid=fZJkcyUqttGInUXXAAAz:0
[   58092ms] [ERROR] Failed to load resource: the server responded with a status of 400 (BAD REQUEST) @ http://localhost:5151/socket.io/?EIO=4&transport=polling&t=k58onsv2&sid=fZJkcyUqttGInUXXAAAz:0
[   58638ms] [ERROR] WebSocket connection to 'ws://localhost:5151/socket.io/?EIO=4&transport=websocket&sid=0iwIPUFDTRaN7xiNAAAq' failed: Error during WebSocket handshake: Unexpected response code: 400 @ http://localhost:5151/assets/index-BasIDPJx.js:10
[   58639ms] [ERROR] Failed to load resource: the server responded with a status of 400 (BAD REQUEST) @ http://localhost:5151/socket.io/?EIO=4&transport=polling&t=k594rfox&sid=0iwIPUFDTRaN7xiNAAAq:0
[   58641ms] [ERROR] Failed to load resource: the server responded with a status of 400 (BAD REQUEST) @ http://localhost:5151/socket.io/?EIO=4&transport=polling&t=k594uwj9&sid=0iwIPUFDTRaN7xiNAAAq:0
[   59731ms] [ERROR] WebSocket connection to 'ws://localhost:5151/socket.io/?EIO=4&transport=websocket&sid=oMxQ7zVk1pQ_DQn-AAA1' failed: Error during WebSocket handshake: Unexpected response code: 400 @ http://localhost:5151/assets/index-BasIDPJx.js:10
[   59733ms] [ERROR] Failed to load resource: the server responded with a status of 400 (BAD REQUEST) @ http://localhost:5151/socket.io/?EIO=4&transport=polling&t=k59z4mxo&sid=oMxQ7zVk1pQ_DQn-AAA1:0
[   59735ms] [ERROR] Failed to load resource: the server responded with a status of 400 (BAD REQUEST) @ http://localhost:5151/socket.io/?EIO=4&transport=polling&t=k59z8t9o&sid=oMxQ7zVk1pQ_DQn-AAA1:0
[   60610ms] [ERROR] WebSocket connection to 'ws://localhost:5151/socket.io/?EIO=4&transport=websocket&sid=b-GpOMLonwcrq8ikAAAs' failed: Error during WebSocket handshake: Unexpected response code: 400 @ http://localhost:5151/assets/index-BasIDPJx.js:10
[   60612ms] [ERROR] Failed to load resource: the server responded with a status of 400 (BAD REQUEST) @ http://localhost:5151/socket.io/?EIO=4&transport=polling&t=k5anhny5&sid=b-GpOMLonwcrq8ikAAAs:0
[   60614ms] [ERROR] Failed to load resource: the server responded with a status of 400 (BAD REQUEST) @ http://localhost:5151/socket.io/?EIO=4&transport=polling&t=k5anm2r6&sid=b-GpOMLonwcrq8ikAAAs:0
[   61778ms] [ERROR] Failed to load resource: the server responded with a status of 400 (BAD REQUEST) @ http://localhost:5151/socket.io/?EIO=4&transport=polling&t=k5bjvdn1&sid=yfEzMr9SAcTZuTbHAAA3:0
[   61778ms] [WARNING] WebSocket connection to 'ws://localhost:5151/socket.io/?EIO=4&transport=websocket&sid=yfEzMr9SAcTZuTbHAAA3' failed: WebSocket is closed before the connection is established. @ http://localhost:5151/assets/index-BasIDPJx.js:10
[   61781ms] [ERROR] Failed to load resource: the server responded with a status of 400 (BAD REQUEST) @ http://localhost:5151/socket.io/?EIO=4&transport=polling&t=k5bk0oqk&sid=yfEzMr9SAcTZuTbHAAA3:0
[   62448ms] [ERROR] Failed to load resource: the server responded with a status of 400 (BAD REQUEST) @ http://localhost:5151/socket.io/?EIO=4&transport=polling&t=k5c2kpr8&sid=NnMuNQR6Wp8bRwCKAAAu:0
[   62449ms] [WARNING] WebSocket connection to 'ws://localhost:5151/socket.io/?EIO=4&transport=websocket&sid=NnMuNQR6Wp8bRwCKAAAu' failed: WebSocket is closed before the connection is established. @ http://localhost:5151/assets/index-BasIDPJx.js:10
[   62451ms] [ERROR] Failed to load resource: the server responded with a status of 400 (BAD REQUEST) @ http://localhost:5151/socket.io/?EIO=4&transport=polling&t=k5c2n439&sid=NnMuNQR6Wp8bRwCKAAAu:0
[   63748ms] [ERROR] Failed to load resource: the server responded with a status of 400 (BAD REQUEST) @ http://localhost:5151/socket.io/?EIO=4&transport=polling&t=k5d2o984&sid=XMr8-PjRLHsuZivnAAA5:0
[   63749ms] [WARNING] WebSocket connection to 'ws://localhost:5151/socket.io/?EIO=4&transport=websocket&sid=XMr8-PjRLHsuZivnAAA5' failed: WebSocket is closed before the connection is established. @ http://localhost:5151/assets/index-BasIDPJx.js:10
[   64843ms] [ERROR] Failed to load resource: the server responded with a status of 400 (BAD REQUEST) @ http://localhost:5151/socket.io/?EIO=4&transport=polling&t=k5dx26d0&sid=5NKNMj8aHo7RwfCbAAA7:0
[   64844ms] [WARNING] WebSocket connection to 'ws://localhost:5151/socket.io/?EIO=4&transport=websocket&sid=5NKNMj8aHo7RwfCbAAA7' failed: WebSocket is closed before the connection is established. @ http://localhost:5151/assets/index-BasIDPJx.js:10
[   64845ms] [ERROR] Failed to load resource: the server responded with a status of 400 (BAD REQUEST) @ http://localhost:5151/socket.io/?EIO=4&transport=polling&t=k5dx6bqd&sid=5NKNMj8aHo7RwfCbAAA7:0
[   65539ms] [ERROR] Failed to load resource: the server responded with a status of 400 (BAD REQUEST) @ http://localhost:5151/socket.io/?EIO=4&transport=polling&t=k5eggdwh&sid=N52qkDXqK3d2IAW5AAAw:0
[   65540ms] [WARNING] WebSocket connection to 'ws://localhost:5151/socket.io/?EIO=4&transport=websocket&sid=N52qkDXqK3d2IAW5AAAw' failed: WebSocket is closed before the connection is established. @ http://localhost:5151/assets/index-BasIDPJx.js:10
[   66213ms] [ERROR] Failed to load resource: the server responded with a status of 400 (BAD REQUEST) @ http://localhost:5151/socket.io/?EIO=4&transport=polling&t=k5ez525t&sid=v_HE8PxJyaGE4AS7AAAy:0
[   66213ms] [WARNING] WebSocket connection to 'ws://localhost:5151/socket.io/?EIO=4&transport=websocket&sid=v_HE8PxJyaGE4AS7AAAy' failed: WebSocket is closed before the connection is established. @ http://localhost:5151/assets/index-BasIDPJx.js:10
[   66781ms] [ERROR] Failed to load resource: the server responded with a status of 400 (BAD REQUEST) @ http://localhost:5151/socket.io/?EIO=4&transport=polling&t=k5fexpu1&sid=6dM3qH4YEv0fGfumAAA0:0
[   66781ms] [WARNING] WebSocket connection to 'ws://localhost:5151/socket.io/?EIO=4&transport=websocket&sid=6dM3qH4YEv0fGfumAAA0' failed: WebSocket is closed before the connection is established. @ http://localhost:5151/assets/index-BasIDPJx.js:10
[   66782ms] [ERROR] Failed to load resource: the server responded with a status of 400 (BAD REQUEST) @ http://localhost:5151/socket.io/?EIO=4&transport=polling&t=k5fezrda&sid=6dM3qH4YEv0fGfumAAA0:0
[   67471ms] [ERROR] Failed to load resource: the server responded with a status of 400 (BAD REQUEST) @ http://localhost:5151/socket.io/?EIO=4&transport=polling&t=k5fy27zz&sid=lo1nHWna1eVOjbnzAAA9:0
[   67473ms] [WARNING] WebSocket connection to 'ws://localhost:5151/socket.io/?EIO=4&transport=websocket&sid=lo1nHWna1eVOjbnzAAA9' failed: WebSocket is closed before the connection is established. @ http://localhost:5151/assets/index-BasIDPJx.js:10
[   68946ms] [ERROR] Failed to load resource: the server responded with a status of 400 (BAD REQUEST) @ http://localhost:5151/socket.io/?EIO=4&transport=polling&t=k5h2y54t&sid=z3Uec5P3DcWfl0p-AAA_:0
[   68947ms] [WARNING] WebSocket connection to 'ws://localhost:5151/socket.io/?EIO=4&transport=websocket&sid=z3Uec5P3DcWfl0p-AAA_' failed: WebSocket is closed before the connection is established. @ http://localhost:5151/assets/index-BasIDPJx.js:10
[   69736ms] [ERROR] Failed to load resource: the server responded with a status of 400 (BAD REQUEST) @ http://localhost:5151/socket.io/?EIO=4&transport=polling&t=k5hp0zur&sid=heXWBUCXyavWRyOdAABB:0
[   69737ms] [WARNING] WebSocket connection to 'ws://localhost:5151/socket.io/?EIO=4&transport=websocket&sid=heXWBUCXyavWRyOdAABB' failed: WebSocket is closed before the connection is established. @ http://localhost:5151/assets/index-BasIDPJx.js:10
[   70833ms] [ERROR] Failed to load resource: the server responded with a status of 400 (BAD REQUEST) @ http://localhost:5151/socket.io/?EIO=4&transport=polling&t=k5ijdriu&sid=tXDxIyK_x39muU3lAABD:0
[   70834ms] [WARNING] WebSocket connection to 'ws://localhost:5151/socket.io/?EIO=4&transport=websocket&sid=tXDxIyK_x39muU3lAABD' failed: WebSocket is closed before the connection is established. @ http://localhost:5151/assets/index-BasIDPJx.js:10
[   70837ms] [ERROR] Failed to load resource: the server responded with a status of 400 (BAD REQUEST) @ http://localhost:5151/socket.io/?EIO=4&transport=polling&t=k5ijkugu&sid=tXDxIyK_x39muU3lAABD:0
[   71733ms] [ERROR] Failed to load resource: the server responded with a status of 400 (BAD REQUEST) @ http://localhost:5151/socket.io/?EIO=4&transport=polling&t=k5j8h48q&sid=_oQ_EPSTvLd_Edw8AAA2:0
[   71734ms] [WARNING] WebSocket connection to 'ws://localhost:5151/socket.io/?EIO=4&transport=websocket&sid=_oQ_EPSTvLd_Edw8AAA2' failed: WebSocket is closed before the connection is established. @ http://localhost:5151/assets/index-BasIDPJx.js:10
[   73129ms] [ERROR] Failed to load resource: the server responded with a status of 400 (BAD REQUEST) @ http://localhost:5151/socket.io/?EIO=4&transport=polling&t=k5kb6oyz&sid=dpyU2NUxYncfuASjAAA4:0
[   73129ms] [WARNING] WebSocket connection to 'ws://localhost:5151/socket.io/?EIO=4&transport=websocket&sid=dpyU2NUxYncfuASjAAA4' failed: WebSocket is closed before the connection is established. @ http://localhost:5151/assets/index-BasIDPJx.js:10
[   73135ms] [ERROR] Failed to load resource: the server responded with a status of 400 (BAD REQUEST) @ http://localhost:5151/socket.io/?EIO=4&transport=polling&t=k5kbbcjf&sid=dpyU2NUxYncfuASjAAA4:0
[   73732ms] [ERROR] Failed to load resource: the server responded with a status of 400 (BAD REQUEST) @ http://localhost:5151/socket.io/?EIO=4&transport=polling&t=k5ks1b2j&sid=K2Q0jGuzZVt1TZNVAABF:0
[   73733ms] [WARNING] WebSocket connection to 'ws://localhost:5151/socket.io/?EIO=4&transport=websocket&sid=K2Q0jGuzZVt1TZNVAABF' failed: WebSocket is closed before the connection is established. @ http://localhost:5151/assets/index-BasIDPJx.js:10
[   75129ms] [ERROR] Failed to load resource: the server responded with a status of 400 (BAD REQUEST) @ http://localhost:5151/socket.io/?EIO=4&transport=polling&t=k5lur95r&sid=c-XdG8IuTZpAPWI8AABH:0
[   75130ms] [WARNING] WebSocket connection to 'ws://localhost:5151/socket.io/?EIO=4&transport=websocket&sid=c-XdG8IuTZpAPWI8AABH' failed: WebSocket is closed before the connection is established. @ http://localhost:5151/assets/index-BasIDPJx.js:10
[   75133ms] [ERROR] Failed to load resource: the server responded with a status of 400 (BAD REQUEST) @ http://localhost:5151/socket.io/?EIO=4&transport=polling&t=k5luwqki&sid=c-XdG8IuTZpAPWI8AABH:0
[   75838ms] [ERROR] Failed to load resource: the server responded with a status of 400 (BAD REQUEST) @ http://localhost:5151/socket.io/?EIO=4&transport=polling&t=k5meg280&sid=1mi_1-AY9kB1Vl9iAAA6:0
[   75839ms] [WARNING] WebSocket connection to 'ws://localhost:5151/socket.io/?EIO=4&transport=websocket&sid=1mi_1-AY9kB1Vl9iAAA6' failed: WebSocket is closed before the connection is established. @ http://localhost:5151/assets/index-BasIDPJx.js:10
[   75849ms] [ERROR] Failed to load resource: the server responded with a status of 400 (BAD REQUEST) @ http://localhost:5151/socket.io/?EIO=4&transport=polling&t=k5melyv3&sid=1mi_1-AY9kB1Vl9iAAA6:0
