[    6781ms] [ERROR] ErrorUtils caught an error:

Converting to a string will drop content data. Hash="undefined" Translation="Log In-App Purchases Automatically (Recommended) {log-in-tooltip}" Content="Context not logged." (type=object,Object)

Subsequent non-fatal errors won't be logged; see https://fburl.com/debugjs. {column: 17870, clientTime: 1773402158, extra: Object, guardList: Array(4), hash: lrej52} @ https://static.xx.fbcdn.net/rsrc.php/v4/yJ/r/cz-ZhK0vt3C.js:77
[   48279ms] [ERROR] ErrorUtils caught an error:

Tried to get element with id of "devappSaveBanner" but it is not present on the page

Subsequent non-fatal errors won't be logged; see https://fburl.com/debugjs. {column: 149, clientTime: 1773402199, extra: Object, guardList: Array(4), hash: rf4vqj} @ https://static.xx.fbcdn.net/rsrc.php/v4/yJ/r/cz-ZhK0vt3C.js:77
[   48723ms] [ERROR] Broken trigger flowlet chain! @ https://static.xx.fbcdn.net/rsrc.php/v4/yJ/r/cz-ZhK0vt3C.js:271
[   51193ms] [ERROR] ErrorUtils caught an error:

Could not find element "u_tvssw0_1j_jK" [Caught in: Module "__elem_45d73b5d_tvssw0_0_bp"]

Subsequent non-fatal errors won't be logged; see https://fburl.com/debugjs. {column: 180, clientTime: 1773402202, extra: Object, guardList: Array(8), hash: q0tary} @ https://static.xx.fbcdn.net/rsrc.php/v4/yJ/r/cz-ZhK0vt3C.js:77
[   51194ms] [ERROR] ErrorUtils caught an error:

Could not find element "u_tvssw0_m_NL" [Caught in: Module "__elem_835c633a_tvssw0_0_6L"]

Subsequent non-fatal errors won't be logged; see https://fburl.com/debugjs. {column: 180, clientTime: 1773402202, extra: Object, guardList: Array(8), hash: q0tary} @ https://static.xx.fbcdn.net/rsrc.php/v4/yJ/r/cz-ZhK0vt3C.js:77
[   51195ms] [ERROR] ErrorUtils caught an error:

Could not find element "u_tvssw0_n_gf" [Caught in: Module "__elem_fc9f538f_tvssw0_0_mQ"]

Subsequent non-fatal errors won't be logged; see https://fburl.com/debugjs. {column: 180, clientTime: 1773402202, extra: Object, guardList: Array(8), hash: otig3v} @ https://static.xx.fbcdn.net/rsrc.php/v4/yJ/r/cz-ZhK0vt3C.js:77
[   51195ms] [ERROR] ErrorUtils caught an error:

Could not find element "u_tvssw0_o_l0" [Caught in: Module "__elem_fc9f538f_tvssw0_1_W+"]

Subsequent non-fatal errors won't be logged; see https://fburl.com/debugjs. {column: 180, clientTime: 1773402202, extra: Object, guardList: Array(8), hash: otig3v} @ https://static.xx.fbcdn.net/rsrc.php/v4/yJ/r/cz-ZhK0vt3C.js:77
[   51196ms] [ERROR] ErrorUtils caught an error:

Could not find element "u_tvssw0_p_10" [Caught in: Module "__elem_fc9f538f_tvssw0_2_AV"]

Subsequent non-fatal errors won't be logged; see https://fburl.com/debugjs. {column: 180, clientTime: 1773402202, extra: Object, guardList: Array(8), hash: otig3v} @ https://static.xx.fbcdn.net/rsrc.php/v4/yJ/r/cz-ZhK0vt3C.js:77
[   51196ms] [ERROR] ErrorUtils caught an error:

Could not find element "u_tvssw0_q_A4" [Caught in: Module "__elem_fc9f538f_tvssw0_3_d4"]

Subsequent non-fatal errors won't be logged; see https://fburl.com/debugjs. {column: 180, clientTime: 1773402202, extra: Object, guardList: Array(8), hash: otig3v} @ https://static.xx.fbcdn.net/rsrc.php/v4/yJ/r/cz-ZhK0vt3C.js:77
[   51197ms] [ERROR] ErrorUtils caught an error:

Could not find element "u_tvssw0_r_Tk" [Caught in: Module "__elem_fc9f538f_tvssw0_4_eY"]

Subsequent non-fatal errors won't be logged; see https://fburl.com/debugjs. {column: 180, clientTime: 1773402202, extra: Object, guardList: Array(8), hash: otig3v} @ https://static.xx.fbcdn.net/rsrc.php/v4/yJ/r/cz-ZhK0vt3C.js:77
[   51197ms] [ERROR] ErrorUtils caught an error:

Could not find element "u_tvssw0_s_sT" [Caught in: Module "__elem_fc9f538f_tvssw0_5_Wi"]

Subsequent non-fatal errors won't be logged; see https://fburl.com/debugjs. {column: 180, clientTime: 1773402202, extra: Object, guardList: Array(8), hash: otig3v} @ https://static.xx.fbcdn.net/rsrc.php/v4/yJ/r/cz-ZhK0vt3C.js:77
[   51198ms] [ERROR] ErrorUtils caught an error:

Could not find element "u_tvssw0_t_35" [Caught in: Module "__elem_fc9f538f_tvssw0_6_ZI"]

Subsequent non-fatal errors won't be logged; see https://fburl.com/debugjs. {column: 180, clientTime: 1773402202, extra: Object, guardList: Array(8), hash: otig3v} @ https://static.xx.fbcdn.net/rsrc.php/v4/yJ/r/cz-ZhK0vt3C.js:77
[   51198ms] [ERROR] ErrorUtils caught an error:

Could not find element "u_tvssw0_u_cu" [Caught in: Module "__elem_fc9f538f_tvssw0_7_9V"]

Subsequent non-fatal errors won't be logged; see https://fburl.com/debugjs. {column: 180, clientTime: 1773402202, extra: Object, guardList: Array(8), hash: otig3v} @ https://static.xx.fbcdn.net/rsrc.php/v4/yJ/r/cz-ZhK0vt3C.js:77
[   51199ms] [ERROR] ErrorUtils caught an error:

Could not find element "u_tvssw0_v_WT" [Caught in: Module "__elem_9f5fac15_tvssw0_0_PR"] [Caught in: Module "__inst_41781d56_tvssw0_0_84"]

Subsequent non-fatal errors won't be logged; see https://fburl.com/debugjs. {column: 180, clientTime: 1773402202, extra: Object, guardList: Array(8), hash: qr1n20} @ https://static.xx.fbcdn.net/rsrc.php/v4/yJ/r/cz-ZhK0vt3C.js:77
[   51199ms] [ERROR] ErrorUtils caught an error:

Could not find element "u_tvssw0_v_WT" [Caught in: Module "__elem_9f5fac15_tvssw0_0_PR"] [Caught in: Module "__inst_41781d56_tvssw0_0_84"] [Caught in: Requiring module "__elem_9f5fac15_tvssw0_0_PR" which threw an exception]

Subsequent non-fatal errors won't be logged; see https://fburl.com/debugjs. {column: 180, clientTime: 1773402202, extra: Object, guardList: Array(8), hash: qr1n20} @ https://static.xx.fbcdn.net/rsrc.php/v4/yJ/r/cz-ZhK0vt3C.js:77
[   51200ms] [ERROR] ErrorUtils caught an error:

Could not find element "u_tvssw0_w_P0" [Caught in: Module "__elem_fc9f538f_tvssw0_8_MQ"]

Subsequent non-fatal errors won't be logged; see https://fburl.com/debugjs. {column: 180, clientTime: 1773402202, extra: Object, guardList: Array(8), hash: otig3v} @ https://static.xx.fbcdn.net/rsrc.php/v4/yJ/r/cz-ZhK0vt3C.js:77
[   51200ms] [ERROR] ErrorUtils caught an error:

Could not find element "u_tvssw0_x_+3" [Caught in: Module "__elem_fc9f538f_tvssw0_9_3/"]

Subsequent non-fatal errors won't be logged; see https://fburl.com/debugjs. {column: 180, clientTime: 1773402202, extra: Object, guardList: Array(8), hash: otig3v} @ https://static.xx.fbcdn.net/rsrc.php/v4/yJ/r/cz-ZhK0vt3C.js:77
[   51200ms] [ERROR] ErrorUtils caught an error:

Could not find element "u_tvssw0_y_eN" [Caught in: Module "__elem_fc9f538f_tvssw0_a_XG"]

Subsequent non-fatal errors won't be logged; see https://fburl.com/debugjs. {column: 180, clientTime: 1773402202, extra: Object, guardList: Array(8), hash: otig3v} @ https://static.xx.fbcdn.net/rsrc.php/v4/yJ/r/cz-ZhK0vt3C.js:77
[   51201ms] [ERROR] ErrorUtils caught an error:

Could not find element "u_tvssw0_z_KW" [Caught in: Module "__elem_fc9f538f_tvssw0_b_Cp"]

Subsequent non-fatal errors won't be logged; see https://fburl.com/debugjs. {column: 180, clientTime: 1773402202, extra: Object, guardList: Array(8), hash: otig3v} @ https://static.xx.fbcdn.net/rsrc.php/v4/yJ/r/cz-ZhK0vt3C.js:77
[   51201ms] [ERROR] ErrorUtils caught an error:

Could not find element "u_tvssw0_10_ET" [Caught in: Module "__elem_fc9f538f_tvssw0_c_Qd"]

Subsequent non-fatal errors won't be logged; see https://fburl.com/debugjs. {column: 180, clientTime: 1773402202, extra: Object, guardList: Array(8), hash: otig3v} @ https://static.xx.fbcdn.net/rsrc.php/v4/yJ/r/cz-ZhK0vt3C.js:77
[   51202ms] [ERROR] ErrorUtils caught an error:

Could not find element "u_tvssw0_11_1S" [Caught in: Module "__elem_fc9f538f_tvssw0_d_Nn"]

Subsequent non-fatal errors won't be logged; see https://fburl.com/debugjs. {column: 180, clientTime: 1773402202, extra: Object, guardList: Array(8), hash: otig3v} @ https://static.xx.fbcdn.net/rsrc.php/v4/yJ/r/cz-ZhK0vt3C.js:77
[   51202ms] [ERROR] ErrorUtils caught an error:

Could not find element "u_tvssw0_12_Fx" [Caught in: Module "__elem_fc9f538f_tvssw0_e_hM"]

Subsequent non-fatal errors won't be logged; see https://fburl.com/debugjs. {column: 180, clientTime: 1773402202, extra: Object, guardList: Array(8), hash: otig3v} @ https://static.xx.fbcdn.net/rsrc.php/v4/yJ/r/cz-ZhK0vt3C.js:77
[   51203ms] [ERROR] ErrorUtils caught an error:

Could not find element "u_tvssw0_15_E1" [Caught in: Module "__elem_b8bc2371_tvssw0_0_2y"] [Caught in: Module "__inst_e1b01e78_tvssw0_0_7j"]

Subsequent non-fatal errors won't be logged; see https://fburl.com/debugjs. {column: 180, clientTime: 1773402202, extra: Object, guardList: Array(8), hash: z45d5x} @ https://static.xx.fbcdn.net/rsrc.php/v4/yJ/r/cz-ZhK0vt3C.js:77
[   51203ms] [ERROR] ErrorUtils caught an error:

Could not find element "u_tvssw0_17_uf" [Caught in: Module "__elem_9f5fac15_tvssw0_1_Ct"] [Caught in: Module "__inst_41781d56_tvssw0_1_Pr"]

Subsequent non-fatal errors won't be logged; see https://fburl.com/debugjs. {column: 180, clientTime: 1773402202, extra: Object, guardList: Array(8), hash: qr1n20} @ https://static.xx.fbcdn.net/rsrc.php/v4/yJ/r/cz-ZhK0vt3C.js:77
[   51203ms] [ERROR] ErrorUtils caught an error:

Could not find element "u_tvssw0_17_uf" [Caught in: Module "__elem_9f5fac15_tvssw0_1_Ct"] [Caught in: Module "__inst_41781d56_tvssw0_1_Pr"] [Caught in: Requiring module "__elem_9f5fac15_tvssw0_1_Ct" which threw an exception]

Subsequent non-fatal errors won't be logged; see https://fburl.com/debugjs. {column: 180, clientTime: 1773402202, extra: Object, guardList: Array(8), hash: qr1n20} @ https://static.xx.fbcdn.net/rsrc.php/v4/yJ/r/cz-ZhK0vt3C.js:77
[   51204ms] [ERROR] ErrorUtils caught an error:

Could not find element "u_tvssw0_18_Od" [Caught in: Module "__elem_9f5fac15_tvssw0_2_y8"] [Caught in: Module "__inst_41781d56_tvssw0_2_EW"]

Subsequent non-fatal errors won't be logged; see https://fburl.com/debugjs. {column: 180, clientTime: 1773402202, extra: Object, guardList: Array(8), hash: qr1n20} @ https://static.xx.fbcdn.net/rsrc.php/v4/yJ/r/cz-ZhK0vt3C.js:77
[   51204ms] [ERROR] ErrorUtils caught an error:

Could not find element "u_tvssw0_18_Od" [Caught in: Module "__elem_9f5fac15_tvssw0_2_y8"] [Caught in: Module "__inst_41781d56_tvssw0_2_EW"] [Caught in: Requiring module "__elem_9f5fac15_tvssw0_2_y8" which threw an exception]

Subsequent non-fatal errors won't be logged; see https://fburl.com/debugjs. {column: 180, clientTime: 1773402202, extra: Object, guardList: Array(8), hash: qr1n20} @ https://static.xx.fbcdn.net/rsrc.php/v4/yJ/r/cz-ZhK0vt3C.js:77
[   51205ms] [ERROR] ErrorUtils caught an error:

Could not find element "u_tvssw0_19_tF" [Caught in: Module "__elem_9f5fac15_tvssw0_3_7j"] [Caught in: Module "__inst_41781d56_tvssw0_3_KE"]

Subsequent non-fatal errors won't be logged; see https://fburl.com/debugjs. {column: 180, clientTime: 1773402202, extra: Object, guardList: Array(8), hash: qr1n20} @ https://static.xx.fbcdn.net/rsrc.php/v4/yJ/r/cz-ZhK0vt3C.js:77
[   51205ms] [ERROR] ErrorUtils caught an error:

Could not find element "u_tvssw0_19_tF" [Caught in: Module "__elem_9f5fac15_tvssw0_3_7j"] [Caught in: Module "__inst_41781d56_tvssw0_3_KE"] [Caught in: Requiring module "__elem_9f5fac15_tvssw0_3_7j" which threw an exception]

Subsequent non-fatal errors won't be logged; see https://fburl.com/debugjs. {column: 180, clientTime: 1773402202, extra: Object, guardList: Array(8), hash: qr1n20} @ https://static.xx.fbcdn.net/rsrc.php/v4/yJ/r/cz-ZhK0vt3C.js:77
[   51206ms] [ERROR] ErrorUtils caught an error:

Could not find element "u_tvssw0_1a_TB" [Caught in: Module "__elem_9f5fac15_tvssw0_4_Sx"] [Caught in: Module "__inst_41781d56_tvssw0_4_b0"]

Subsequent non-fatal errors won't be logged; see https://fburl.com/debugjs. {column: 180, clientTime: 1773402202, extra: Object, guardList: Array(8), hash: qr1n20} @ https://static.xx.fbcdn.net/rsrc.php/v4/yJ/r/cz-ZhK0vt3C.js:77
[   51206ms] [ERROR] ErrorUtils caught an error:

Could not find element "u_tvssw0_1a_TB" [Caught in: Module "__elem_9f5fac15_tvssw0_4_Sx"] [Caught in: Module "__inst_41781d56_tvssw0_4_b0"] [Caught in: Requiring module "__elem_9f5fac15_tvssw0_4_Sx" which threw an exception]

Subsequent non-fatal errors won't be logged; see https://fburl.com/debugjs. {column: 180, clientTime: 1773402202, extra: Object, guardList: Array(8), hash: qr1n20} @ https://static.xx.fbcdn.net/rsrc.php/v4/yJ/r/cz-ZhK0vt3C.js:77
[   51207ms] [ERROR] ErrorUtils caught an error:

Could not find element "u_tvssw0_g_Bb" [Caught in: Module "__elem_8937e029_tvssw0_0_RZ"] [Caught in: Module "__inst_ba8a864d_tvssw0_0_5B"]

Subsequent non-fatal errors won't be logged; see https://fburl.com/debugjs. {column: 180, clientTime: 1773402202, extra: Object, guardList: Array(8), hash: z45d5x} @ https://static.xx.fbcdn.net/rsrc.php/v4/yJ/r/cz-ZhK0vt3C.js:77
[   51207ms] [ERROR] ErrorUtils caught an error:

Could not find element "u_tvssw0_1b_Pn" [Caught in: Module "__elem_9f5fac15_tvssw0_5_0T"] [Caught in: Module "__inst_41781d56_tvssw0_5_34"]

Subsequent non-fatal errors won't be logged; see https://fburl.com/debugjs. {column: 180, clientTime: 1773402202, extra: Object, guardList: Array(8), hash: qr1n20} @ https://static.xx.fbcdn.net/rsrc.php/v4/yJ/r/cz-ZhK0vt3C.js:77
[   51207ms] [ERROR] ErrorUtils caught an error:

Could not find element "u_tvssw0_1b_Pn" [Caught in: Module "__elem_9f5fac15_tvssw0_5_0T"] [Caught in: Module "__inst_41781d56_tvssw0_5_34"] [Caught in: Requiring module "__elem_9f5fac15_tvssw0_5_0T" which threw an exception]

Subsequent non-fatal errors won't be logged; see https://fburl.com/debugjs. {column: 180, clientTime: 1773402202, extra: Object, guardList: Array(8), hash: qr1n20} @ https://static.xx.fbcdn.net/rsrc.php/v4/yJ/r/cz-ZhK0vt3C.js:77
[   51208ms] [ERROR] ErrorUtils caught an error:

Could not find element "u_tvssw0_k_0O" [Caught in: Module "__elem_8937e029_tvssw0_1_sq"] [Caught in: Module "__inst_ba8a864d_tvssw0_1_Nk"]

Subsequent non-fatal errors won't be logged; see https://fburl.com/debugjs. {column: 180, clientTime: 1773402202, extra: Object, guardList: Array(8), hash: z45d5x} @ https://static.xx.fbcdn.net/rsrc.php/v4/yJ/r/cz-ZhK0vt3C.js:77
[   51208ms] [ERROR] ErrorUtils caught an error:

Could not find element "u_tvssw0_1c_Yn" [Caught in: Module "__elem_fc9f538f_tvssw0_f_Am"]

Subsequent non-fatal errors won't be logged; see https://fburl.com/debugjs. {column: 180, clientTime: 1773402202, extra: Object, guardList: Array(8), hash: otig3v} @ https://static.xx.fbcdn.net/rsrc.php/v4/yJ/r/cz-ZhK0vt3C.js:77
[   51209ms] [ERROR] ErrorUtils caught an error:

Could not find element "u_tvssw0_1d_Ot" [Caught in: Module "__elem_fc9f538f_tvssw0_g_H4"]

Subsequent non-fatal errors won't be logged; see https://fburl.com/debugjs. {column: 180, clientTime: 1773402202, extra: Object, guardList: Array(8), hash: otig3v} @ https://static.xx.fbcdn.net/rsrc.php/v4/yJ/r/cz-ZhK0vt3C.js:77
[   51209ms] [ERROR] ErrorUtils caught an error:

Could not find element "u_tvssw0_1e_R6" [Caught in: Module "__elem_fc9f538f_tvssw0_h_Mt"]

Subsequent non-fatal errors won't be logged; see https://fburl.com/debugjs. {column: 180, clientTime: 1773402202, extra: Object, guardList: Array(8), hash: otig3v} @ https://static.xx.fbcdn.net/rsrc.php/v4/yJ/r/cz-ZhK0vt3C.js:77
[   51209ms] [ERROR] ErrorUtils caught an error:

Could not find element "u_tvssw0_1f_t8" [Caught in: Module "__elem_b8bc2371_tvssw0_1_og"] [Caught in: Module "__inst_e4bcf98c_tvssw0_0_qU"]

Subsequent non-fatal errors won't be logged; see https://fburl.com/debugjs. {column: 180, clientTime: 1773402202, extra: Object, guardList: Array(8), hash: z45d5x} @ https://static.xx.fbcdn.net/rsrc.php/v4/yJ/r/cz-ZhK0vt3C.js:77
[   51210ms] [ERROR] ErrorUtils caught an error:

Could not find element "u_tvssw0_1h_KR" [Caught in: Module "__elem_fc9f538f_tvssw0_i_vp"]

Subsequent non-fatal errors won't be logged; see https://fburl.com/debugjs. {column: 180, clientTime: 1773402202, extra: Object, guardList: Array(8), hash: otig3v} @ https://static.xx.fbcdn.net/rsrc.php/v4/yJ/r/cz-ZhK0vt3C.js:77
[   51210ms] [ERROR] ErrorUtils caught an error:

Could not find element "u_tvssw0_1i_3H" [Caught in: Module "__elem_fc9f538f_tvssw0_j_aQ"]

Subsequent non-fatal errors won't be logged; see https://fburl.com/debugjs. {column: 180, clientTime: 1773402202, extra: Object, guardList: Array(8), hash: otig3v} @ https://static.xx.fbcdn.net/rsrc.php/v4/yJ/r/cz-ZhK0vt3C.js:77
[   51210ms] [ERROR] ErrorUtils caught an error:

Could not find element "u_tvssw0_13_M4" [Caught in: Module "__elem_fc9f538f_tvssw0_k_PF"]

Subsequent non-fatal errors won't be logged; see https://fburl.com/debugjs. {column: 180, clientTime: 1773402202, extra: Object, guardList: Array(8), hash: otig3v} @ https://static.xx.fbcdn.net/rsrc.php/v4/yJ/r/cz-ZhK0vt3C.js:77
[   51211ms] [ERROR] ErrorUtils caught an error:

Could not find element "u_tvssw0_14_0i" [Caught in: Module "__elem_fc9f538f_tvssw0_l_St"]

Subsequent non-fatal errors won't be logged; see https://fburl.com/debugjs. {column: 180, clientTime: 1773402202, extra: Object, guardList: Array(8), hash: otig3v} @ https://static.xx.fbcdn.net/rsrc.php/v4/yJ/r/cz-ZhK0vt3C.js:77
[   51214ms] [ERROR] ErrorUtils caught an error:

Could not find element "u_tvssw0_v_WT" [Caught in: Module "__elem_9f5fac15_tvssw0_0_PR"] [Caught in: Module "__inst_41781d56_tvssw0_0_84"] [Caught in: Requiring module "__elem_9f5fac15_tvssw0_0_PR" which threw an exception] [Caught in: Requiring module "__inst_41781d56_tvssw0_0_84" which threw an exception]

Subsequent non-fatal errors won't be logged; see https://fburl.com/debugjs. {column: 180, clientTime: 1773402202, extra: Object, guardList: Array(8), hash: qr1n20} @ https://static.xx.fbcdn.net/rsrc.php/v4/yJ/r/cz-ZhK0vt3C.js:77
[  273619ms] [ERROR] WebSocket connection to 'wss://gateway.facebook.com/ws/realtime?x-dgw-appid=256281040558&x-dgw-appversion=0&x-dgw-authtype=1:0&x-dgw-version=5&x-dgw-uuid=100000164152798&x-dgw-tier=prod&x-dgw-deviceid=9fa729c6-5fd5-4730-83d1-2a51468cdaaf&x-dgw-app-stream-group=group1' failed: Error in connection establishment: net::ERR_NAME_NOT_RESOLVED @ https://static.xx.fbcdn.net/rsrc.php/v4isZn4/yx/l/en_US-j/VWqaaY2b7Py.js:230
[  338595ms] [WARNING] Form submission canceled because the form is not connected @ https://static.xx.fbcdn.net/rsrc.php/v4/yf/r/SCdBejQSwTm.js:2
[  388720ms] [ERROR] ErrorUtils caught an error:

Tried to get element with id of "devappSaveBanner" but it is not present on the page

Subsequent non-fatal errors won't be logged; see https://fburl.com/debugjs. {column: 149, clientTime: 1773402540, extra: Object, guardList: Array(4), hash: rf4vqj} @ https://static.xx.fbcdn.net/rsrc.php/v4/yJ/r/cz-ZhK0vt3C.js:77
[  389226ms] [ERROR] Broken trigger flowlet chain! @ https://static.xx.fbcdn.net/rsrc.php/v4/yJ/r/cz-ZhK0vt3C.js:271
[  392121ms] [ERROR] ErrorUtils caught an error:

Could not find element "u_u33vri_1l_KI" [Caught in: Module "__elem_45d73b5d_u33vri_0_L1"]

Subsequent non-fatal errors won't be logged; see https://fburl.com/debugjs. {column: 180, clientTime: 1773402543, extra: Object, guardList: Array(8), hash: q0tary} @ https://static.xx.fbcdn.net/rsrc.php/v4/yJ/r/cz-ZhK0vt3C.js:77
[  392122ms] [ERROR] ErrorUtils caught an error:

Could not find element "u_u33vri_n_it" [Caught in: Module "__elem_835c633a_u33vri_0_iy"]

Subsequent non-fatal errors won't be logged; see https://fburl.com/debugjs. {column: 180, clientTime: 1773402543, extra: Object, guardList: Array(8), hash: q0tary} @ https://static.xx.fbcdn.net/rsrc.php/v4/yJ/r/cz-ZhK0vt3C.js:77
[  392123ms] [ERROR] ErrorUtils caught an error:

Could not find element "u_u33vri_o_6c" [Caught in: Module "__elem_fc9f538f_u33vri_0_6h"]

Subsequent non-fatal errors won't be logged; see https://fburl.com/debugjs. {column: 180, clientTime: 1773402543, extra: Object, guardList: Array(8), hash: otig3v} @ https://static.xx.fbcdn.net/rsrc.php/v4/yJ/r/cz-ZhK0vt3C.js:77
[  392124ms] [ERROR] ErrorUtils caught an error:

Could not find element "u_u33vri_p_WP" [Caught in: Module "__elem_fc9f538f_u33vri_1_Gy"]

Subsequent non-fatal errors won't be logged; see https://fburl.com/debugjs. {column: 180, clientTime: 1773402543, extra: Object, guardList: Array(8), hash: otig3v} @ https://static.xx.fbcdn.net/rsrc.php/v4/yJ/r/cz-ZhK0vt3C.js:77
[  392124ms] [ERROR] ErrorUtils caught an error:

Could not find element "u_u33vri_q_Qv" [Caught in: Module "__elem_fc9f538f_u33vri_2_TT"]

Subsequent non-fatal errors won't be logged; see https://fburl.com/debugjs. {column: 180, clientTime: 1773402543, extra: Object, guardList: Array(8), hash: otig3v} @ https://static.xx.fbcdn.net/rsrc.php/v4/yJ/r/cz-ZhK0vt3C.js:77
[  392125ms] [ERROR] ErrorUtils caught an error:

Could not find element "u_u33vri_r_tB" [Caught in: Module "__elem_fc9f538f_u33vri_3_tu"]

Subsequent non-fatal errors won't be logged; see https://fburl.com/debugjs. {column: 180, clientTime: 1773402543, extra: Object, guardList: Array(8), hash: otig3v} @ https://static.xx.fbcdn.net/rsrc.php/v4/yJ/r/cz-ZhK0vt3C.js:77
[  392125ms] [ERROR] ErrorUtils caught an error:

Could not find element "u_u33vri_s_RE" [Caught in: Module "__elem_fc9f538f_u33vri_4_Ih"]

Subsequent non-fatal errors won't be logged; see https://fburl.com/debugjs. {column: 180, clientTime: 1773402543, extra: Object, guardList: Array(8), hash: otig3v} @ https://static.xx.fbcdn.net/rsrc.php/v4/yJ/r/cz-ZhK0vt3C.js:77
[  392126ms] [ERROR] ErrorUtils caught an error:

Could not find element "u_u33vri_t_9x" [Caught in: Module "__elem_fc9f538f_u33vri_5_iD"]

Subsequent non-fatal errors won't be logged; see https://fburl.com/debugjs. {column: 180, clientTime: 1773402543, extra: Object, guardList: Array(8), hash: otig3v} @ https://static.xx.fbcdn.net/rsrc.php/v4/yJ/r/cz-ZhK0vt3C.js:77
[  392126ms] [ERROR] ErrorUtils caught an error:

Could not find element "u_u33vri_u_0Y" [Caught in: Module "__elem_fc9f538f_u33vri_6_bI"]

Subsequent non-fatal errors won't be logged; see https://fburl.com/debugjs. {column: 180, clientTime: 1773402543, extra: Object, guardList: Array(8), hash: otig3v} @ https://static.xx.fbcdn.net/rsrc.php/v4/yJ/r/cz-ZhK0vt3C.js:77
[  392127ms] [ERROR] ErrorUtils caught an error:

Could not find element "u_u33vri_v_yC" [Caught in: Module "__elem_fc9f538f_u33vri_7_FC"]

Subsequent non-fatal errors won't be logged; see https://fburl.com/debugjs. {column: 180, clientTime: 1773402543, extra: Object, guardList: Array(8), hash: otig3v} @ https://static.xx.fbcdn.net/rsrc.php/v4/yJ/r/cz-ZhK0vt3C.js:77
[  392127ms] [ERROR] ErrorUtils caught an error:

Could not find element "u_u33vri_w_X+" [Caught in: Module "__elem_9f5fac15_u33vri_0_c/"] [Caught in: Module "__inst_41781d56_u33vri_0_Ze"]

Subsequent non-fatal errors won't be logged; see https://fburl.com/debugjs. {column: 180, clientTime: 1773402543, extra: Object, guardList: Array(8), hash: qr1n20} @ https://static.xx.fbcdn.net/rsrc.php/v4/yJ/r/cz-ZhK0vt3C.js:77
[  392128ms] [ERROR] ErrorUtils caught an error:

Could not find element "u_u33vri_w_X+" [Caught in: Module "__elem_9f5fac15_u33vri_0_c/"] [Caught in: Module "__inst_41781d56_u33vri_0_Ze"] [Caught in: Requiring module "__elem_9f5fac15_u33vri_0_c/" which threw an exception]

Subsequent non-fatal errors won't be logged; see https://fburl.com/debugjs. {column: 180, clientTime: 1773402543, extra: Object, guardList: Array(8), hash: qr1n20} @ https://static.xx.fbcdn.net/rsrc.php/v4/yJ/r/cz-ZhK0vt3C.js:77
[  392128ms] [ERROR] ErrorUtils caught an error:

Could not find element "u_u33vri_x_rt" [Caught in: Module "__elem_fc9f538f_u33vri_8_Gr"]

Subsequent non-fatal errors won't be logged; see https://fburl.com/debugjs. {column: 180, clientTime: 1773402543, extra: Object, guardList: Array(8), hash: otig3v} @ https://static.xx.fbcdn.net/rsrc.php/v4/yJ/r/cz-ZhK0vt3C.js:77
[  392128ms] [ERROR] ErrorUtils caught an error:

Could not find element "u_u33vri_y_yC" [Caught in: Module "__elem_a588f507_u33vri_0_Xq"] [Caught in: Module "__inst_16a9b92d_u33vri_0_fW"]

Subsequent non-fatal errors won't be logged; see https://fburl.com/debugjs. {column: 180, clientTime: 1773402543, extra: Object, guardList: Array(8), hash: z45d5x} @ https://static.xx.fbcdn.net/rsrc.php/v4/yJ/r/cz-ZhK0vt3C.js:77
[  392129ms] [ERROR] ErrorUtils caught an error:

Could not find element "u_u33vri_z_wi" [Caught in: Module "__elem_fc9f538f_u33vri_9_6h"]

Subsequent non-fatal errors won't be logged; see https://fburl.com/debugjs. {column: 180, clientTime: 1773402543, extra: Object, guardList: Array(8), hash: otig3v} @ https://static.xx.fbcdn.net/rsrc.php/v4/yJ/r/cz-ZhK0vt3C.js:77
[  392130ms] [ERROR] ErrorUtils caught an error:

Could not find element "u_u33vri_10_kA" [Caught in: Module "__elem_fc9f538f_u33vri_a_SQ"]

Subsequent non-fatal errors won't be logged; see https://fburl.com/debugjs. {column: 180, clientTime: 1773402543, extra: Object, guardList: Array(8), hash: otig3v} @ https://static.xx.fbcdn.net/rsrc.php/v4/yJ/r/cz-ZhK0vt3C.js:77
[  392130ms] [ERROR] ErrorUtils caught an error:

Could not find element "u_u33vri_11_cn" [Caught in: Module "__elem_fc9f538f_u33vri_b_jO"]

Subsequent non-fatal errors won't be logged; see https://fburl.com/debugjs. {column: 180, clientTime: 1773402543, extra: Object, guardList: Array(8), hash: otig3v} @ https://static.xx.fbcdn.net/rsrc.php/v4/yJ/r/cz-ZhK0vt3C.js:77
[  392130ms] [ERROR] ErrorUtils caught an error:

Could not find element "u_u33vri_12_0W" [Caught in: Module "__elem_fc9f538f_u33vri_c_PW"]

Subsequent non-fatal errors won't be logged; see https://fburl.com/debugjs. {column: 180, clientTime: 1773402543, extra: Object, guardList: Array(8), hash: otig3v} @ https://static.xx.fbcdn.net/rsrc.php/v4/yJ/r/cz-ZhK0vt3C.js:77
[  392131ms] [ERROR] ErrorUtils caught an error:

Could not find element "u_u33vri_13_Bi" [Caught in: Module "__elem_fc9f538f_u33vri_d_CE"]

Subsequent non-fatal errors won't be logged; see https://fburl.com/debugjs. {column: 180, clientTime: 1773402543, extra: Object, guardList: Array(8), hash: otig3v} @ https://static.xx.fbcdn.net/rsrc.php/v4/yJ/r/cz-ZhK0vt3C.js:77
[  392131ms] [ERROR] ErrorUtils caught an error:

Could not find element "u_u33vri_14_g3" [Caught in: Module "__elem_fc9f538f_u33vri_e_02"]

Subsequent non-fatal errors won't be logged; see https://fburl.com/debugjs. {column: 180, clientTime: 1773402543, extra: Object, guardList: Array(8), hash: otig3v} @ https://static.xx.fbcdn.net/rsrc.php/v4/yJ/r/cz-ZhK0vt3C.js:77
[  392131ms] [ERROR] ErrorUtils caught an error:

Could not find element "u_u33vri_17_5V" [Caught in: Module "__elem_b8bc2371_u33vri_0_pm"] [Caught in: Module "__inst_e1b01e78_u33vri_0_ya"]

Subsequent non-fatal errors won't be logged; see https://fburl.com/debugjs. {column: 180, clientTime: 1773402543, extra: Object, guardList: Array(8), hash: z45d5x} @ https://static.xx.fbcdn.net/rsrc.php/v4/yJ/r/cz-ZhK0vt3C.js:77
[  392132ms] [ERROR] ErrorUtils caught an error:

Could not find element "u_u33vri_19_vB" [Caught in: Module "__elem_9f5fac15_u33vri_1_4Z"] [Caught in: Module "__inst_41781d56_u33vri_1_SP"]

Subsequent non-fatal errors won't be logged; see https://fburl.com/debugjs. {column: 180, clientTime: 1773402543, extra: Object, guardList: Array(8), hash: qr1n20} @ https://static.xx.fbcdn.net/rsrc.php/v4/yJ/r/cz-ZhK0vt3C.js:77
[  392132ms] [ERROR] ErrorUtils caught an error:

Could not find element "u_u33vri_19_vB" [Caught in: Module "__elem_9f5fac15_u33vri_1_4Z"] [Caught in: Module "__inst_41781d56_u33vri_1_SP"] [Caught in: Requiring module "__elem_9f5fac15_u33vri_1_4Z" which threw an exception]

Subsequent non-fatal errors won't be logged; see https://fburl.com/debugjs. {column: 180, clientTime: 1773402543, extra: Object, guardList: Array(8), hash: qr1n20} @ https://static.xx.fbcdn.net/rsrc.php/v4/yJ/r/cz-ZhK0vt3C.js:77
[  392133ms] [ERROR] ErrorUtils caught an error:

Could not find element "u_u33vri_1a_Hk" [Caught in: Module "__elem_9f5fac15_u33vri_2_78"] [Caught in: Module "__inst_41781d56_u33vri_2_5J"]

Subsequent non-fatal errors won't be logged; see https://fburl.com/debugjs. {column: 180, clientTime: 1773402543, extra: Object, guardList: Array(8), hash: qr1n20} @ https://static.xx.fbcdn.net/rsrc.php/v4/yJ/r/cz-ZhK0vt3C.js:77
[  392133ms] [ERROR] ErrorUtils caught an error:

Could not find element "u_u33vri_1a_Hk" [Caught in: Module "__elem_9f5fac15_u33vri_2_78"] [Caught in: Module "__inst_41781d56_u33vri_2_5J"] [Caught in: Requiring module "__elem_9f5fac15_u33vri_2_78" which threw an exception]

Subsequent non-fatal errors won't be logged; see https://fburl.com/debugjs. {column: 180, clientTime: 1773402543, extra: Object, guardList: Array(8), hash: qr1n20} @ https://static.xx.fbcdn.net/rsrc.php/v4/yJ/r/cz-ZhK0vt3C.js:77
[  392134ms] [ERROR] ErrorUtils caught an error:

Could not find element "u_u33vri_1b_Qy" [Caught in: Module "__elem_9f5fac15_u33vri_3_6W"] [Caught in: Module "__inst_41781d56_u33vri_3_BI"]

Subsequent non-fatal errors won't be logged; see https://fburl.com/debugjs. {column: 180, clientTime: 1773402543, extra: Object, guardList: Array(8), hash: qr1n20} @ https://static.xx.fbcdn.net/rsrc.php/v4/yJ/r/cz-ZhK0vt3C.js:77
[  392134ms] [ERROR] ErrorUtils caught an error:

Could not find element "u_u33vri_1b_Qy" [Caught in: Module "__elem_9f5fac15_u33vri_3_6W"] [Caught in: Module "__inst_41781d56_u33vri_3_BI"] [Caught in: Requiring module "__elem_9f5fac15_u33vri_3_6W" which threw an exception]

Subsequent non-fatal errors won't be logged; see https://fburl.com/debugjs. {column: 180, clientTime: 1773402543, extra: Object, guardList: Array(8), hash: qr1n20} @ https://static.xx.fbcdn.net/rsrc.php/v4/yJ/r/cz-ZhK0vt3C.js:77
[  392135ms] [ERROR] ErrorUtils caught an error:

Could not find element "u_u33vri_1c_g/" [Caught in: Module "__elem_9f5fac15_u33vri_4_F/"] [Caught in: Module "__inst_41781d56_u33vri_4_nR"]

Subsequent non-fatal errors won't be logged; see https://fburl.com/debugjs. {column: 180, clientTime: 1773402543, extra: Object, guardList: Array(8), hash: qr1n20} @ https://static.xx.fbcdn.net/rsrc.php/v4/yJ/r/cz-ZhK0vt3C.js:77
[  392135ms] [ERROR] ErrorUtils caught an error:

Could not find element "u_u33vri_1c_g/" [Caught in: Module "__elem_9f5fac15_u33vri_4_F/"] [Caught in: Module "__inst_41781d56_u33vri_4_nR"] [Caught in: Requiring module "__elem_9f5fac15_u33vri_4_F/" which threw an exception]

Subsequent non-fatal errors won't be logged; see https://fburl.com/debugjs. {column: 180, clientTime: 1773402543, extra: Object, guardList: Array(8), hash: qr1n20} @ https://static.xx.fbcdn.net/rsrc.php/v4/yJ/r/cz-ZhK0vt3C.js:77
[  392135ms] [ERROR] ErrorUtils caught an error:

Could not find element "u_u33vri_h_fZ" [Caught in: Module "__elem_8937e029_u33vri_0_Zo"] [Caught in: Module "__inst_ba8a864d_u33vri_0_LW"]

Subsequent non-fatal errors won't be logged; see https://fburl.com/debugjs. {column: 180, clientTime: 1773402543, extra: Object, guardList: Array(8), hash: z45d5x} @ https://static.xx.fbcdn.net/rsrc.php/v4/yJ/r/cz-ZhK0vt3C.js:77
[  392136ms] [ERROR] ErrorUtils caught an error:

Could not find element "u_u33vri_1d_4S" [Caught in: Module "__elem_9f5fac15_u33vri_5_P8"] [Caught in: Module "__inst_41781d56_u33vri_5_2W"]

Subsequent non-fatal errors won't be logged; see https://fburl.com/debugjs. {column: 180, clientTime: 1773402543, extra: Object, guardList: Array(8), hash: qr1n20} @ https://static.xx.fbcdn.net/rsrc.php/v4/yJ/r/cz-ZhK0vt3C.js:77
[  392136ms] [ERROR] ErrorUtils caught an error:

Could not find element "u_u33vri_1d_4S" [Caught in: Module "__elem_9f5fac15_u33vri_5_P8"] [Caught in: Module "__inst_41781d56_u33vri_5_2W"] [Caught in: Requiring module "__elem_9f5fac15_u33vri_5_P8" which threw an exception]

Subsequent non-fatal errors won't be logged; see https://fburl.com/debugjs. {column: 180, clientTime: 1773402543, extra: Object, guardList: Array(8), hash: qr1n20} @ https://static.xx.fbcdn.net/rsrc.php/v4/yJ/r/cz-ZhK0vt3C.js:77
[  392137ms] [ERROR] ErrorUtils caught an error:

Could not find element "u_u33vri_l_E3" [Caught in: Module "__elem_8937e029_u33vri_1_x/"] [Caught in: Module "__inst_ba8a864d_u33vri_1_tj"]

Subsequent non-fatal errors won't be logged; see https://fburl.com/debugjs. {column: 180, clientTime: 1773402543, extra: Object, guardList: Array(8), hash: z45d5x} @ https://static.xx.fbcdn.net/rsrc.php/v4/yJ/r/cz-ZhK0vt3C.js:77
[  392137ms] [ERROR] ErrorUtils caught an error:

Could not find element "u_u33vri_1e_BL" [Caught in: Module "__elem_fc9f538f_u33vri_f_sN"]

Subsequent non-fatal errors won't be logged; see https://fburl.com/debugjs. {column: 180, clientTime: 1773402543, extra: Object, guardList: Array(8), hash: otig3v} @ https://static.xx.fbcdn.net/rsrc.php/v4/yJ/r/cz-ZhK0vt3C.js:77
[  392137ms] [ERROR] ErrorUtils caught an error:

Could not find element "u_u33vri_1f_7G" [Caught in: Module "__elem_fc9f538f_u33vri_g_n4"]

Subsequent non-fatal errors won't be logged; see https://fburl.com/debugjs. {column: 180, clientTime: 1773402543, extra: Object, guardList: Array(8), hash: otig3v} @ https://static.xx.fbcdn.net/rsrc.php/v4/yJ/r/cz-ZhK0vt3C.js:77
[  392138ms] [ERROR] ErrorUtils caught an error:

Could not find element "u_u33vri_1g_Ou" [Caught in: Module "__elem_fc9f538f_u33vri_h_yJ"]

Subsequent non-fatal errors won't be logged; see https://fburl.com/debugjs. {column: 180, clientTime: 1773402543, extra: Object, guardList: Array(8), hash: otig3v} @ https://static.xx.fbcdn.net/rsrc.php/v4/yJ/r/cz-ZhK0vt3C.js:77
[  392138ms] [ERROR] ErrorUtils caught an error:

Could not find element "u_u33vri_1h_gS" [Caught in: Module "__elem_b8bc2371_u33vri_1_ic"] [Caught in: Module "__inst_e4bcf98c_u33vri_0_DT"]

Subsequent non-fatal errors won't be logged; see https://fburl.com/debugjs. {column: 180, clientTime: 1773402543, extra: Object, guardList: Array(8), hash: z45d5x} @ https://static.xx.fbcdn.net/rsrc.php/v4/yJ/r/cz-ZhK0vt3C.js:77
[  392139ms] [ERROR] ErrorUtils caught an error:

Could not find element "u_u33vri_1j_lY" [Caught in: Module "__elem_fc9f538f_u33vri_i_ej"]

Subsequent non-fatal errors won't be logged; see https://fburl.com/debugjs. {column: 180, clientTime: 1773402543, extra: Object, guardList: Array(8), hash: otig3v} @ https://static.xx.fbcdn.net/rsrc.php/v4/yJ/r/cz-ZhK0vt3C.js:77
[  392140ms] [ERROR] ErrorUtils caught an error:

Could not find element "u_u33vri_1k_R+" [Caught in: Module "__elem_fc9f538f_u33vri_j_8F"]

Subsequent non-fatal errors won't be logged; see https://fburl.com/debugjs. {column: 180, clientTime: 1773402543, extra: Object, guardList: Array(8), hash: otig3v} @ https://static.xx.fbcdn.net/rsrc.php/v4/yJ/r/cz-ZhK0vt3C.js:77
[  392140ms] [ERROR] ErrorUtils caught an error:

Could not find element "u_u33vri_15_sx" [Caught in: Module "__elem_fc9f538f_u33vri_k_AJ"]

Subsequent non-fatal errors won't be logged; see https://fburl.com/debugjs. {column: 180, clientTime: 1773402543, extra: Object, guardList: Array(8), hash: otig3v} @ https://static.xx.fbcdn.net/rsrc.php/v4/yJ/r/cz-ZhK0vt3C.js:77
[  392141ms] [ERROR] ErrorUtils caught an error:

Could not find element "u_u33vri_16_py" [Caught in: Module "__elem_fc9f538f_u33vri_l_PT"]

Subsequent non-fatal errors won't be logged; see https://fburl.com/debugjs. {column: 180, clientTime: 1773402543, extra: Object, guardList: Array(8), hash: otig3v} @ https://static.xx.fbcdn.net/rsrc.php/v4/yJ/r/cz-ZhK0vt3C.js:77
[  392142ms] [ERROR] ErrorUtils caught an error:

Could not find element "u_u33vri_w_X+" [Caught in: Module "__elem_9f5fac15_u33vri_0_c/"] [Caught in: Module "__inst_41781d56_u33vri_0_Ze"] [Caught in: Requiring module "__elem_9f5fac15_u33vri_0_c/" which threw an exception] [Caught in: Requiring module "__inst_41781d56_u33vri_0_Ze" which threw an exception]

Subsequent non-fatal errors won't be logged; see https://fburl.com/debugjs. {column: 180, clientTime: 1773402543, extra: Object, guardList: Array(8), hash: qr1n20} @ https://static.xx.fbcdn.net/rsrc.php/v4/yJ/r/cz-ZhK0vt3C.js:77
